Component: ARM Compiler 5.06 update 5 (build 528) Tool: armlink [4d35e2]

==============================================================================

Section Cross References

    main.o(i.main) refers to misc.o(i.NVIC_PriorityGroupConfig) for NVIC_PriorityGroupConfig
    main.o(i.main) refers to usart.o(i.uart1_init) for uart1_init
    main.o(i.main) refers to usart2.o(i.USART2_Init) for USART2_Init
    main.o(i.main) refers to delay.o(i.delay_init) for delay_init
    main.o(i.main) refers to sys.o(i.NVIC_Config) for NVIC_Config
    main.o(i.main) refers to button.o(i.Button_Init) for Button_Init
    main.o(i.main) refers to oled.o(i.OLED_Init) for OLED_Init
    main.o(i.main) refers to oled.o(i.OLED_Clear) for OLED_Clear
    main.o(i.main) refers to mpu6050.o(i.MPU_Init) for MPU_Init
    main.o(i.main) refers to inv_mpu.o(i.mpu_dmp_init) for mpu_dmp_init
    main.o(i.main) refers to encoder.o(i.Encoder_TIM2_Init) for Encoder_TIM2_Init
    main.o(i.main) refers to encoder.o(i.Encoder_TIM4_Init) for Encoder_TIM4_Init
    main.o(i.main) refers to motor.o(i.Motor_Init) for Motor_Init
    main.o(i.main) refers to pwm.o(i.PWM_Init_TIM1) for PWM_Init_TIM1
    main.o(i.main) refers to exti.o(i.MPU6050_EXTI_Init) for MPU6050_EXTI_Init
    main.o(i.main) refers to printf8.o(i.__0printf$8) for __2printf
    main.o(i.main) refers to f2d.o(.text) for __aeabi_f2d
    main.o(i.main) refers to oled.o(i.OLED_Float) for OLED_Float
    main.o(i.main) refers to main.o(.data) for Pitch
    mpu6050.o(i.MPU_Get_Accelerometer) refers to mpu6050.o(i.MPU_Read_Len) for MPU_Read_Len
    mpu6050.o(i.MPU_Get_Gyroscope) refers to mpu6050.o(i.MPU_Read_Len) for MPU_Read_Len
    mpu6050.o(i.MPU_Get_Temperature) refers to mpu6050.o(i.MPU_Read_Len) for MPU_Read_Len
    mpu6050.o(i.MPU_Get_Temperature) refers to dflti.o(.text) for __aeabi_i2d
    mpu6050.o(i.MPU_Get_Temperature) refers to ddiv.o(.text) for __aeabi_ddiv
    mpu6050.o(i.MPU_Get_Temperature) refers to dadd.o(.text) for __aeabi_dadd
    mpu6050.o(i.MPU_Get_Temperature) refers to d2f.o(.text) for __aeabi_d2f
    mpu6050.o(i.MPU_Get_Temperature) refers to fmul.o(.text) for __aeabi_fmul
    mpu6050.o(i.MPU_Get_Temperature) refers to ffixi.o(.text) for __aeabi_f2iz
    mpu6050.o(i.MPU_Init) refers to mpuiic.o(i.MPU_IIC_Init) for MPU_IIC_Init
    mpu6050.o(i.MPU_Init) refers to mpu6050.o(i.MPU_Write_Byte) for MPU_Write_Byte
    mpu6050.o(i.MPU_Init) refers to delay.o(i.delay_ms) for delay_ms
    mpu6050.o(i.MPU_Init) refers to mpu6050.o(i.MPU_Set_Gyro_Fsr) for MPU_Set_Gyro_Fsr
    mpu6050.o(i.MPU_Init) refers to mpu6050.o(i.MPU_Set_Accel_Fsr) for MPU_Set_Accel_Fsr
    mpu6050.o(i.MPU_Init) refers to mpu6050.o(i.MPU_Set_Rate) for MPU_Set_Rate
    mpu6050.o(i.MPU_Init) refers to mpu6050.o(i.MPU_Read_Byte) for MPU_Read_Byte
    mpu6050.o(i.MPU_Read_Byte) refers to mpuiic.o(i.MPU_IIC_Start) for MPU_IIC_Start
    mpu6050.o(i.MPU_Read_Byte) refers to mpuiic.o(i.MPU_IIC_Send_Byte) for MPU_IIC_Send_Byte
    mpu6050.o(i.MPU_Read_Byte) refers to mpuiic.o(i.MPU_IIC_Wait_Ack) for MPU_IIC_Wait_Ack
    mpu6050.o(i.MPU_Read_Byte) refers to mpuiic.o(i.MPU_IIC_Read_Byte) for MPU_IIC_Read_Byte
    mpu6050.o(i.MPU_Read_Byte) refers to mpuiic.o(i.MPU_IIC_Stop) for MPU_IIC_Stop
    mpu6050.o(i.MPU_Read_Len) refers to mpuiic.o(i.MPU_IIC_Start) for MPU_IIC_Start
    mpu6050.o(i.MPU_Read_Len) refers to mpuiic.o(i.MPU_IIC_Send_Byte) for MPU_IIC_Send_Byte
    mpu6050.o(i.MPU_Read_Len) refers to mpuiic.o(i.MPU_IIC_Wait_Ack) for MPU_IIC_Wait_Ack
    mpu6050.o(i.MPU_Read_Len) refers to mpuiic.o(i.MPU_IIC_Stop) for MPU_IIC_Stop
    mpu6050.o(i.MPU_Read_Len) refers to mpuiic.o(i.MPU_IIC_Read_Byte) for MPU_IIC_Read_Byte
    mpu6050.o(i.MPU_Set_Accel_Fsr) refers to mpu6050.o(i.MPU_Write_Byte) for MPU_Write_Byte
    mpu6050.o(i.MPU_Set_Gyro_Fsr) refers to mpu6050.o(i.MPU_Write_Byte) for MPU_Write_Byte
    mpu6050.o(i.MPU_Set_LPF) refers to mpu6050.o(i.MPU_Write_Byte) for MPU_Write_Byte
    mpu6050.o(i.MPU_Set_Rate) refers to mpu6050.o(i.MPU_Write_Byte) for MPU_Write_Byte
    mpu6050.o(i.MPU_Set_Rate) refers to mpu6050.o(i.MPU_Set_LPF) for MPU_Set_LPF
    mpu6050.o(i.MPU_Write_Byte) refers to mpuiic.o(i.MPU_IIC_Start) for MPU_IIC_Start
    mpu6050.o(i.MPU_Write_Byte) refers to mpuiic.o(i.MPU_IIC_Send_Byte) for MPU_IIC_Send_Byte
    mpu6050.o(i.MPU_Write_Byte) refers to mpuiic.o(i.MPU_IIC_Wait_Ack) for MPU_IIC_Wait_Ack
    mpu6050.o(i.MPU_Write_Byte) refers to mpuiic.o(i.MPU_IIC_Stop) for MPU_IIC_Stop
    mpu6050.o(i.MPU_Write_Len) refers to mpuiic.o(i.MPU_IIC_Start) for MPU_IIC_Start
    mpu6050.o(i.MPU_Write_Len) refers to mpuiic.o(i.MPU_IIC_Send_Byte) for MPU_IIC_Send_Byte
    mpu6050.o(i.MPU_Write_Len) refers to mpuiic.o(i.MPU_IIC_Wait_Ack) for MPU_IIC_Wait_Ack
    mpu6050.o(i.MPU_Write_Len) refers to mpuiic.o(i.MPU_IIC_Stop) for MPU_IIC_Stop
    mpuiic.o(i.MPU_IIC_Ack) refers to mpuiic.o(i.MPU_IIC_Delay) for MPU_IIC_Delay
    mpuiic.o(i.MPU_IIC_Delay) refers to delay.o(i.delay_us) for delay_us
[...]
    i.RCC_GetClocksFreq                      0x08001d68   Section        0  stm32f10x_rcc.o(i.RCC_GetClocksFreq)
    i.Read_Spead                             0x08001e3c   Section        0  encoder.o(i.Read_Spead)
    i.SETPWM                                 0x08001e80   Section        0  motor.o(i.SETPWM)
    i.SVC_Handler                            0x08001efc   Section        0  stm32f10x_it.o(i.SVC_Handler)
    i.SetSysClock                            0x08001efe   Section        0  system_stm32f10x.o(i.SetSysClock)
    SetSysClock                              0x08001eff   Thumb Code     8  system_stm32f10x.o(i.SetSysClock)
    i.SetSysClockTo72                        0x08001f08   Section        0  system_stm32f10x.o(i.SetSysClockTo72)
    SetSysClockTo72                          0x08001f09   Thumb Code   214  system_stm32f10x.o(i.SetSysClockTo72)
    i.SysTick_CLKSourceConfig                0x08001fe8   Section        0  misc.o(i.SysTick_CLKSourceConfig)
    i.SysTick_Handler                        0x08002010   Section        0  stm32f10x_it.o(i.SysTick_Handler)
    i.SystemInit                             0x08002014   Section        0  system_stm32f10x.o(i.SystemInit)
    i.TI1_Config                             0x08002074   Section        0  stm32f10x_tim.o(i.TI1_Config)
    TI1_Config                               0x08002075   Thumb Code   108  stm32f10x_tim.o(i.TI1_Config)
    i.TI2_Config                             0x080020f4   Section        0  stm32f10x_tim.o(i.TI2_Config)
    TI2_Config                               0x080020f5   Thumb Code   130  stm32f10x_tim.o(i.TI2_Config)
    i.TI3_Config                             0x0800218c   Section        0  stm32f10x_tim.o(i.TI3_Config)
    TI3_Config                               0x0800218d   Thumb Code   122  stm32f10x_tim.o(i.TI3_Config)
    i.TI4_Config                             0x0800221c   Section        0  stm32f10x_tim.o(i.TI4_Config)
    TI4_Config                               0x0800221d   Thumb Code   130  stm32f10x_tim.o(i.TI4_Config)
    i.TIM2_IRQHandler                        0x080022b4   Section        0  encoder.o(i.TIM2_IRQHandler)
    i.TIM4_IRQHandler                        0x080022cc   Section        0  encoder.o(i.TIM4_IRQHandler)
    i.TIM_ARRPreloadConfig                   0x080022e8   Section        0  stm32f10x_tim.o(i.TIM_ARRPreloadConfig)
    i.TIM_ClearFlag                          0x08002300   Section        0  stm32f10x_tim.o(i.TIM_ClearFlag)
    i.TIM_ClearITPendingBit                  0x08002306   Section        0  stm32f10x_tim.o(i.TIM_ClearITPendingBit)
    i.TIM_Cmd                                0x0800230c   Section        0  stm32f10x_tim.o(i.TIM_Cmd)
    i.TIM_CtrlPWMOutputs                     0x08002324   Section        0  stm32f10x_tim.o(i.TIM_CtrlPWMOutputs)
    i.TIM_EncoderInterfaceConfig             0x08002342   Section        0  stm32f10x_tim.o(i.TIM_EncoderInterfaceConfig)
    i.TIM_GetCounter                         0x08002384   Section        0  stm32f10x_tim.o(i.TIM_GetCounter)
    i.TIM_GetITStatus                        0x0800238a   Section        0  stm32f10x_tim.o(i.TIM_GetITStatus)
    i.TIM_ICInit                             0x080023ac   Section        0  stm32f10x_tim.o(i.TIM_ICInit)
    i.TIM_ICStructInit                       0x08002458   Section        0  stm32f10x_tim.o(i.TIM_ICStructInit)
    i.TIM_ITConfig                           0x0800246a   Section        0  stm32f10x_tim.o(i.TIM_ITConfig)
    i.TIM_OC1Init                            0x0800247c   Section        0  stm32f10x_tim.o(i.TIM_OC1Init)
    i.TIM_OC1PreloadConfig                   0x08002514   Section        0  stm32f10x_tim.o(i.TIM_OC1PreloadConfig)
    i.TIM_OC4Init                            0x08002528   Section        0  stm32f10x_tim.o(i.TIM_OC4Init)
    i.TIM_OC4PreloadConfig                   0x080025a4   Section        0  stm32f10x_tim.o(i.TIM_OC4PreloadConfig)
    i.TIM_SetCompare1                        0x080025be   Section        0  stm32f10x_tim.o(i.TIM_SetCompare1)
    i.TIM_SetCompare4                        0x080025c2   Section        0  stm32f10x_tim.o(i.TIM_SetCompare4)
    i.TIM_SetCounter                         0x080025c8   Section        0  stm32f10x_tim.o(i.TIM_SetCounter)
    i.TIM_SetIC1Prescaler                    0x080025cc   Section        0  stm32f10x_tim.o(i.TIM_SetIC1Prescaler)
    i.TIM_SetIC2Prescaler                    0x080025de   Section        0  stm32f10x_tim.o(i.TIM_SetIC2Prescaler)
    i.TIM_SetIC3Prescaler                    0x080025f8   Section        0  stm32f10x_tim.o(i.TIM_SetIC3Prescaler)
    i.TIM_SetIC4Prescaler                    0x0800260a   Section        0  stm32f10x_tim.o(i.TIM_SetIC4Prescaler)
    i.TIM_TimeBaseInit                       0x08002624   Section        0  stm32f10x_tim.o(i.TIM_TimeBaseInit)
    i.TIM_TimeBaseStructInit                 0x080026c8   Section        0  stm32f10x_tim.o(i.TIM_TimeBaseStructInit)
    i.Turn                                   0x080026dc   Section        0  control.o(i.Turn)
    i.Turn_Off                               0x08002790   Section        0  motor.o(i.Turn_Off)
    i.USART1_IRQHandler                      0x080027dc   Section        0  usart.o(i.USART1_IRQHandler)
    i.USART2_IRQHandler                      0x080028dc   Section        0  usart2.o(i.USART2_IRQHandler)
    i.USART2_Init                            0x080028f0   Section        0  usart2.o(i.USART2_Init)
    i.USART_ClearITPendingBit                0x08002978   Section        0  stm32f10x_usart.o(i.USART_ClearITPendingBit)
    i.USART_Cmd                              0x08002996   Section        0  stm32f10x_usart.o(i.USART_Cmd)
    i.USART_GetFlagStatus                    0x080029ae   Section        0  stm32f10x_usart.o(i.USART_GetFlagStatus)
    i.USART_GetITStatus                      0x080029c8   Section        0  stm32f10x_usart.o(i.USART_GetITStatus)
    i.USART_ITConfig                         0x08002a1c   Section        0  stm32f10x_usart.o(i.USART_ITConfig)
    i.USART_Init                             0x08002a68   Section        0  stm32f10x_usart.o(i.USART_Init)
    i.USART_ReceiveData                      0x08002b40   Section        0  stm32f10x_usart.o(i.USART_ReceiveData)
    i.USART_SendData                         0x08002b4a   Section        0  stm32f10x_usart.o(i.USART_SendData)
    i.UsageFault_Handler                     0x08002b52   Section        0  stm32f10x_it.o(i.UsageFault_Handler)
    i.Velocity_PI                            0x08002b58   Section        0  control.o(i.Velocity_PI)
    i.Vertical_PD                            0x08002cf0   Section        0  control.o(i.Vertical_PD)
    i.__0printf$8                            0x08002d3c   Section        0  printf8.o(i.__0printf$8)
    i.__ARM_fpclassify                       0x08002d5c   Section        0  fpclassify.o(i.__ARM_fpclassify)
    i.__kernel_poly                          0x08002d84   Section        0  poly.o(i.__kernel_poly)
    i.__mathlib_dbl_infnan                   0x08002e2e   Section        0  dunder.o(i.__mathlib_dbl_infnan)
    i.__mathlib_dbl_infnan2                  0x08002e34   Section        0  dunder.o(i.__mathlib_dbl_infnan2)
    i.__mathlib_dbl_invalid                  0x08002e38   Section        0  dunder.o(i.__mathlib_dbl_invalid)
    i.__mathlib_dbl_underflow                0x08002e44   Section        0  dunder.o(i.__mathlib_dbl_underflow)
    i.__scatterload_copy                     0x08002e54   Section       14  handlers.o(i.__scatterload_copy)
    i.__scatterload_null                     0x08002e62   Section        2  handlers.o(i.__scatterload_null)
    i.__scatterload_zeroinit                 0x08002e64   Section       14  handlers.o(i.__scatterload_zeroinit)
    i.__set_errno                            0x08002e74   Section        0  errno.o(i.__set_errno)
    i._printf_core                           0x08002e80   Section        0  printf8.o(i._printf_core)
    _printf_core                             0x08002e81   Thumb Code   996  printf8.o(i._printf_core)
    i._printf_post_padding                   0x08003290   Section        0  printf8.o(i._printf_post_padding)
    _printf_post_padding                     0x08003291   Thumb Code    36  printf8.o(i._printf_post_padding)
    i._printf_pre_padding                    0x080032b4   Section        0  printf8.o(i._printf_pre_padding)
    _printf_pre_padding                      0x080032b5   Thumb Code    46  printf8.o(i._printf_pre_padding)
    i.accel_self_test                        0x080032e4   Section        0  inv_mpu.o(i.accel_self_test)
    accel_self_test                          0x080032e5   Thumb Code   164  inv_mpu.o(i.accel_self_test)
    i.asin                                   0x0800338c   Section        0  asin.o(i.asin)
    i.atan                                   0x080035fc   Section        0  atan.o(i.atan)
    i.atan2                                  0x0800381c   Section        0  atan2.o(i.atan2)
    i.decode_gesture                         0x0800399c   Section        0  inv_mpu_dmp_motion_driver.o(i.decode_gesture)
    decode_gesture                           0x0800399d   Thumb Code    94  inv_mpu_dmp_motion_driver.o(i.decode_gesture)
    i.delay_init                             0x08003a00   Section        0  delay.o(i.delay_init)
    i.delay_ms                               0x08003a44   Section        0  delay.o(i.delay_ms)
    i.delay_us                               0x08003a90   Section        0  delay.o(i.delay_us)
    i.dmp_enable_6x_lp_quat                  0x08003adc   Section        0  inv_mpu_dmp_motion_driver.o(i.dmp_enable_6x_lp_quat)
    i.dmp_enable_feature                     0x08003b18   Section        0  inv_mpu_dmp_motion_driver.o(i.dmp_enable_feature)
    i.dmp_enable_gyro_cal                    0x08003d34   Section        0  inv_mpu_dmp_motion_driver.o(i.dmp_enable_gyro_cal)
    i.dmp_enable_lp_quat                     0x08003d8c   Section        0  inv_mpu_dmp_motion_driver.o(i.dmp_enable_lp_quat)
    i.dmp_load_motion_driver_firmware        0x08003dc8   Section        0  inv_mpu_dmp_motion_driver.o(i.dmp_load_motion_driver_firmware)
    i.dmp_read_fifo                          0x08003de0   Section        0  inv_mpu_dmp_motion_driver.o(i.dmp_read_fifo)
    i.dmp_set_accel_bias                     0x08003fac   Section        0  inv_mpu_dmp_motion_driver.o(i.dmp_set_accel_bias)
    i.dmp_set_fifo_rate                      0x080040dc   Section        0  inv_mpu_dmp_motion_driver.o(i.dmp_set_fifo_rate)
    i.dmp_set_gyro_bias                      0x0800414c   Section        0  inv_mpu_dmp_motion_driver.o(i.dmp_set_gyro_bias)
    i.dmp_set_orientation                    0x0800427c   Section        0  inv_mpu_dmp_motion_driver.o(i.dmp_set_orientation)
    i.dmp_set_shake_reject_thresh            0x080043b4   Section        0  inv_mpu_dmp_motion_driver.o(i.dmp_set_shake_reject_thresh)
    i.dmp_set_shake_reject_time              0x080043ec   Section        0  inv_mpu_dmp_motion_driver.o(i.dmp_set_shake_reject_time)
    i.dmp_set_shake_reject_timeout           0x08004412   Section        0  inv_mpu_dmp_motion_driver.o(i.dmp_set_shake_reject_timeout)
    i.dmp_set_tap_axes                       0x08004438   Section        0  inv_mpu_dmp_motion_driver.o(i.dmp_set_tap_axes)
    i.dmp_set_tap_count                      0x0800447e   Section        0  inv_mpu_dmp_motion_driver.o(i.dmp_set_tap_count)
    i.dmp_set_tap_thresh                     0x080044a4   Section        0  inv_mpu_dmp_motion_driver.o(i.dmp_set_tap_thresh)
    i.dmp_set_tap_time                       0x08004644   Section        0  inv_mpu_dmp_motion_driver.o(i.dmp_set_tap_time)
    i.dmp_set_tap_time_multi                 0x0800466a   Section        0  inv_mpu_dmp_motion_driver.o(i.dmp_set_tap_time_multi)
    i.fputc                                  0x08004690   Section        0  usart2.o(i.fputc)
    i.get_accel_prod_shift                   0x080046b4   Section        0  inv_mpu.o(i.get_accel_prod_shift)
    get_accel_prod_shift                     0x080046b5   Thumb Code   168  inv_mpu.o(i.get_accel_prod_shift)
    i.get_st_biases                          0x08004768   Section        0  inv_mpu.o(i.get_st_biases)
    get_st_biases                            0x08004769   Thumb Code  1132  inv_mpu.o(i.get_st_biases)
    i.gyro_self_test                         0x08004bd8   Section        0  inv_mpu.o(i.gyro_self_test)
    gyro_self_test                           0x08004bd9   Thumb Code   256  inv_mpu.o(i.gyro_self_test)
    i.inv_orientation_matrix_to_scalar       0x08004ce8   Section        0  inv_mpu.o(i.inv_orientation_matrix_to_scalar)
    i.inv_row_2_scale                        0x08004d10   Section        0  inv_mpu.o(i.inv_row_2_scale)
    i.main                                   0x08004d60   Section        0  main.o(i.main)
    i.mget_ms                                0x08004de4   Section        0  inv_mpu.o(i.mget_ms)
    i.mpu_configure_fifo                     0x08004de8   Section        0  inv_mpu.o(i.mpu_configure_fifo)
    i.mpu_dmp_get_data                       0x08004e58   Section        0  inv_mpu.o(i.mpu_dmp_get_data)
    i.mpu_dmp_init                           0x0800507c   Section        0  inv_mpu.o(i.mpu_dmp_init)
    i.mpu_get_accel_fsr                      0x08005114   Section        0  inv_mpu.o(i.mpu_get_accel_fsr)
    i.mpu_get_accel_sens                     0x08005160   Section        0  inv_mpu.o(i.mpu_get_accel_sens)
    i.mpu_get_fifo_config                    0x080051b4   Section        0  inv_mpu.o(i.mpu_get_fifo_config)
    i.mpu_get_gyro_fsr                       0x080051c4   Section        0  inv_mpu.o(i.mpu_get_gyro_fsr)
    i.mpu_get_gyro_sens                      0x08005208   Section        0  inv_mpu.o(i.mpu_get_gyro_sens)
    i.mpu_get_lpf                            0x08005258   Section        0  inv_mpu.o(i.mpu_get_lpf)
    i.mpu_get_sample_rate                    0x080052a8   Section        0  inv_mpu.o(i.mpu_get_sample_rate)
    i.mpu_init                               0x080052c8   Section        0  inv_mpu.o(i.mpu_init)
    i.mpu_load_firmware                      0x080054b8   Section        0  inv_mpu.o(i.mpu_load_firmware)
    i.mpu_lp_accel_mode                      0x08005570   Section        0  inv_mpu.o(i.mpu_lp_accel_mode)
    i.mpu_read_fifo_stream                   0x08005650   Section        0  inv_mpu.o(i.mpu_read_fifo_stream)
    i.mpu_read_mem                           0x08005710   Section        0  inv_mpu.o(i.mpu_read_mem)
    i.mpu_reset_fifo                         0x08005790   Section        0  inv_mpu.o(i.mpu_reset_fifo)
    i.mpu_run_self_test                      0x08005958   Section        0  inv_mpu.o(i.mpu_run_self_test)
    i.mpu_set_accel_fsr                      0x08005a74   Section        0  inv_mpu.o(i.mpu_set_accel_fsr)
    i.mpu_set_bypass                         0x08005af8   Section        0  inv_mpu.o(i.mpu_set_bypass)
    i.mpu_set_dmp_state                      0x08005c44   Section        0  inv_mpu.o(i.mpu_set_dmp_state)
    i.mpu_set_gyro_fsr                       0x08005cd4   Section        0  inv_mpu.o(i.mpu_set_gyro_fsr)
    i.mpu_set_int_latched                    0x08005d5c   Section        0  inv_mpu.o(i.mpu_set_int_latched)
    i.mpu_set_lpf                            0x08005dc8   Section        0  inv_mpu.o(i.mpu_set_lpf)
    i.mpu_set_sample_rate                    0x08005e4c   Section        0  inv_mpu.o(i.mpu_set_sample_rate)
    i.mpu_set_sensors                        0x08005ee8   Section        0  inv_mpu.o(i.mpu_set_sensors)
    i.mpu_write_mem                          0x08005fb8   Section        0  inv_mpu.o(i.mpu_write_mem)
    i.run_self_test                          0x08006038   Section        0  inv_mpu.o(i.run_self_test)
    i.set_int_enable                         0x080060cc   Section        0  inv_mpu.o(i.set_int_enable)
    set_int_enable                           0x080060cd   Thumb Code   138  inv_mpu.o(i.set_int_enable)
    i.sqrt                                   0x0800615c   Section        0  sqrt.o(i.sqrt)
    i.uart1_init                             0x080061a8   Section        0  usart.o(i.uart1_init)
    .constdata                               0x08006248   Section     3062  inv_mpu_dmp_motion_driver.o(.constdata)
    dmp_memory                               0x08006248   Data        3062  inv_mpu_dmp_motion_driver.o(.constdata)
    .constdata                               0x08006e40   Section       80  inv_mpu.o(.constdata)
    .constdata                               0x08006e90   Section     2072  oled.o(.constdata)
    .constdata                               0x080076a8   Section       80  asin.o(.constdata)
    pS                                       0x080076a8   Data          48  asin.o(.constdata)
    qS                                       0x080076d8   Data          32  asin.o(.constdata)
    .constdata                               0x080076f8   Section      152  atan.o(.constdata)
    atanhi                                   0x080076f8   Data          32  atan.o(.constdata)
    atanlo                                   0x08007718   Data          32  atan.o(.constdata)
    aTodd                                    0x08007738   Data          40  atan.o(.constdata)
    aTeven                                   0x08007760   Data          48  atan.o(.constdata)
    .constdata                               0x08007790   Section        8  qnan.o(.constdata)
    .conststring                             0x08007798   Section       77  inv_mpu.o(.conststring)
    .data                                    0x20000000   Section       40  main.o(.data)
    .data                                    0x20000028   Section       53  inv_mpu.o(.data)
    st                                       0x20000028   Data          44  inv_mpu.o(.data)
    gyro_orientation                         0x20000054   Data           9  inv_mpu.o(.data)
    .data                                    0x20000060   Section       80  control.o(.data)
    Encoder_err                              0x20000094   Data           4  control.o(.data)
    Encoder_err_low                          0x20000098   Data           4  control.o(.data)
    Encoder_err_low_last                     0x2000009c   Data           4  control.o(.data)
    Encoder_sum                              0x200000a0   Data           4  control.o(.data)
    Movement                                 0x200000a4   Data           4  control.o(.data)
    PWM_out                                  0x200000a8   Data           4  control.o(.data)
    Turn_Target                              0x200000ac   Data           4  control.o(.data)
    .data                                    0x200000b0   Section        2  usart.o(.data)
    .data                                    0x200000b2   Section        4  delay.o(.data)
    fac_us                                   0x200000b2   Data           1  delay.o(.data)
    fac_ms                                   0x200000b4   Data           2  delay.o(.data)
    .data                                    0x200000b8   Section       20  system_stm32f10x.o(.data)
    .data                                    0x200000cc   Section       20  stm32f10x_rcc.o(.data)
    APBAHBPrescTable                         0x200000cc   Data          16  stm32f10x_rcc.o(.data)
    ADCPrescTable                            0x200000dc   Data           4  stm32f10x_rcc.o(.data)
    .data                                    0x200000e0   Section        4  stdout.o(.data)
    .data                                    0x200000e4   Section        4  errno.o(.data)
    _errno                                   0x200000e4   Data           4  errno.o(.data)
    .bss                                     0x200000e8   Section       16  inv_mpu_dmp_motion_driver.o(.bss)
    dmp                                      0x200000e8   Data          16  inv_mpu_dmp_motion_driver.o(.bss)
    STACK                                    0x200000f8   Section     1024  startup_stm32f10x_md.o(STACK)

    Global Symbols

    Symbol Name                              Value     Ov Type        Size  Object(Section)

    BuildAttributes$$THM_ISAv4$P$D$K$B$S$PE$A:L22UL41UL21$X:L11$S22US41US21$IEEE1$IW$USESV6$~STKCKD$USESV7$~SHL$OTIME$ROPI$IEEEX$EBA8$MICROLIB$REQ8$PRES8$EABIv2 0x00000000   Number         0  anon$$obj.o ABSOLUTE
    __ARM_use_no_argv                        0x00000000   Number         0  main.o ABSOLUTE
    _printf_a                                0x00000000   Number         0  stubs.o ABSOLUTE
    _printf_c                                0x00000000   Number         0  stubs.o ABSOLUTE
    _printf_charcount                        0x00000000   Number         0  stubs.o ABSOLUTE
    _printf_d                                0x00000000   Number         0  stubs.o ABSOLUTE
    _printf_e                                0x00000000   Number         0  stubs.o ABSOLUTE
    _printf_f                                0x00000000   Number         0  stubs.o ABSOLUTE
    _printf_flags                            0x00000000   Number         0  stubs.o ABSOLUTE
    _printf_fp_dec                           0x00000000   Number         0  stubs.o ABSOLUTE
    _printf_fp_hex                           0x00000000   Number         0  stubs.o ABSOLUTE
    _printf_g                                0x00000000   Number         0  stubs.o ABSOLUTE
    _printf_i                                0x00000000   Number         0  stubs.o ABSOLUTE
    _printf_int_dec                          0x00000000   Number         0  stubs.o ABSOLUTE
    _printf_l                                0x00000000   Number         0  stubs.o ABSOLUTE
    _printf_lc                               0x00000000   Number         0  stubs.o ABSOLUTE
    _printf_ll                               0x00000000   Number         0  stubs.o ABSOLUTE
    _printf_lld                              0x00000000   Number         0  stubs.o ABSOLUTE
    _printf_lli                              0x00000000   Number         0  stubs.o ABSOLUTE
    _printf_llo                              0x00000000   Number         0  stubs.o ABSOLUTE
    _printf_llu                              0x00000000   Number         0  stubs.o ABSOLUTE
    _printf_llx                              0x00000000   Number         0  stubs.o ABSOLUTE
    _printf_longlong_dec                     0x00000000   Number         0  stubs.o ABSOLUTE
    _printf_longlong_hex                     0x00000000   Number         0  stubs.o ABSOLUTE
    _printf_longlong_oct                     0x00000000   Number         0  stubs.o ABSOLUTE
    _printf_ls                               0x00000000   Number         0  stubs.o ABSOLUTE
    _printf_mbtowc                           0x00000000   Number         0  stubs.o ABSOLUTE
    _printf_n                                0x00000000   Number         0  stubs.o ABSOLUTE
    _printf_o                                0x00000000   Number         0  stubs.o ABSOLUTE
    _printf_p                                0x00000000   Number         0  stubs.o ABSOLUTE
    _printf_percent                          0x00000000   Number         0  stubs.o ABSOLUTE
    _printf_pre_padding                      0x00000000   Number         0  stubs.o ABSOLUTE
    _printf_return_value                     0x00000000   Number         0  stubs.o ABSOLUTE
    _printf_s                                0x00000000   Number         0  stubs.o ABSOLUTE
    _printf_sizespec                         0x00000000   Number         0  stubs.o ABSOLUTE
    _printf_str                              0x00000000   Number         0  stubs.o ABSOLUTE
    _printf_truncate_signed                  0x00000000   Number         0  stubs.o ABSOLUTE
    _printf_truncate_unsigned                0x00000000   Number         0  stubs.o ABSOLUTE
    _printf_u                                0x00000000   Number         0  stubs.o ABSOLUTE
    _printf_wc                               0x00000000   Number         0  stubs.o ABSOLUTE
    _printf_wctomb                           0x00000000   Number         0  stubs.o ABSOLUTE
    _printf_widthprec                        0x00000000   Number         0  stubs.o ABSOLUTE
    _printf_x                                0x00000000   Number         0  stubs.o ABSOLUTE
    __cpp_initialize__aeabi_                  - Undefined Weak Reference
    __cxa_finalize                            - Undefined Weak Reference
    __decompress                              - Undefined Weak Reference
    _clock_init                               - Undefined Weak Reference
    _microlib_exit                            - Undefined Weak Reference
    __Vectors_Size                           0x000000ec   Number         0  startup_stm32f10x_md.o ABSOLUTE
    __Vectors                                0x08000000   Data           4  startup_stm32f10x_md.o(RESET)
    __Vectors_End                            0x080000ec   Data           0  startup_stm32f10x_md.o(RESET)
    __main                                   0x080000ed   Thumb Code     0  entry.o(.ARM.Collect$$$$00000000)
    _main_stk                                0x080000ed   Thumb Code     0  entry2.o(.ARM.Collect$$$$00000001)
    _main_scatterload                        0x080000f1   Thumb Code     0  entry5.o(.ARM.Collect$$$$00000004)
    __main_after_scatterload                 0x080000f5   Thumb Code     0  entry5.o(.ARM.Collect$$$$00000004)
    _main_clock                              0x080000f5   Thumb Code     0  entry7b.o(.ARM.Collect$$$$00000008)
    _main_cpp_init                           0x080000f5   Thumb Code     0  entry8b.o(.ARM.Collect$$$$0000000A)
    _main_init                               0x080000f5   Thumb Code     0  entry9a.o(.ARM.Collect$$$$0000000B)
    __rt_final_cpp                           0x080000fd   Thumb Code     0  entry10a.o(.ARM.Collect$$$$0000000D)
    __rt_final_exit                          0x080000fd   Thumb Code     0  entry11a.o(.ARM.Collect$$$$0000000F)
    Reset_Handler                            0x08000101   Thumb Code     8  startup_stm32f10x_md.o(.text)
    ADC1_2_IRQHandler                        0x0800011b   Thumb Code     0  startup_stm32f10x_md.o(.text)
    CAN1_RX1_IRQHandler                      0x0800011b   Thumb Code     0  startup_stm32f10x_md.o(.text)
    CAN1_SCE_IRQHandler                      0x0800011b   Thumb Code     0  startup_stm32f10x_md.o(.text)
    DMA1_Channel1_IRQHandler                 0x0800011b   Thumb Code     0  startup_stm32f10x_md.o(.text)
    DMA1_Channel2_IRQHandler                 0x0800011b   Thumb Code     0  startup_stm32f10x_md.o(.text)
    DMA1_Channel3_IRQHandler                 0x0800011b   Thumb Code     0  startup_stm32f10x_md.o(.text)
    DMA1_Channel4_IRQHandler                 0x0800011b   Thumb Code     0  startup_stm32f10x_md.o(.text)
    DMA1_Channel5_IRQHandler                 0x0800011b   Thumb Code     0  startup_stm32f10x_md.o(.text)
    DMA1_Channel6_IRQHandler                 0x0800011b   Thumb Code     0  startup_stm32f10x_md.o(.text)
    DMA1_Channel7_IRQHandler                 0x0800011b   Thumb Code     0  startup_stm32f10x_md.o(.text)
    EXTI0_IRQHandler                         0x0800011b   Thumb Code     0  startup_stm32f10x_md.o(.text)
    EXTI15_10_IRQHandler                     0x0800011b   Thumb Code     0  startup_stm32f10x_md.o(.text)
    EXTI1_IRQHandler                         0x0800011b   Thumb Code     0  startup_stm32f10x_md.o(.text)
    EXTI2_IRQHandler                         0x0800011b   Thumb Code     0  startup_stm32f10x_md.o(.text)
    EXTI3_IRQHandler                         0x0800011b   Thumb Code     0  startup_stm32f10x_md.o(.text)
    EXTI4_IRQHandler                         0x0800011b   Thumb Code     0  startup_stm32f10x_md.o(.text)
    FLASH_IRQHandler                         0x0800011b   Thumb Code     0  startup_stm32f10x_md.o(.text)
    I2C1_ER_IRQHandler                       0x0800011b   Thumb Code     0  startup_stm32f10x_md.o(.text)
    I2C1_EV_IRQHandler                       0x0800011b   Thumb Code     0  startup_stm32f10x_md.o(.text)
    I2C2_ER_IRQHandler                       0x0800011b   Thumb Code     0  startup_stm32f10x_md.o(.text)
    I2C2_EV_IRQHandler                       0x0800011b   Thumb Code     0  startup_stm32f10x_md.o(.text)
    PVD_IRQHandler                           0x0800011b   Thumb Code     0  startup_stm32f10x_md.o(.text)
    RCC_IRQHandler                           0x0800011b   Thumb Code     0  startup_stm32f10x_md.o(.text)
    RTCAlarm_IRQHandler                      0x0800011b   Thumb Code     0  startup_stm32f10x_md.o(.text)
    RTC_IRQHandler                           0x0800011b   Thumb Code     0  startup_stm32f10x_md.o(.text)
    SPI1_IRQHandler                          0x0800011b   Thumb Code     0  startup_stm32f10x_md.o(.text)
    SPI2_IRQHandler                          0x0800011b   Thumb Code     0  startup_stm32f10x_md.o(.text)
    TAMPER_IRQHandler                        0x0800011b   Thumb Code     0  startup_stm32f10x_md.o(.text)
    TIM1_BRK_IRQHandler                      0x0800011b   Thumb Code     0  startup_stm32f10x_md.o(.text)
    TIM1_CC_IRQHandler                       0x0800011b   Thumb Code     0  startup_stm32f10x_md.o(.text)
    TIM1_TRG_COM_IRQHandler                  0x0800011b   Thumb Code     0  startup_stm32f10x_md.o(.text)
    TIM1_UP_IRQHandler                       0x0800011b   Thumb Code     0  startup_stm32f10x_md.o(.text)
    TIM3_IRQHandler                          0x0800011b   Thumb Code     0  startup_stm32f10x_md.o(.text)
    USART3_IRQHandler                        0x0800011b   Thumb Code     0  startup_stm32f10x_md.o(.text)
    USBWakeUp_IRQHandler                     0x0800011b   Thumb Code     0  startup_stm32f10x_md.o(.text)
    USB_HP_CAN1_TX_IRQHandler                0x0800011b   Thumb Code     0  startup_stm32f10x_md.o(.text)
    USB_LP_CAN1_RX0_IRQHandler               0x0800011b   Thumb Code     0  startup_stm32f10x_md.o(.text)
    WWDG_IRQHandler                          0x0800011b   Thumb Code     0  startup_stm32f10x_md.o(.text)
    __aeabi_ldivmod                          0x08000125   Thumb Code    98  ldiv.o(.text)
    __aeabi_memset                           0x08000187   Thumb Code    14  memseta.o(.text)
    __aeabi_memset4                          0x08000187   Thumb Code     0  memseta.o(.text)
    __aeabi_memset8                          0x08000187   Thumb Code     0  memseta.o(.text)
    __aeabi_memclr                           0x08000195   Thumb Code     4  memseta.o(.text)
    __aeabi_memclr4                          0x08000195   Thumb Code     0  memseta.o(.text)
    __aeabi_memclr8                          0x08000195   Thumb Code     0  memseta.o(.text)
    _memset$wrapper                          0x08000199   Thumb Code    18  memseta.o(.text)
    memcmp                                   0x080001ab   Thumb Code    26  memcmp.o(.text)
    __aeabi_fadd                             0x080001c5   Thumb Code   164  fadd.o(.text)
    __aeabi_fsub                             0x08000269   Thumb Code     6  fadd.o(.text)
    __aeabi_frsub                            0x0800026f   Thumb Code     6  fadd.o(.text)
    __aeabi_fmul                             0x08000275   Thumb Code   100  fmul.o(.text)
    __aeabi_fdiv                             0x080002d9   Thumb Code   124  fdiv.o(.text)
    __aeabi_dadd                             0x08000355   Thumb Code   322  dadd.o(.text)
    __aeabi_dsub                             0x08000497   Thumb Code     6  dadd.o(.text)
    __aeabi_drsub                            0x0800049d   Thumb Code     6  dadd.o(.text)
    __aeabi_dmul                             0x080004a3   Thumb Code   228  dmul.o(.text)
    __aeabi_ddiv                             0x08000587   Thumb Code   222  ddiv.o(.text)
    __aeabi_i2f                              0x08000665   Thumb Code    18  fflti.o(.text)
    __aeabi_ui2f                             0x08000677   Thumb Code    10  ffltui.o(.text)
    __aeabi_i2d                              0x08000681   Thumb Code    34  dflti.o(.text)
    __aeabi_f2iz                             0x080006a3   Thumb Code    50  ffixi.o(.text)
    __aeabi_f2uiz                            0x080006d5   Thumb Code    40  ffixui.o(.text)
    __aeabi_d2iz                             0x080006fd   Thumb Code    62  dfixi.o(.text)
    __aeabi_d2uiz                            0x0800073b   Thumb Code    50  dfixui.o(.text)
    __aeabi_f2d                              0x0800076d   Thumb Code    38  f2d.o(.text)
    __aeabi_cdcmpeq                          0x08000795   Thumb Code     0  cdcmple.o(.text)
    __aeabi_cdcmple                          0x08000795   Thumb Code    48  cdcmple.o(.text)
    __aeabi_d2f                              0x080007c5   Thumb Code    56  d2f.o(.text)
    __aeabi_cfcmpeq                          0x080007fd   Thumb Code     0  cfcmple.o(.text)
    __aeabi_cfcmple                          0x080007fd   Thumb Code    20  cfcmple.o(.text)
    __aeabi_cfrcmple                         0x08000811   Thumb Code    20  cfrcmple.o(.text)
    __aeabi_uldivmod                         0x08000825   Thumb Code    98  uldiv.o(.text)
    __aeabi_llsl                             0x08000887   Thumb Code    30  llshl.o(.text)
    _ll_shift_l                              0x08000887   Thumb Code     0  llshl.o(.text)
    __aeabi_llsr                             0x080008a5   Thumb Code    32  llushr.o(.text)
    _ll_ushift_r                             0x080008a5   Thumb Code     0  llushr.o(.text)
    __aeabi_lasr                             0x080008c5   Thumb Code    36  llsshr.o(.text)
    _ll_sshift_r                             0x080008c5   Thumb Code     0  llsshr.o(.text)
    __I$use$fp                               0x080008e9   Thumb Code     0  iusefp.o(.text)
    _float_round                             0x080008e9   Thumb Code    18  fepilogue.o(.text)
    _float_epilogue                          0x080008fb   Thumb Code    92  fepilogue.o(.text)
    _double_round                            0x08000957   Thumb Code    30  depilogue.o(.text)
    _double_epilogue                         0x08000975   Thumb Code   156  depilogue.o(.text)
    __ARM_scalbn                             0x08000a11   Thumb Code    46  dscalb.o(.text)
    scalbn                                   0x08000a11   Thumb Code     0  dscalb.o(.text)
    __scatterload                            0x08000a41   Thumb Code    28  init.o(.text)
    __scatterload_rt2                        0x08000a41   Thumb Code     0  init.o(.text)
    _dsqrt                                   0x08000a65   Thumb Code   162  dsqrt.o(.text)
    BusFault_Handler                         0x08000b07   Thumb Code     4  stm32f10x_it.o(i.BusFault_Handler)
    Button_Init                              0x08000b0d   Thumb Code    38  button.o(i.Button_Init)
    DebugMon_Handler                         0x08000b39   Thumb Code     2  stm32f10x_it.o(i.DebugMon_Handler)
    EXTI9_5_IRQHandler                       0x08000b3d   Thumb Code   192  control.o(i.EXTI9_5_IRQHandler)
    EXTI_ClearITPendingBit                   0x08000c39   Thumb Code     6  stm32f10x_exti.o(i.EXTI_ClearITPendingBit)
    EXTI_GetITStatus                         0x08000c45   Thumb Code    34  stm32f10x_exti.o(i.EXTI_GetITStatus)
    EXTI_Init                                0x08000c6d   Thumb Code   142  stm32f10x_exti.o(i.EXTI_Init)
    Encoder_TIM2_Init                        0x08000d01   Thumb Code   148  encoder.o(i.Encoder_TIM2_Init)
    Encoder_TIM4_Init                        0x08000d99   Thumb Code   142  encoder.o(i.Encoder_TIM4_Init)
    GFP_abs                                  0x08000e31   Thumb Code    16  motor.o(i.GFP_abs)
    GPIO_EXTILineConfig                      0x08000e41   Thumb Code    60  stm32f10x_gpio.o(i.GPIO_EXTILineConfig)
    GPIO_Init                                0x08000e81   Thumb Code   278  stm32f10x_gpio.o(i.GPIO_Init)
    GPIO_PinRemapConfig                      0x08000f99   Thumb Code   138  stm32f10x_gpio.o(i.GPIO_PinRemapConfig)
    GPIO_ResetBits                           0x08001029   Thumb Code     4  stm32f10x_gpio.o(i.GPIO_ResetBits)
    GPIO_SetBits                             0x0800102d   Thumb Code     4  stm32f10x_gpio.o(i.GPIO_SetBits)
    HardFault_Handler                        0x08001031   Thumb Code     4  stm32f10x_it.o(i.HardFault_Handler)
    Limit                                    0x08001035   Thumb Code    54  motor.o(i.Limit)
    MPU6050_EXTI_Init                        0x08001071   Thumb Code    74  exti.o(i.MPU6050_EXTI_Init)
    MPU_Get_Gyroscope                        0x080010c1   Thumb Code    80  mpu6050.o(i.MPU_Get_Gyroscope)
    MPU_IIC_Ack                              0x08001111   Thumb Code    62  mpuiic.o(i.MPU_IIC_Ack)
    MPU_IIC_Delay                            0x0800115d   Thumb Code    10  mpuiic.o(i.MPU_IIC_Delay)
    MPU_IIC_Init                             0x08001169   Thumb Code    38  mpuiic.o(i.MPU_IIC_Init)
    MPU_IIC_NAck                             0x08001195   Thumb Code    62  mpuiic.o(i.MPU_IIC_NAck)
    MPU_IIC_Read_Byte                        0x080011e1   Thumb Code    94  mpuiic.o(i.MPU_IIC_Read_Byte)
    MPU_IIC_Send_Byte                        0x0800124d   Thumb Code    80  mpuiic.o(i.MPU_IIC_Send_Byte)
    MPU_IIC_Start                            0x080012a9   Thumb Code    60  mpuiic.o(i.MPU_IIC_Start)
    MPU_IIC_Stop                             0x080012f1   Thumb Code    58  mpuiic.o(i.MPU_IIC_Stop)
    MPU_IIC_Wait_Ack                         0x08001339   Thumb Code    86  mpuiic.o(i.MPU_IIC_Wait_Ack)
    MPU_Init                                 0x0800139d   Thumb Code   122  mpu6050.o(i.MPU_Init)
    MPU_Read_Byte                            0x08001417   Thumb Code    58  mpu6050.o(i.MPU_Read_Byte)
    MPU_Read_Len                             0x08001451   Thumb Code   116  mpu6050.o(i.MPU_Read_Len)
    MPU_Set_Accel_Fsr                        0x080014c5   Thumb Code    16  mpu6050.o(i.MPU_Set_Accel_Fsr)
    MPU_Set_Gyro_Fsr                         0x080014d5   Thumb Code    16  mpu6050.o(i.MPU_Set_Gyro_Fsr)
    MPU_Set_LPF                              0x080014e5   Thumb Code    58  mpu6050.o(i.MPU_Set_LPF)
    MPU_Set_Rate                             0x0800151f   Thumb Code    58  mpu6050.o(i.MPU_Set_Rate)
    MPU_Write_Byte                           0x08001559   Thumb Code    68  mpu6050.o(i.MPU_Write_Byte)
    MPU_Write_Len                            0x0800159d   Thumb Code    96  mpu6050.o(i.MPU_Write_Len)
    MemManage_Handler                        0x080015fd   Thumb Code     4  stm32f10x_it.o(i.MemManage_Handler)
    Motor_Init                               0x08001601   Thumb Code    40  motor.o(i.Motor_Init)
    NMI_Handler                              0x0800162d   Thumb Code     2  stm32f10x_it.o(i.NMI_Handler)
    NVIC_Config                              0x0800162f   Thumb Code    92  sys.o(i.NVIC_Config)
    NVIC_Init                                0x0800168d   Thumb Code   100  misc.o(i.NVIC_Init)
    NVIC_PriorityGroupConfig                 0x080016fd   Thumb Code    10  misc.o(i.NVIC_PriorityGroupConfig)
    OLED_Clear                               0x08001711   Thumb Code    62  oled.o(i.OLED_Clear)
    OLED_Float                               0x08001751   Thumb Code   442  oled.o(i.OLED_Float)
    OLED_IIC_Start                           0x08001911   Thumb Code    44  oled.o(i.OLED_IIC_Start)
    OLED_IIC_Stop                            0x08001941   Thumb Code    34  oled.o(i.OLED_IIC_Stop)
    OLED_IIC_Wait_Ack                        0x08001969   Thumb Code    24  oled.o(i.OLED_IIC_Wait_Ack)
    OLED_Init                                0x08001985   Thumb Code   282  oled.o(i.OLED_Init)
    OLED_Set_Pos                             0x08001aa9   Thumb Code    40  oled.o(i.OLED_Set_Pos)
    OLED_ShowChar                            0x08001ad1   Thumb Code   154  oled.o(i.OLED_ShowChar)
    OLED_ShowString                          0x08001b75   Thumb Code    54  oled.o(i.OLED_ShowString)
    OLED_WR_Byte                             0x08001bab   Thumb Code    24  oled.o(i.OLED_WR_Byte)
    OLED_Write_IIC_Byte                      0x08001bc5   Thumb Code    88  oled.o(i.OLED_Write_IIC_Byte)
    OLED_Write_IIC_Command                   0x08001c21   Thumb Code    44  oled.o(i.OLED_Write_IIC_Command)
    OLED_Write_IIC_Data                      0x08001c4d   Thumb Code    44  oled.o(i.OLED_Write_IIC_Data)
    PWM_Init_TIM1                            0x08001c79   Thumb Code   162  pwm.o(i.PWM_Init_TIM1)
    PendSV_Handler                           0x08001d25   Thumb Code     2  stm32f10x_it.o(i.PendSV_Handler)
    RCC_APB1PeriphClockCmd                   0x08001d29   Thumb Code    26  stm32f10x_rcc.o(i.RCC_APB1PeriphClockCmd)
    RCC_APB2PeriphClockCmd                   0x08001d49   Thumb Code    26  stm32f10x_rcc.o(i.RCC_APB2PeriphClockCmd)
    RCC_GetClocksFreq                        0x08001d69   Thumb Code   192  stm32f10x_rcc.o(i.RCC_GetClocksFreq)
    Read_Spead                               0x08001e3d   Thumb Code    64  encoder.o(i.Read_Spead)
    SETPWM                                   0x08001e81   Thumb Code   112  motor.o(i.SETPWM)
    SVC_Handler                              0x08001efd   Thumb Code     2  stm32f10x_it.o(i.SVC_Handler)
    SysTick_CLKSourceConfig                  0x08001fe9   Thumb Code    40  misc.o(i.SysTick_CLKSourceConfig)
    SysTick_Handler                          0x08002011   Thumb Code     2  stm32f10x_it.o(i.SysTick_Handler)
    SystemInit                               0x08002015   Thumb Code    78  system_stm32f10x.o(i.SystemInit)
    TIM2_IRQHandler                          0x080022b5   Thumb Code    24  encoder.o(i.TIM2_IRQHandler)
    TIM4_IRQHandler                          0x080022cd   Thumb Code    24  encoder.o(i.TIM4_IRQHandler)
    TIM_ARRPreloadConfig                     0x080022e9   Thumb Code    24  stm32f10x_tim.o(i.TIM_ARRPreloadConfig)
    TIM_ClearFlag                            0x08002301   Thumb Code     6  stm32f10x_tim.o(i.TIM_ClearFlag)
    TIM_ClearITPendingBit                    0x08002307   Thumb Code     6  stm32f10x_tim.o(i.TIM_ClearITPendingBit)
    TIM_Cmd                                  0x0800230d   Thumb Code    24  stm32f10x_tim.o(i.TIM_Cmd)
    TIM_CtrlPWMOutputs                       0x08002325   Thumb Code    30  stm32f10x_tim.o(i.TIM_CtrlPWMOutputs)
    TIM_EncoderInterfaceConfig               0x08002343   Thumb Code    66  stm32f10x_tim.o(i.TIM_EncoderInterfaceConfig)
    TIM_GetCounter                           0x08002385   Thumb Code     6  stm32f10x_tim.o(i.TIM_GetCounter)
    TIM_GetITStatus                          0x0800238b   Thumb Code    34  stm32f10x_tim.o(i.TIM_GetITStatus)
    TIM_ICInit                               0x080023ad   Thumb Code   150  stm32f10x_tim.o(i.TIM_ICInit)
    TIM_ICStructInit                         0x08002459   Thumb Code    18  stm32f10x_tim.o(i.TIM_ICStructInit)
    TIM_ITConfig                             0x0800246b   Thumb Code    18  stm32f10x_tim.o(i.TIM_ITConfig)
    TIM_OC1Init                              0x0800247d   Thumb Code   132  stm32f10x_tim.o(i.TIM_OC1Init)
    TIM_OC1PreloadConfig                     0x08002515   Thumb Code    18  stm32f10x_tim.o(i.TIM_OC1PreloadConfig)
    TIM_OC4Init                              0x08002529   Thumb Code   114  stm32f10x_tim.o(i.TIM_OC4Init)
    TIM_OC4PreloadConfig                     0x080025a5   Thumb Code    26  stm32f10x_tim.o(i.TIM_OC4PreloadConfig)
    TIM_SetCompare1                          0x080025bf   Thumb Code     4  stm32f10x_tim.o(i.TIM_SetCompare1)
    TIM_SetCompare4                          0x080025c3   Thumb Code     6  stm32f10x_tim.o(i.TIM_SetCompare4)
    TIM_SetCounter                           0x080025c9   Thumb Code     4  stm32f10x_tim.o(i.TIM_SetCounter)
    TIM_SetIC1Prescaler                      0x080025cd   Thumb Code    18  stm32f10x_tim.o(i.TIM_SetIC1Prescaler)
    TIM_SetIC2Prescaler                      0x080025df   Thumb Code    26  stm32f10x_tim.o(i.TIM_SetIC2Prescaler)
    TIM_SetIC3Prescaler                      0x080025f9   Thumb Code    18  stm32f10x_tim.o(i.TIM_SetIC3Prescaler)
    TIM_SetIC4Prescaler                      0x0800260b   Thumb Code    26  stm32f10x_tim.o(i.TIM_SetIC4Prescaler)
    TIM_TimeBaseInit                         0x08002625   Thumb Code   122  stm32f10x_tim.o(i.TIM_TimeBaseInit)
    TIM_TimeBaseStructInit                   0x080026c9   Thumb Code    18  stm32f10x_tim.o(i.TIM_TimeBaseStructInit)
    Turn                                     0x080026dd   Thumb Code   142  control.o(i.Turn)
    Turn_Off                                 0x08002791   Thumb Code    58  motor.o(i.Turn_Off)
    USART1_IRQHandler                        0x080027dd   Thumb Code   220  usart.o(i.USART1_IRQHandler)
    USART2_IRQHandler                        0x080028dd   Thumb Code    14  usart2.o(i.USART2_IRQHandler)
    USART2_Init                              0x080028f1   Thumb Code   126  usart2.o(i.USART2_Init)
    USART_ClearITPendingBit                  0x08002979   Thumb Code    30  stm32f10x_usart.o(i.USART_ClearITPendingBit)
    USART_Cmd                                0x08002997   Thumb Code    24  stm32f10x_usart.o(i.USART_Cmd)
    USART_GetFlagStatus                      0x080029af   Thumb Code    26  stm32f10x_usart.o(i.USART_GetFlagStatus)
    USART_GetITStatus                        0x080029c9   Thumb Code    84  stm32f10x_usart.o(i.USART_GetITStatus)
    USART_ITConfig                           0x08002a1d   Thumb Code    74  stm32f10x_usart.o(i.USART_ITConfig)
    USART_Init                               0x08002a69   Thumb Code   210  stm32f10x_usart.o(i.USART_Init)
    USART_ReceiveData                        0x08002b41   Thumb Code    10  stm32f10x_usart.o(i.USART_ReceiveData)
    USART_SendData                           0x08002b4b   Thumb Code     8  stm32f10x_usart.o(i.USART_SendData)
    UsageFault_Handler                       0x08002b53   Thumb Code     4  stm32f10x_it.o(i.UsageFault_Handler)
    Velocity_PI                              0x08002b59   Thumb Code   336  control.o(i.Velocity_PI)
    Vertical_PD                              0x08002cf1   Thumb Code    64  control.o(i.Vertical_PD)
    __0printf$8                              0x08002d3d   Thumb Code    22  printf8.o(i.__0printf$8)
    __1printf$8                              0x08002d3d   Thumb Code     0  printf8.o(i.__0printf$8)
    __2printf                                0x08002d3d   Thumb Code     0  printf8.o(i.__0printf$8)
    __ARM_fpclassify                         0x08002d5d   Thumb Code    40  fpclassify.o(i.__ARM_fpclassify)
    __kernel_poly                            0x08002d85   Thumb Code   170  poly.o(i.__kernel_poly)
    __mathlib_dbl_infnan                     0x08002e2f   Thumb Code     6  dunder.o(i.__mathlib_dbl_infnan)
    __mathlib_dbl_infnan2                    0x08002e35   Thumb Code     4  dunder.o(i.__mathlib_dbl_infnan2)
    __mathlib_dbl_invalid                    0x08002e39   Thumb Code    12  dunder.o(i.__mathlib_dbl_invalid)
    __mathlib_dbl_underflow                  0x08002e45   Thumb Code    10  dunder.o(i.__mathlib_dbl_underflow)
    __scatterload_copy                       0x08002e55   Thumb Code    14  handlers.o(i.__scatterload_copy)
    __scatterload_null                       0x08002e63   Thumb Code     2  handlers.o(i.__scatterload_null)
    __scatterload_zeroinit                   0x08002e65   Thumb Code    14  handlers.o(i.__scatterload_zeroinit)
    __set_errno                              0x08002e75   Thumb Code     6  errno.o(i.__set_errno)
    asin                                     0x0800338d   Thumb Code   572  asin.o(i.asin)
    atan                                     0x080035fd   Thumb Code   474  atan.o(i.atan)
    atan2                                    0x0800381d   Thumb Code   346  atan2.o(i.atan2)
    delay_init                               0x08003a01   Thumb Code    50  delay.o(i.delay_init)
    delay_ms                                 0x08003a45   Thumb Code    72  delay.o(i.delay_ms)
    delay_us                                 0x08003a91   Thumb Code    72  delay.o(i.delay_us)
    dmp_enable_6x_lp_quat                    0x08003add   Thumb Code    60  inv_mpu_dmp_motion_driver.o(i.dmp_enable_6x_lp_quat)
    dmp_enable_feature                       0x08003b19   Thumb Code   530  inv_mpu_dmp_motion_driver.o(i.dmp_enable_feature)
    dmp_enable_gyro_cal                      0x08003d35   Thumb Code    62  inv_mpu_dmp_motion_driver.o(i.dmp_enable_gyro_cal)
    dmp_enable_lp_quat                       0x08003d8d   Thumb Code    60  inv_mpu_dmp_motion_driver.o(i.dmp_enable_lp_quat)
    dmp_load_motion_driver_firmware          0x08003dc9   Thumb Code    20  inv_mpu_dmp_motion_driver.o(i.dmp_load_motion_driver_firmware)
    dmp_read_fifo                            0x08003de1   Thumb Code   456  inv_mpu_dmp_motion_driver.o(i.dmp_read_fifo)
    dmp_set_accel_bias                       0x08003fad   Thumb Code   300  inv_mpu_dmp_motion_driver.o(i.dmp_set_accel_bias)
    dmp_set_fifo_rate                        0x080040dd   Thumb Code    96  inv_mpu_dmp_motion_driver.o(i.dmp_set_fifo_rate)
    dmp_set_gyro_bias                        0x0800414d   Thumb Code   294  inv_mpu_dmp_motion_driver.o(i.dmp_set_gyro_bias)
    dmp_set_orientation                      0x0800427d   Thumb Code   290  inv_mpu_dmp_motion_driver.o(i.dmp_set_orientation)
    dmp_set_shake_reject_thresh              0x080043b5   Thumb Code    56  inv_mpu_dmp_motion_driver.o(i.dmp_set_shake_reject_thresh)
    dmp_set_shake_reject_time                0x080043ed   Thumb Code    38  inv_mpu_dmp_motion_driver.o(i.dmp_set_shake_reject_time)
    dmp_set_shake_reject_timeout             0x08004413   Thumb Code    38  inv_mpu_dmp_motion_driver.o(i.dmp_set_shake_reject_timeout)
    dmp_set_tap_axes                         0x08004439   Thumb Code    70  inv_mpu_dmp_motion_driver.o(i.dmp_set_tap_axes)
    dmp_set_tap_count                        0x0800447f   Thumb Code    38  inv_mpu_dmp_motion_driver.o(i.dmp_set_tap_count)
    dmp_set_tap_thresh                       0x080044a5   Thumb Code   396  inv_mpu_dmp_motion_driver.o(i.dmp_set_tap_thresh)
    dmp_set_tap_time                         0x08004645   Thumb Code    38  inv_mpu_dmp_motion_driver.o(i.dmp_set_tap_time)
    dmp_set_tap_time_multi                   0x0800466b   Thumb Code    38  inv_mpu_dmp_motion_driver.o(i.dmp_set_tap_time_multi)
    fputc                                    0x08004691   Thumb Code    32  usart2.o(i.fputc)
    inv_orientation_matrix_to_scalar         0x08004ce9   Thumb Code    40  inv_mpu.o(i.inv_orientation_matrix_to_scalar)
    inv_row_2_scale                          0x08004d11   Thumb Code    78  inv_mpu.o(i.inv_row_2_scale)
    main                                     0x08004d61   Thumb Code   116  main.o(i.main)
    mget_ms                                  0x08004de5   Thumb Code     2  inv_mpu.o(i.mget_ms)
    mpu_configure_fifo                       0x08004de9   Thumb Code   106  inv_mpu.o(i.mpu_configure_fifo)
    mpu_dmp_get_data                         0x08004e59   Thumb Code   544  inv_mpu.o(i.mpu_dmp_get_data)
    mpu_dmp_init                             0x0800507d   Thumb Code   148  inv_mpu.o(i.mpu_dmp_init)
    mpu_get_accel_fsr                        0x08005115   Thumb Code    72  inv_mpu.o(i.mpu_get_accel_fsr)
    mpu_get_accel_sens                       0x08005161   Thumb Code    78  inv_mpu.o(i.mpu_get_accel_sens)
    mpu_get_fifo_config                      0x080051b5   Thumb Code    12  inv_mpu.o(i.mpu_get_fifo_config)
    mpu_get_gyro_fsr                         0x080051c5   Thumb Code    64  inv_mpu.o(i.mpu_get_gyro_fsr)
    mpu_get_gyro_sens                        0x08005209   Thumb Code    58  inv_mpu.o(i.mpu_get_gyro_sens)
    mpu_get_lpf                              0x08005259   Thumb Code    74  inv_mpu.o(i.mpu_get_lpf)
    mpu_get_sample_rate                      0x080052a9   Thumb Code    26  inv_mpu.o(i.mpu_get_sample_rate)
    mpu_init                                 0x080052c9   Thumb Code   416  inv_mpu.o(i.mpu_init)
    mpu_load_firmware                        0x080054b9   Thumb Code   180  inv_mpu.o(i.mpu_load_firmware)
    mpu_lp_accel_mode                        0x08005571   Thumb Code   218  inv_mpu.o(i.mpu_lp_accel_mode)
    mpu_read_fifo_stream                     0x08005651   Thumb Code   186  inv_mpu.o(i.mpu_read_fifo_stream)
    mpu_read_mem                             0x08005711   Thumb Code   122  inv_mpu.o(i.mpu_read_mem)
    mpu_reset_fifo                           0x08005791   Thumb Code   450  inv_mpu.o(i.mpu_reset_fifo)
    mpu_run_self_test                        0x08005959   Thumb Code   278  inv_mpu.o(i.mpu_run_self_test)
    mpu_set_accel_fsr                        0x08005a75   Thumb Code   126  inv_mpu.o(i.mpu_set_accel_fsr)
    mpu_set_bypass                           0x08005af9   Thumb Code   328  inv_mpu.o(i.mpu_set_bypass)
    mpu_set_dmp_state                        0x08005c45   Thumb Code   138  inv_mpu.o(i.mpu_set_dmp_state)
    mpu_set_gyro_fsr                         0x08005cd5   Thumb Code   132  inv_mpu.o(i.mpu_set_gyro_fsr)
    mpu_set_int_latched                      0x08005d5d   Thumb Code   102  inv_mpu.o(i.mpu_set_int_latched)
    mpu_set_lpf                              0x08005dc9   Thumb Code   126  inv_mpu.o(i.mpu_set_lpf)
    mpu_set_sample_rate                      0x08005e4d   Thumb Code   152  inv_mpu.o(i.mpu_set_sample_rate)
    mpu_set_sensors                          0x08005ee9   Thumb Code   202  inv_mpu.o(i.mpu_set_sensors)
    mpu_write_mem                            0x08005fb9   Thumb Code   122  inv_mpu.o(i.mpu_write_mem)
    run_self_test                            0x08006039   Thumb Code   148  inv_mpu.o(i.run_self_test)
    sqrt                                     0x0800615d   Thumb Code    76  sqrt.o(i.sqrt)
    uart1_init                               0x080061a9   Thumb Code   152  usart.o(i.uart1_init)
    reg                                      0x08006e40   Data          27  inv_mpu.o(.constdata)
    hw                                       0x08006e5c   Data          12  inv_mpu.o(.constdata)
    test                                     0x08006e68   Data          40  inv_mpu.o(.constdata)
    F6x8                                     0x08006e90   Data         552  oled.o(.constdata)
    F8X16                                    0x080070b8   Data        1520  oled.o(.constdata)
    __mathlib_zero                           0x08007790   Data           8  qnan.o(.constdata)
    Region$$Table$$Base                      0x080077e8   Number         0  anon$$obj.o(Region$$Table)
    Region$$Table$$Limit                     0x08007808   Number         0  anon$$obj.o(Region$$Table)
    Target_Speed                             0x20000000   Data           4  main.o(.data)
    gyrox                                    0x20000004   Data           2  main.o(.data)
    gyroy                                    0x20000006   Data           2  main.o(.data)
    gyroz                                    0x20000008   Data           2  main.o(.data)
    Pitch                                    0x2000000c   Data           4  main.o(.data)
    Roll                                     0x20000010   Data           4  main.o(.data)
    Yaw                                      0x20000014   Data           4  main.o(.data)
    Encoder_Left                             0x20000018   Data           4  main.o(.data)
    Encoder_Right                            0x2000001c   Data           4  main.o(.data)
    Flag_Stop                                0x20000020   Data           1  main.o(.data)
    Flag_jingzhi                             0x20000021   Data           1  main.o(.data)
    Flag_front                               0x20000022   Data           1  main.o(.data)
    Flag_back                                0x20000023   Data           1  main.o(.data)
    Flag_Left                                0x20000024   Data           1  main.o(.data)
    Flag_Right                               0x20000025   Data           1  main.o(.data)
    Flag_Turn_jingzhi                        0x20000026   Data           1  main.o(.data)
    Speed_Times                              0x20000027   Data           1  main.o(.data)
    Med_Angle                                0x20000060   Data           4  control.o(.data)
    Vertical_Kp                              0x20000064   Data           4  control.o(.data)
    Vertical_Kd                              0x20000068   Data           4  control.o(.data)
    Velocity_Kp                              0x2000006c   Data           4  control.o(.data)
    Velocity_Ki                              0x20000070   Data           4  control.o(.data)
    Turn_Kp                                  0x20000074   Data           4  control.o(.data)
    Turn_Kd                                  0x20000078   Data           4  control.o(.data)
    Vertical_out                             0x2000007c   Data           4  control.o(.data)
    Velocity_out                             0x20000080   Data           4  control.o(.data)
    Turn_out                                 0x20000084   Data           4  control.o(.data)
    measure                                  0x20000088   Data           4  control.o(.data)
    motor1                                   0x2000008c   Data           4  control.o(.data)
    motor2                                   0x20000090   Data           4  control.o(.data)
    USART_RX_STA                             0x200000b0   Data           1  usart.o(.data)
    Usart1_Receive                           0x200000b1   Data           1  usart.o(.data)
    SystemCoreClock                          0x200000b8   Data           4  system_stm32f10x.o(.data)
    AHBPrescTable                            0x200000bc   Data          16  system_stm32f10x.o(.data)
    __stdout                                 0x200000e0   Data           4  stdout.o(.data)
    __initial_sp                             0x200004f8   Data           0  startup_stm32f10x_md.o(STACK)



==============================================================================

Memory Map of the image

  Image Entry point : 0x080000ed

  Load Region LR_IROM1 (Base: 0x08000000, Size: 0x000078f0, Max: 0x00010000, ABSOLUTE)

    Execution Region ER_IROM1 (Exec base: 0x08000000, Load base: 0x08000000, Size: 0x00007808, Max: 0x00010000, ABSOLUTE)

    Exec Addr    Load Addr    Size         Type   Attr      Idx    E Section Name        Object

    0x08000000   0x08000000   0x000000ec   Data   RO         1382    RESET               startup_stm32f10x_md.o
    0x080000ec   0x080000ec   0x00000000   Code   RO         4505  * .ARM.Collect$$$$00000000  mc_w.l(entry.o)
    0x080000ec   0x080000ec   0x00000004   Code   RO         4850    .ARM.Collect$$$$00000001  mc_w.l(entry2.o)
    0x080000f0   0x080000f0   0x00000004   Code   RO         4853    .ARM.Collect$$$$00000004  mc_w.l(entry5.o)
    0x080000f4   0x080000f4   0x00000000   Code   RO         4855    .ARM.Collect$$$$00000008  mc_w.l(entry7b.o)
    0x080000f4   0x080000f4   0x00000000   Code   RO         4857    .ARM.Collect$$$$0000000A  mc_w.l(entry8b.o)
    0x080000f4   0x080000f4   0x00000008   Code   RO         4858    .ARM.Collect$$$$0000000B  mc_w.l(entry9a.o)
    0x080000fc   0x080000fc   0x00000000   Code   RO         4860    .ARM.Collect$$$$0000000D  mc_w.l(entry10a.o)
    0x080000fc   0x080000fc   0x00000000   Code   RO         4862    .ARM.Collect$$$$0000000F  mc_w.l(entry11a.o)
    0x080000fc   0x080000fc   0x00000004   Code   RO         4851    .ARM.Collect$$$$00002712  mc_w.l(entry2.o)
    0x08000100   0x08000100   0x00000024   Code   RO         1383    .text               startup_stm32f10x_md.o
    0x08000124   0x08000124   0x00000062   Code   RO         4508    .text               mc_w.l(ldiv.o)
    0x08000186   0x08000186   0x00000024   Code   RO         4510    .text               mc_w.l(memseta.o)
    0x080001aa   0x080001aa   0x0000001a   Code   RO         4512    .text               mc_w.l(memcmp.o)
    0x080001c4   0x080001c4   0x000000b0   Code   RO         4775    .text               mf_w.l(fadd.o)
    0x08000274   0x08000274   0x00000064   Code   RO         4777    .text               mf_w.l(fmul.o)
    0x080002d8   0x080002d8   0x0000007c   Code   RO         4779    .text               mf_w.l(fdiv.o)
    0x08000354   0x08000354   0x0000014e   Code   RO         4781    .text               mf_w.l(dadd.o)
    0x080004a2   0x080004a2   0x000000e4   Code   RO         4783    .text               mf_w.l(dmul.o)
    0x08000586   0x08000586   0x000000de   Code   RO         4785    .text               mf_w.l(ddiv.o)
    0x08000664   0x08000664   0x00000012   Code   RO         4787    .text               mf_w.l(fflti.o)
    0x08000676   0x08000676   0x0000000a   Code   RO         4789    .text               mf_w.l(ffltui.o)
    0x08000680   0x08000680   0x00000022   Code   RO         4791    .text               mf_w.l(dflti.o)
    0x080006a2   0x080006a2   0x00000032   Code   RO         4795    .text               mf_w.l(ffixi.o)
    0x080006d4   0x080006d4   0x00000028   Code   RO         4797    .text               mf_w.l(ffixui.o)
    0x080006fc   0x080006fc   0x0000003e   Code   RO         4799    .text               mf_w.l(dfixi.o)
    0x0800073a   0x0800073a   0x00000032   Code   RO         4801    .text               mf_w.l(dfixui.o)
    0x0800076c   0x0800076c   0x00000026   Code   RO         4803    .text               mf_w.l(f2d.o)
    0x08000792   0x08000792   0x00000002   PAD
    0x08000794   0x08000794   0x00000030   Code   RO         4805    .text               mf_w.l(cdcmple.o)
    0x080007c4   0x080007c4   0x00000038   Code   RO         4807    .text               mf_w.l(d2f.o)
    0x080007fc   0x080007fc   0x00000014   Code   RO         4809    .text               mf_w.l(cfcmple.o)
    0x08000810   0x08000810   0x00000014   Code   RO         4811    .text               mf_w.l(cfrcmple.o)
    0x08000824   0x08000824   0x00000062   Code   RO         4867    .text               mc_w.l(uldiv.o)
    0x08000886   0x08000886   0x0000001e   Code   RO         4869    .text               mc_w.l(llshl.o)
    0x080008a4   0x080008a4   0x00000020   Code   RO         4871    .text               mc_w.l(llushr.o)
    0x080008c4   0x080008c4   0x00000024   Code   RO         4873    .text               mc_w.l(llsshr.o)
    0x080008e8   0x080008e8   0x00000000   Code   RO         4882    .text               mc_w.l(iusefp.o)
    0x080008e8   0x080008e8   0x0000006e   Code   RO         4883    .text               mf_w.l(fepilogue.o)
    0x08000956   0x08000956   0x000000ba   Code   RO         4885    .text               mf_w.l(depilogue.o)
    0x08000a10   0x08000a10   0x0000002e   Code   RO         4887    .text               mf_w.l(dscalb.o)
    0x08000a3e   0x08000a3e   0x00000002   PAD
    0x08000a40   0x08000a40   0x00000024   Code   RO         4893    .text               mc_w.l(init.o)
    0x08000a64   0x08000a64   0x000000a2   Code   RO         4895    .text               mf_w.l(dsqrt.o)
    0x08000b06   0x08000b06   0x00000004   Code   RO          167    i.BusFault_Handler  stm32f10x_it.o
    0x08000b0a   0x08000b0a   0x00000002   PAD
    0x08000b0c   0x08000b0c   0x0000002c   Code   RO         1264    i.Button_Init       button.o
    0x08000b38   0x08000b38   0x00000002   Code   RO          168    i.DebugMon_Handler  stm32f10x_it.o
    0x08000b3a   0x08000b3a   0x00000002   PAD
    0x08000b3c   0x08000b3c   0x000000fc   Code   RO          891    i.EXTI9_5_IRQHandler  control.o
    0x08000c38   0x08000c38   0x0000000c   Code   RO         2276    i.EXTI_ClearITPendingBit  stm32f10x_exti.o
    0x08000c44   0x08000c44   0x00000028   Code   RO         2280    i.EXTI_GetITStatus  stm32f10x_exti.o
    0x08000c6c   0x08000c6c   0x00000094   Code   RO         2281    i.EXTI_Init         stm32f10x_exti.o
    0x08000d00   0x08000d00   0x00000098   Code   RO          927    i.Encoder_TIM2_Init  encoder.o
    0x08000d98   0x08000d98   0x00000098   Code   RO          928    i.Encoder_TIM4_Init  encoder.o
    0x08000e30   0x08000e30   0x00000010   Code   RO          981    i.GFP_abs           motor.o
    0x08000e40   0x08000e40   0x00000040   Code   RO         2635    i.GPIO_EXTILineConfig  stm32f10x_gpio.o
    0x08000e80   0x08000e80   0x00000116   Code   RO         2638    i.GPIO_Init         stm32f10x_gpio.o
    0x08000f96   0x08000f96   0x00000002   PAD
    0x08000f98   0x08000f98   0x00000090   Code   RO         2640    i.GPIO_PinRemapConfig  stm32f10x_gpio.o
    0x08001028   0x08001028   0x00000004   Code   RO         2645    i.GPIO_ResetBits    stm32f10x_gpio.o
    0x0800102c   0x0800102c   0x00000004   Code   RO         2646    i.GPIO_SetBits      stm32f10x_gpio.o
    0x08001030   0x08001030   0x00000004   Code   RO          169    i.HardFault_Handler  stm32f10x_it.o
    0x08001034   0x08001034   0x0000003c   Code   RO          982    i.Limit             motor.o
    0x08001070   0x08001070   0x00000050   Code   RO          966    i.MPU6050_EXTI_Init  exti.o
    0x080010c0   0x080010c0   0x00000050   Code   RO          231    i.MPU_Get_Gyroscope  mpu6050.o
    0x08001110   0x08001110   0x0000004c   Code   RO          318    i.MPU_IIC_Ack       mpuiic.o
    0x0800115c   0x0800115c   0x0000000a   Code   RO          319    i.MPU_IIC_Delay     mpuiic.o
    0x08001166   0x08001166   0x00000002   PAD
    0x08001168   0x08001168   0x0000002c   Code   RO          320    i.MPU_IIC_Init      mpuiic.o
    0x08001194   0x08001194   0x0000004c   Code   RO          321    i.MPU_IIC_NAck      mpuiic.o
    0x080011e0   0x080011e0   0x0000006c   Code   RO          322    i.MPU_IIC_Read_Byte  mpuiic.o
    0x0800124c   0x0800124c   0x0000005c   Code   RO          323    i.MPU_IIC_Send_Byte  mpuiic.o
    0x080012a8   0x080012a8   0x00000048   Code   RO          324    i.MPU_IIC_Start     mpuiic.o
    0x080012f0   0x080012f0   0x00000048   Code   RO          325    i.MPU_IIC_Stop      mpuiic.o
    0x08001338   0x08001338   0x00000064   Code   RO          326    i.MPU_IIC_Wait_Ack  mpuiic.o
    0x0800139c   0x0800139c   0x0000007a   Code   RO          233    i.MPU_Init          mpu6050.o
    0x08001416   0x08001416   0x0000003a   Code   RO          234    i.MPU_Read_Byte     mpu6050.o
    0x08001450   0x08001450   0x00000074   Code   RO          235    i.MPU_Read_Len      mpu6050.o
    0x080014c4   0x080014c4   0x00000010   Code   RO          236    i.MPU_Set_Accel_Fsr  mpu6050.o
    0x080014d4   0x080014d4   0x00000010   Code   RO          237    i.MPU_Set_Gyro_Fsr  mpu6050.o
    0x080014e4   0x080014e4   0x0000003a   Code   RO          238    i.MPU_Set_LPF       mpu6050.o
    0x0800151e   0x0800151e   0x0000003a   Code   RO          239    i.MPU_Set_Rate      mpu6050.o
    0x08001558   0x08001558   0x00000044   Code   RO          240    i.MPU_Write_Byte    mpu6050.o
    0x0800159c   0x0800159c   0x00000060   Code   RO          241    i.MPU_Write_Len     mpu6050.o
    0x080015fc   0x080015fc   0x00000004   Code   RO          170    i.MemManage_Handler  stm32f10x_it.o
    0x08001600   0x08001600   0x0000002c   Code   RO          983    i.Motor_Init        motor.o
    0x0800162c   0x0800162c   0x00000002   Code   RO          171    i.NMI_Handler       stm32f10x_it.o
    0x0800162e   0x0800162e   0x0000005c   Code   RO         1279    i.NVIC_Config       sys.o
    0x0800168a   0x0800168a   0x00000002   PAD
    0x0800168c   0x0800168c   0x00000070   Code   RO         1451    i.NVIC_Init         misc.o
    0x080016fc   0x080016fc   0x00000014   Code   RO         1452    i.NVIC_PriorityGroupConfig  misc.o
    0x08001710   0x08001710   0x0000003e   Code   RO         1037    i.OLED_Clear        oled.o
    0x0800174e   0x0800174e   0x00000002   PAD
    0x08001750   0x08001750   0x000001c0   Code   RO         1041    i.OLED_Float        oled.o
    0x08001910   0x08001910   0x00000030   Code   RO         1043    i.OLED_IIC_Start    oled.o
    0x08001940   0x08001940   0x00000028   Code   RO         1044    i.OLED_IIC_Stop     oled.o
    0x08001968   0x08001968   0x0000001c   Code   RO         1045    i.OLED_IIC_Wait_Ack  oled.o
    0x08001984   0x08001984   0x00000124   Code   RO         1046    i.OLED_Init         oled.o
    0x08001aa8   0x08001aa8   0x00000028   Code   RO         1053    i.OLED_Set_Pos      oled.o
    0x08001ad0   0x08001ad0   0x000000a4   Code   RO         1055    i.OLED_ShowChar     oled.o
    0x08001b74   0x08001b74   0x00000036   Code   RO         1057    i.OLED_ShowString   oled.o
    0x08001baa   0x08001baa   0x00000018   Code   RO         1058    i.OLED_WR_Byte      oled.o
    0x08001bc2   0x08001bc2   0x00000002   PAD
    0x08001bc4   0x08001bc4   0x0000005c   Code   RO         1059    i.OLED_Write_IIC_Byte  oled.o
    0x08001c20   0x08001c20   0x0000002c   Code   RO         1060    i.OLED_Write_IIC_Command  oled.o
    0x08001c4c   0x08001c4c   0x0000002c   Code   RO         1061    i.OLED_Write_IIC_Data  oled.o
    0x08001c78   0x08001c78   0x000000ac   Code   RO         1020    i.PWM_Init_TIM1     pwm.o
    0x08001d24   0x08001d24   0x00000002   Code   RO          172    i.PendSV_Handler    stm32f10x_it.o
    0x08001d26   0x08001d26   0x00000002   PAD
    0x08001d28   0x08001d28   0x00000020   Code   RO         3066    i.RCC_APB1PeriphClockCmd  stm32f10x_rcc.o
    0x08001d48   0x08001d48   0x00000020   Code   RO         3068    i.RCC_APB2PeriphClockCmd  stm32f10x_rcc.o
    0x08001d68   0x08001d68   0x000000d4   Code   RO         3076    i.RCC_GetClocksFreq  stm32f10x_rcc.o
    0x08001e3c   0x08001e3c   0x00000044   Code   RO          929    i.Read_Spead        encoder.o
    0x08001e80   0x08001e80   0x0000007c   Code   RO          984    i.SETPWM            motor.o
    0x08001efc   0x08001efc   0x00000002   Code   RO          173    i.SVC_Handler       stm32f10x_it.o
    0x08001efe   0x08001efe   0x00000008   Code   RO         1398    i.SetSysClock       system_stm32f10x.o
    0x08001f06   0x08001f06   0x00000002   PAD
    0x08001f08   0x08001f08   0x000000e0   Code   RO         1399    i.SetSysClockTo72   system_stm32f10x.o
    0x08001fe8   0x08001fe8   0x00000028   Code   RO         1455    i.SysTick_CLKSourceConfig  misc.o
    0x08002010   0x08002010   0x00000002   Code   RO          174    i.SysTick_Handler   stm32f10x_it.o
    0x08002012   0x08002012   0x00000002   PAD
    0x08002014   0x08002014   0x00000060   Code   RO         1401    i.SystemInit        system_stm32f10x.o
    0x08002074   0x08002074   0x00000080   Code   RO         3696    i.TI1_Config        stm32f10x_tim.o
    0x080020f4   0x080020f4   0x00000098   Code   RO         3697    i.TI2_Config        stm32f10x_tim.o
    0x0800218c   0x0800218c   0x00000090   Code   RO         3698    i.TI3_Config        stm32f10x_tim.o
    0x0800221c   0x0800221c   0x00000098   Code   RO         3699    i.TI4_Config        stm32f10x_tim.o
    0x080022b4   0x080022b4   0x00000018   Code   RO          930    i.TIM2_IRQHandler   encoder.o
    0x080022cc   0x080022cc   0x0000001c   Code   RO          931    i.TIM4_IRQHandler   encoder.o
    0x080022e8   0x080022e8   0x00000018   Code   RO         3700    i.TIM_ARRPreloadConfig  stm32f10x_tim.o
    0x08002300   0x08002300   0x00000006   Code   RO         3706    i.TIM_ClearFlag     stm32f10x_tim.o
    0x08002306   0x08002306   0x00000006   Code   RO         3707    i.TIM_ClearITPendingBit  stm32f10x_tim.o
    0x0800230c   0x0800230c   0x00000018   Code   RO         3712    i.TIM_Cmd           stm32f10x_tim.o
    0x08002324   0x08002324   0x0000001e   Code   RO         3714    i.TIM_CtrlPWMOutputs  stm32f10x_tim.o
    0x08002342   0x08002342   0x00000042   Code   RO         3721    i.TIM_EncoderInterfaceConfig  stm32f10x_tim.o
    0x08002384   0x08002384   0x00000006   Code   RO         3731    i.TIM_GetCounter    stm32f10x_tim.o
    0x0800238a   0x0800238a   0x00000022   Code   RO         3733    i.TIM_GetITStatus   stm32f10x_tim.o
    0x080023ac   0x080023ac   0x000000ac   Code   RO         3735    i.TIM_ICInit        stm32f10x_tim.o
    0x08002458   0x08002458   0x00000012   Code   RO         3736    i.TIM_ICStructInit  stm32f10x_tim.o
    0x0800246a   0x0800246a   0x00000012   Code   RO         3737    i.TIM_ITConfig      stm32f10x_tim.o
    0x0800247c   0x0800247c   0x00000098   Code   RO         3741    i.TIM_OC1Init       stm32f10x_tim.o
    0x08002514   0x08002514   0x00000012   Code   RO         3744    i.TIM_OC1PreloadConfig  stm32f10x_tim.o
    0x08002526   0x08002526   0x00000002   PAD
    0x08002528   0x08002528   0x0000007c   Code   RO         3756    i.TIM_OC4Init       stm32f10x_tim.o
    0x080025a4   0x080025a4   0x0000001a   Code   RO         3758    i.TIM_OC4PreloadConfig  stm32f10x_tim.o
    0x080025be   0x080025be   0x00000004   Code   RO         3773    i.TIM_SetCompare1   stm32f10x_tim.o
    0x080025c2   0x080025c2   0x00000006   Code   RO         3776    i.TIM_SetCompare4   stm32f10x_tim.o
    0x080025c8   0x080025c8   0x00000004   Code   RO         3777    i.TIM_SetCounter    stm32f10x_tim.o
    0x080025cc   0x080025cc   0x00000012   Code   RO         3778    i.TIM_SetIC1Prescaler  stm32f10x_tim.o
    0x080025de   0x080025de   0x0000001a   Code   RO         3779    i.TIM_SetIC2Prescaler  stm32f10x_tim.o
    0x080025f8   0x080025f8   0x00000012   Code   RO         3780    i.TIM_SetIC3Prescaler  stm32f10x_tim.o
    0x0800260a   0x0800260a   0x0000001a   Code   RO         3781    i.TIM_SetIC4Prescaler  stm32f10x_tim.o
    0x08002624   0x08002624   0x000000a4   Code   RO         3783    i.TIM_TimeBaseInit  stm32f10x_tim.o
    0x080026c8   0x080026c8   0x00000012   Code   RO         3784    i.TIM_TimeBaseStructInit  stm32f10x_tim.o
    0x080026da   0x080026da   0x00000002   PAD
    0x080026dc   0x080026dc   0x000000b4   Code   RO          892    i.Turn              control.o
    0x08002790   0x08002790   0x0000004c   Code   RO          985    i.Turn_Off          motor.o
    0x080027dc   0x080027dc   0x00000100   Code   RO         1304    i.USART1_IRQHandler  usart.o
    0x080028dc   0x080028dc   0x00000014   Code   RO         1231    i.USART2_IRQHandler  usart2.o
    0x080028f0   0x080028f0   0x00000088   Code   RO         1232    i.USART2_Init       usart2.o
    0x08002978   0x08002978   0x0000001e   Code   RO         4248    i.USART_ClearITPendingBit  stm32f10x_usart.o
    0x08002996   0x08002996   0x00000018   Code   RO         4251    i.USART_Cmd         stm32f10x_usart.o
    0x080029ae   0x080029ae   0x0000001a   Code   RO         4254    i.USART_GetFlagStatus  stm32f10x_usart.o
    0x080029c8   0x080029c8   0x00000054   Code   RO         4255    i.USART_GetITStatus  stm32f10x_usart.o
    0x08002a1c   0x08002a1c   0x0000004a   Code   RO         4257    i.USART_ITConfig    stm32f10x_usart.o
    0x08002a66   0x08002a66   0x00000002   PAD
    0x08002a68   0x08002a68   0x000000d8   Code   RO         4258    i.USART_Init        stm32f10x_usart.o
    0x08002b40   0x08002b40   0x0000000a   Code   RO         4265    i.USART_ReceiveData  stm32f10x_usart.o
    0x08002b4a   0x08002b4a   0x00000008   Code   RO         4268    i.USART_SendData    stm32f10x_usart.o
    0x08002b52   0x08002b52   0x00000004   Code   RO          175    i.UsageFault_Handler  stm32f10x_it.o
    0x08002b56   0x08002b56   0x00000002   PAD
    0x08002b58   0x08002b58   0x00000198   Code   RO          893    i.Velocity_PI       control.o
    0x08002cf0   0x08002cf0   0x0000004c   Code   RO          894    i.Vertical_PD       control.o
    0x08002d3c   0x08002d3c   0x00000020   Code   RO         4721    i.__0printf$8       mc_w.l(printf8.o)
    0x08002d5c   0x08002d5c   0x00000028   Code   RO         4837    i.__ARM_fpclassify  m_ws.l(fpclassify.o)
    0x08002d84   0x08002d84   0x000000aa   Code   RO         4839    i.__kernel_poly     m_ws.l(poly.o)
    0x08002e2e   0x08002e2e   0x00000006   Code   RO         4824    i.__mathlib_dbl_infnan  m_ws.l(dunder.o)
    0x08002e34   0x08002e34   0x00000004   Code   RO         4825    i.__mathlib_dbl_infnan2  m_ws.l(dunder.o)
    0x08002e38   0x08002e38   0x0000000c   Code   RO         4826    i.__mathlib_dbl_invalid  m_ws.l(dunder.o)
    0x08002e44   0x08002e44   0x00000010   Code   RO         4829    i.__mathlib_dbl_underflow  m_ws.l(dunder.o)
    0x08002e54   0x08002e54   0x0000000e   Code   RO         4899    i.__scatterload_copy  mc_w.l(handlers.o)
    0x08002e62   0x08002e62   0x00000002   Code   RO         4900    i.__scatterload_null  mc_w.l(handlers.o)
    0x08002e64   0x08002e64   0x0000000e   Code   RO         4901    i.__scatterload_zeroinit  mc_w.l(handlers.o)
    0x08002e72   0x08002e72   0x00000002   PAD
    0x08002e74   0x08002e74   0x0000000c   Code   RO         4877    i.__set_errno       mc_w.l(errno.o)
    0x08002e80   0x08002e80   0x00000410   Code   RO         4728    i._printf_core      mc_w.l(printf8.o)
    0x08003290   0x08003290   0x00000024   Code   RO         4729    i._printf_post_padding  mc_w.l(printf8.o)
    0x080032b4   0x080032b4   0x0000002e   Code   RO         4730    i._printf_pre_padding  mc_w.l(printf8.o)
    0x080032e2   0x080032e2   0x00000002   PAD
    0x080032e4   0x080032e4   0x000000a8   Code   RO          566    i.accel_self_test   inv_mpu.o
    0x0800338c   0x0800338c   0x00000270   Code   RO         4488    i.asin              m_ws.l(asin.o)
    0x080035fc   0x080035fc   0x00000220   Code   RO         4814    i.atan              m_ws.l(atan.o)
    0x0800381c   0x0800381c   0x00000180   Code   RO         4498    i.atan2             m_ws.l(atan2.o)
    0x0800399c   0x0800399c   0x00000064   Code   RO          378    i.decode_gesture    inv_mpu_dmp_motion_driver.o
    0x08003a00   0x08003a00   0x00000044   Code   RO         1330    i.delay_init        delay.o
    0x08003a44   0x08003a44   0x0000004c   Code   RO         1331    i.delay_ms          delay.o
    0x08003a90   0x08003a90   0x0000004c   Code   RO         1332    i.delay_us          delay.o
    0x08003adc   0x08003adc   0x0000003c   Code   RO          379    i.dmp_enable_6x_lp_quat  inv_mpu_dmp_motion_driver.o
    0x08003b18   0x08003b18   0x0000021c   Code   RO          380    i.dmp_enable_feature  inv_mpu_dmp_motion_driver.o
    0x08003d34   0x08003d34   0x00000058   Code   RO          381    i.dmp_enable_gyro_cal  inv_mpu_dmp_motion_driver.o
    0x08003d8c   0x08003d8c   0x0000003c   Code   RO          382    i.dmp_enable_lp_quat  inv_mpu_dmp_motion_driver.o
    0x08003dc8   0x08003dc8   0x00000018   Code   RO          387    i.dmp_load_motion_driver_firmware  inv_mpu_dmp_motion_driver.o
    0x08003de0   0x08003de0   0x000001cc   Code   RO          388    i.dmp_read_fifo     inv_mpu_dmp_motion_driver.o
    0x08003fac   0x08003fac   0x00000130   Code   RO          391    i.dmp_set_accel_bias  inv_mpu_dmp_motion_driver.o
    0x080040dc   0x080040dc   0x00000070   Code   RO          392    i.dmp_set_fifo_rate  inv_mpu_dmp_motion_driver.o
    0x0800414c   0x0800414c   0x00000130   Code   RO          393    i.dmp_set_gyro_bias  inv_mpu_dmp_motion_driver.o
    0x0800427c   0x0800427c   0x00000138   Code   RO          395    i.dmp_set_orientation  inv_mpu_dmp_motion_driver.o
    0x080043b4   0x080043b4   0x00000038   Code   RO          398    i.dmp_set_shake_reject_thresh  inv_mpu_dmp_motion_driver.o
    0x080043ec   0x080043ec   0x00000026   Code   RO          399    i.dmp_set_shake_reject_time  inv_mpu_dmp_motion_driver.o
    0x08004412   0x08004412   0x00000026   Code   RO          400    i.dmp_set_shake_reject_timeout  inv_mpu_dmp_motion_driver.o
    0x08004438   0x08004438   0x00000046   Code   RO          401    i.dmp_set_tap_axes  inv_mpu_dmp_motion_driver.o
    0x0800447e   0x0800447e   0x00000026   Code   RO          402    i.dmp_set_tap_count  inv_mpu_dmp_motion_driver.o
    0x080044a4   0x080044a4   0x000001a0   Code   RO          403    i.dmp_set_tap_thresh  inv_mpu_dmp_motion_driver.o
    0x08004644   0x08004644   0x00000026   Code   RO          404    i.dmp_set_tap_time  inv_mpu_dmp_motion_driver.o
    0x0800466a   0x0800466a   0x00000026   Code   RO          405    i.dmp_set_tap_time_multi  inv_mpu_dmp_motion_driver.o
    0x08004690   0x08004690   0x00000024   Code   RO         1234    i.fputc             usart2.o
    0x080046b4   0x080046b4   0x000000b4   Code   RO          567    i.get_accel_prod_shift  inv_mpu.o
    0x08004768   0x08004768   0x00000470   Code   RO          568    i.get_st_biases     inv_mpu.o
    0x08004bd8   0x08004bd8   0x00000110   Code   RO          569    i.gyro_self_test    inv_mpu.o
    0x08004ce8   0x08004ce8   0x00000028   Code   RO          570    i.inv_orientation_matrix_to_scalar  inv_mpu.o
    0x08004d10   0x08004d10   0x0000004e   Code   RO          571    i.inv_row_2_scale   inv_mpu.o
    0x08004d5e   0x08004d5e   0x00000002   PAD
    0x08004d60   0x08004d60   0x00000084   Code   RO            1    i.main              main.o
    0x08004de4   0x08004de4   0x00000002   Code   RO          572    i.mget_ms           inv_mpu.o
    0x08004de6   0x08004de6   0x00000002   PAD
    0x08004de8   0x08004de8   0x00000070   Code   RO          573    i.mpu_configure_fifo  inv_mpu.o
    0x08004e58   0x08004e58   0x00000224   Code   RO          574    i.mpu_dmp_get_data  inv_mpu.o
    0x0800507c   0x0800507c   0x00000098   Code   RO          575    i.mpu_dmp_init      inv_mpu.o
    0x08005114   0x08005114   0x0000004c   Code   RO          576    i.mpu_get_accel_fsr  inv_mpu.o
    0x08005160   0x08005160   0x00000054   Code   RO          578    i.mpu_get_accel_sens  inv_mpu.o
    0x080051b4   0x080051b4   0x00000010   Code   RO          583    i.mpu_get_fifo_config  inv_mpu.o
    0x080051c4   0x080051c4   0x00000044   Code   RO          584    i.mpu_get_gyro_fsr  inv_mpu.o
    0x08005208   0x08005208   0x00000050   Code   RO          586    i.mpu_get_gyro_sens  inv_mpu.o
    0x08005258   0x08005258   0x00000050   Code   RO          588    i.mpu_get_lpf       inv_mpu.o
    0x080052a8   0x080052a8   0x00000020   Code   RO          590    i.mpu_get_sample_rate  inv_mpu.o
    0x080052c8   0x080052c8   0x000001f0   Code   RO          592    i.mpu_init          inv_mpu.o
    0x080054b8   0x080054b8   0x000000b8   Code   RO          593    i.mpu_load_firmware  inv_mpu.o
    0x08005570   0x08005570   0x000000e0   Code   RO          594    i.mpu_lp_accel_mode  inv_mpu.o
    0x08005650   0x08005650   0x000000c0   Code   RO          597    i.mpu_read_fifo_stream  inv_mpu.o
    0x08005710   0x08005710   0x00000080   Code   RO          598    i.mpu_read_mem      inv_mpu.o
    0x08005790   0x08005790   0x000001c8   Code   RO          601    i.mpu_reset_fifo    inv_mpu.o
    0x08005958   0x08005958   0x0000011c   Code   RO          602    i.mpu_run_self_test  inv_mpu.o
    0x08005a74   0x08005a74   0x00000084   Code   RO          604    i.mpu_set_accel_fsr  inv_mpu.o
    0x08005af8   0x08005af8   0x0000014c   Code   RO          605    i.mpu_set_bypass    inv_mpu.o
    0x08005c44   0x08005c44   0x00000090   Code   RO          607    i.mpu_set_dmp_state  inv_mpu.o
    0x08005cd4   0x08005cd4   0x00000088   Code   RO          608    i.mpu_set_gyro_fsr  inv_mpu.o
    0x08005d5c   0x08005d5c   0x0000006c   Code   RO          609    i.mpu_set_int_latched  inv_mpu.o
    0x08005dc8   0x08005dc8   0x00000084   Code   RO          611    i.mpu_set_lpf       inv_mpu.o
    0x08005e4c   0x08005e4c   0x0000009c   Code   RO          612    i.mpu_set_sample_rate  inv_mpu.o
    0x08005ee8   0x08005ee8   0x000000d0   Code   RO          613    i.mpu_set_sensors   inv_mpu.o
    0x08005fb8   0x08005fb8   0x00000080   Code   RO          614    i.mpu_write_mem     inv_mpu.o
    0x08006038   0x08006038   0x00000094   Code   RO          615    i.run_self_test     inv_mpu.o
    0x080060cc   0x080060cc   0x00000090   Code   RO          616    i.set_int_enable    inv_mpu.o
    0x0800615c   0x0800615c   0x0000004c   Code   RO         4843    i.sqrt              m_ws.l(sqrt.o)
    0x080061a8   0x080061a8   0x000000a0   Code   RO         1305    i.uart1_init        usart.o
    0x08006248   0x08006248   0x00000bf6   Data   RO          407    .constdata          inv_mpu_dmp_motion_driver.o
    0x08006e3e   0x08006e3e   0x00000002   PAD
    0x08006e40   0x08006e40   0x00000050   Data   RO          618    .constdata          inv_mpu.o
    0x08006e90   0x08006e90   0x00000818   Data   RO         1065    .constdata          oled.o
    0x080076a8   0x080076a8   0x00000050   Data   RO         4489    .constdata          m_ws.l(asin.o)
    0x080076f8   0x080076f8   0x00000098   Data   RO         4815    .constdata          m_ws.l(atan.o)
    0x08007790   0x08007790   0x00000008   Data   RO         4841    .constdata          m_ws.l(qnan.o)
    0x08007798   0x08007798   0x0000004d   Data   RO          619    .conststring        inv_mpu.o
    0x080077e5   0x080077e5   0x00000003   PAD
    0x080077e8   0x080077e8   0x00000020   Data   RO         4897    Region$$Table       anon$$obj.o


    Execution Region RW_IRAM1 (Exec base: 0x20000000, Load base: 0x08007808, Size: 0x000004f8, Max: 0x00005000, ABSOLUTE)

    Exec Addr    Load Addr    Size         Type   Attr      Idx    E Section Name        Object

    0x20000000   0x08007808   0x00000028   Data   RW            2    .data               main.o
    0x20000028   0x08007830   0x00000035   Data   RW          620    .data               inv_mpu.o
    0x2000005d   0x08007865   0x00000003   PAD
    0x20000060   0x08007868   0x00000050   Data   RW          895    .data               control.o
    0x200000b0   0x080078b8   0x00000002   Data   RW         1307    .data               usart.o
    0x200000b2   0x080078ba   0x00000004   Data   RW         1333    .data               delay.o
    0x200000b6   0x080078be   0x00000002   PAD
    0x200000b8   0x080078c0   0x00000014   Data   RW         1402    .data               system_stm32f10x.o
    0x200000cc   0x080078d4   0x00000014   Data   RW         3096    .data               stm32f10x_rcc.o
    0x200000e0   0x080078e8   0x00000004   Data   RW         4864    .data               mc_w.l(stdout.o)
    0x200000e4   0x080078ec   0x00000004   Data   RW         4878    .data               mc_w.l(errno.o)
    0x200000e8        -       0x00000010   Zero   RW          406    .bss                inv_mpu_dmp_motion_driver.o
    0x200000f8        -       0x00000400   Zero   RW         1380    STACK               startup_stm32f10x_md.o


==============================================================================

Image component sizes


      Code (inc. data)   RO Data    RW Data    ZI Data      Debug   Object Name

        44          6          0          0          0        478   button.o
       916        182          0         80          0       3365   control.o
       220         26          0          4          0       1615   delay.o
       424         22          0          0          0       2809   encoder.o
        80          6          0          0          0        532   exti.o
      6856        288        157         53          0      30588   inv_mpu.o
      3096        122       3062          0         16      20414   inv_mpu_dmp_motion_driver.o
       132         16          0         40          0     255925   main.o
       172         22          0          0          0       3553   misc.o
       320         40          0          0          0       2663   motor.o
       688          0          0          0          0       6707   mpu6050.o
       650        100          0          0          0       4686   mpuiic.o
      1380         44       2072          0          0       8793   oled.o
       172         10          0          0          0        720   pwm.o
        36          8        236          0       1024        820   startup_stm32f10x_md.o
       200         18          0          0          0       4100   stm32f10x_exti.o
       494         10          0          0          0      12596   stm32f10x_gpio.o
        26          0          0          0          0       3702   stm32f10x_it.o
       276         32          0         20          0      12958   stm32f10x_rcc.o
      1584        180          0          0          0      37060   stm32f10x_tim.o
       472          6          0          0          0      12491   stm32f10x_usart.o
        92          0          0          0          0        494   sys.o
       328         28          0         20          0       2117   system_stm32f10x.o
       416         44          0          2          0       1948   usart.o
       192         20          0          0          0       1654   usart2.o

    ----------------------------------------------------------------------
     19298       1230       5564        224       1040     432788   Object Totals
         0          0         32          0          0          0   (incl. Generated)
        32          0          5          5          0          0   (incl. Padding)

    ----------------------------------------------------------------------

      Code (inc. data)   RO Data    RW Data    ZI Data      Debug   Library Member Name

       624         52         80          0          0        168   asin.o
       544         70        152          0          0        124   atan.o
       384         38          0          0          0        144   atan2.o
        38          6          0          0          0        272   dunder.o
        40          0          0          0          0         68   fpclassify.o
       170          0          0          0          0         96   poly.o
         0          0          8          0          0          0   qnan.o
        76          0          0          0          0         84   sqrt.o
         0          0          0          0          0          0   entry.o
         0          0          0          0          0          0   entry10a.o
         0          0          0          0          0          0   entry11a.o
         8          4          0          0          0          0   entry2.o
         4          0          0          0          0          0   entry5.o
         0          0          0          0          0          0   entry7b.o
         0          0          0          0          0          0   entry8b.o
         8          4          0          0          0          0   entry9a.o
        12          6          0          4          0         68   errno.o
        30          0          0          0          0          0   handlers.o
        36          8          0          0          0         68   init.o
         0          0          0          0          0          0   iusefp.o
        98          0          0          0          0         84   ldiv.o
        30          0          0          0          0         68   llshl.o
        36          0          0          0          0         68   llsshr.o
        32          0          0          0          0         68   llushr.o
        26          0          0          0          0         80   memcmp.o
        36          0          0          0          0        108   memseta.o
      1154         54          0          0          0        352   printf8.o
         0          0          0          4          0          0   stdout.o
        98          0          0          0          0         92   uldiv.o
        48          0          0          0          0         68   cdcmple.o
        20          0          0          0          0         68   cfcmple.o
        20          0          0          0          0         68   cfrcmple.o
        56          0          0          0          0         88   d2f.o
       334          0          0          0          0        148   dadd.o
       222          0          0          0          0        100   ddiv.o
       186          0          0          0          0        176   depilogue.o
        62          0          0          0          0         80   dfixi.o
        50          0          0          0          0         76   dfixui.o
        34          0          0          0          0         76   dflti.o
       228          0          0          0          0         96   dmul.o
        46          0          0          0          0         80   dscalb.o
       162          0          0          0          0        100   dsqrt.o
        38          0          0          0          0         68   f2d.o
       176          0          0          0          0        140   fadd.o
       124          0          0          0          0         88   fdiv.o
       110          0          0          0          0        168   fepilogue.o
        50          0          0          0          0         68   ffixi.o
        40          0          0          0          0         68   ffixui.o
        18          0          0          0          0         68   fflti.o
        10          0          0          0          0         68   ffltui.o
       100          0          0          0          0         76   fmul.o

    ----------------------------------------------------------------------
      5626        242        240          8          0       4048   Library Totals
         8          0          0          0          0          0   (incl. Padding)

    ----------------------------------------------------------------------

      Code (inc. data)   RO Data    RW Data    ZI Data      Debug   Library Name

      1876        166        240          0          0        956   m_ws.l
      1608         76          0          8          0       1056   mc_w.l
      2134          0          0          0          0       2036   mf_w.l

    ----------------------------------------------------------------------
      5626        242        240          8          0       4048   Library Totals

    ----------------------------------------------------------------------

==============================================================================


      Code (inc. data)   RO Data    RW Data    ZI Data      Debug   

     24924       1472       5804        232       1040     425912   Grand Totals
     24924       1472       5804        232       1040     425912   ELF Image Totals
     24924       1472       5804        232          0          0   ROM Totals

==============================================================================

    Total RO  Size (Code + RO Data)                30728 (  30.01kB)
    Total RW  Size (RW Data + ZI Data)              1272 (   1.24kB)
    Total ROM Size (Code + RO Data + RW Data)      30960 (  30.23kB)

==============================================================================

