Component: ARM Compiler 5.06 update 5 (build 528) Tool: armlink [4d35e2]

==============================================================================

Section Cross References

    main.o(i.main) refers to misc.o(i.NVIC_PriorityGroupConfig) for NVIC_PriorityGroupConfig
    main.o(i.main) refers to usart.o(i.uart1_init) for uart1_init
    main.o(i.main) refers to openmv.o(i.USART3_Init) for USART3_Init
    main.o(i.main) refers to delay.o(i.delay_init) for delay_init
    main.o(i.main) refers to sys.o(i.NVIC_Config) for NVIC_Config
    main.o(i.main) refers to button.o(i.Button_Init) for Button_Init
    main.o(i.main) refers to oled.o(i.OLED_Init) for OLED_Init
    main.o(i.main) refers to oled.o(i.OLED_Clear) for OLED_Clear
    main.o(i.main) refers to mpu6050.o(i.MPU_Init) for MPU_Init
    main.o(i.main) refers to inv_mpu.o(i.mpu_dmp_init) for mpu_dmp_init
    main.o(i.main) refers to encoder.o(i.Encoder_TIM2_Init) for Encoder_TIM2_Init
    main.o(i.main) refers to encoder.o(i.Encoder_TIM4_Init) for Encoder_TIM4_Init
    main.o(i.main) refers to motor.o(i.Motor_Init) for Motor_Init
    main.o(i.main) refers to pwm.o(i.PWM_Init_TIM1) for PWM_Init_TIM1
    main.o(i.main) refers to exti.o(i.MPU6050_EXTI_Init) for MPU6050_EXTI_Init
    main.o(i.main) refers to printf8.o(i.__0printf$8) for __2printf
    main.o(i.main) refers to f2d.o(.text) for __aeabi_f2d
    main.o(i.main) refers to oled.o(i.OLED_Float) for OLED_Float
    main.o(i.main) refers to main.o(.data) for Pitch
    mpu6050.o(i.MPU_Get_Accelerometer) refers to mpu6050.o(i.MPU_Read_Len) for MPU_Read_Len
    mpu6050.o(i.MPU_Get_Gyroscope) refers to mpu6050.o(i.MPU_Read_Len) for MPU_Read_Len
    mpu6050.o(i.MPU_Get_Temperature) refers to mpu6050.o(i.MPU_Read_Len) for MPU_Read_Len
    mpu6050.o(i.MPU_Get_Temperature) refers to dflti.o(.text) for __aeabi_i2d
    mpu6050.o(i.MPU_Get_Temperature) refers to ddiv.o(.text) for __aeabi_ddiv
    mpu6050.o(i.MPU_Get_Temperature) refers to dadd.o(.text) for __aeabi_dadd
    mpu6050.o(i.MPU_Get_Temperature) refers to d2f.o(.text) for __aeabi_d2f
    mpu6050.o(i.MPU_Get_Temperature) refers to fmul.o(.text) for __aeabi_fmul
    mpu6050.o(i.MPU_Get_Temperature) refers to ffixi.o(.text) for __aeabi_f2iz
    mpu6050.o(i.MPU_Init) refers to mpuiic.o(i.MPU_IIC_Init) for MPU_IIC_Init
    mpu6050.o(i.MPU_Init) refers to mpu6050.o(i.MPU_Write_Byte) for MPU_Write_Byte
    mpu6050.o(i.MPU_Init) refers to delay.o(i.delay_ms) for delay_ms
    mpu6050.o(i.MPU_Init) refers to mpu6050.o(i.MPU_Set_Gyro_Fsr) for MPU_Set_Gyro_Fsr
    mpu6050.o(i.MPU_Init) refers to mpu6050.o(i.MPU_Set_Accel_Fsr) for MPU_Set_Accel_Fsr
    mpu6050.o(i.MPU_Init) refers to mpu6050.o(i.MPU_Set_Rate) for MPU_Set_Rate
    mpu6050.o(i.MPU_Init) refers to mpu6050.o(i.MPU_Read_Byte) for MPU_Read_Byte
    mpu6050.o(i.MPU_Read_Byte) refers to mpuiic.o(i.MPU_IIC_Start) for MPU_IIC_Start
    mpu6050.o(i.MPU_Read_Byte) refers to mpuiic.o(i.MPU_IIC_Send_Byte) for MPU_IIC_Send_Byte
    mpu6050.o(i.MPU_Read_Byte) refers to mpuiic.o(i.MPU_IIC_Wait_Ack) for MPU_IIC_Wait_Ack
    mpu6050.o(i.MPU_Read_Byte) refers to mpuiic.o(i.MPU_IIC_Read_Byte) for MPU_IIC_Read_Byte
    mpu6050.o(i.MPU_Read_Byte) refers to mpuiic.o(i.MPU_IIC_Stop) for MPU_IIC_Stop
    mpu6050.o(i.MPU_Read_Len) refers to mpuiic.o(i.MPU_IIC_Start) for MPU_IIC_Start
    mpu6050.o(i.MPU_Read_Len) refers to mpuiic.o(i.MPU_IIC_Send_Byte) for MPU_IIC_Send_Byte
    mpu6050.o(i.MPU_Read_Len) refers to mpuiic.o(i.MPU_IIC_Wait_Ack) for MPU_IIC_Wait_Ack
    mpu6050.o(i.MPU_Read_Len) refers to mpuiic.o(i.MPU_IIC_Stop) for MPU_IIC_Stop
    mpu6050.o(i.MPU_Read_Len) refers to mpuiic.o(i.MPU_IIC_Read_Byte) for MPU_IIC_Read_Byte
    mpu6050.o(i.MPU_Set_Accel_Fsr) refers to mpu6050.o(i.MPU_Write_Byte) for MPU_Write_Byte
    mpu6050.o(i.MPU_Set_Gyro_Fsr) refers to mpu6050.o(i.MPU_Write_Byte) for MPU_Write_Byte
    mpu6050.o(i.MPU_Set_LPF) refers to mpu6050.o(i.MPU_Write_Byte) for MPU_Write_Byte
    mpu6050.o(i.MPU_Set_Rate) refers to mpu6050.o(i.MPU_Write_Byte) for MPU_Write_Byte
    mpu6050.o(i.MPU_Set_Rate) refers to mpu6050.o(i.MPU_Set_LPF) for MPU_Set_LPF
    mpu6050.o(i.MPU_Write_Byte) refers to mpuiic.o(i.MPU_IIC_Start) for MPU_IIC_Start
    mpu6050.o(i.MPU_Write_Byte) refers to mpuiic.o(i.MPU_IIC_Send_Byte) for MPU_IIC_Send_Byte
    mpu6050.o(i.MPU_Write_Byte) refers to mpuiic.o(i.MPU_IIC_Wait_Ack) for MPU_IIC_Wait_Ack
    mpu6050.o(i.MPU_Write_Byte) refers to mpuiic.o(i.MPU_IIC_Stop) for MPU_IIC_Stop
    mpu6050.o(i.MPU_Write_Len) refers to mpuiic.o(i.MPU_IIC_Start) for MPU_IIC_Start
    mpu6050.o(i.MPU_Write_Len) refers to mpuiic.o(i.MPU_IIC_Send_Byte) for MPU_IIC_Send_Byte
    mpu6050.o(i.MPU_Write_Len) refers to mpuiic.o(i.MPU_IIC_Wait_Ack) for MPU_IIC_Wait_Ack
    mpu6050.o(i.MPU_Write_Len) refers to mpuiic.o(i.MPU_IIC_Stop) for MPU_IIC_Stop
    mpuiic.o(i.MPU_IIC_Ack) refers to mpuiic.o(i.MPU_IIC_Delay) for MPU_IIC_Delay
    mpuiic.o(i.MPU_IIC_Delay) refers to delay.o(i.delay_us) for delay_us
[...]
    i.USART2_IRQHandler                      0x08003020   Section        0  usart2.o(i.USART2_IRQHandler)
    i.USART3_IRQHandler                      0x08003034   Section        0  openmv.o(i.USART3_IRQHandler)
    i.USART3_Init                            0x08003144   Section        0  openmv.o(i.USART3_Init)
    i.USART_ClearITPendingBit                0x080031c8   Section        0  stm32f10x_usart.o(i.USART_ClearITPendingBit)
    i.USART_Cmd                              0x080031e6   Section        0  stm32f10x_usart.o(i.USART_Cmd)
    i.USART_GetFlagStatus                    0x080031fe   Section        0  stm32f10x_usart.o(i.USART_GetFlagStatus)
    i.USART_GetITStatus                      0x08003218   Section        0  stm32f10x_usart.o(i.USART_GetITStatus)
    i.USART_ITConfig                         0x0800326c   Section        0  stm32f10x_usart.o(i.USART_ITConfig)
    i.USART_Init                             0x080032b8   Section        0  stm32f10x_usart.o(i.USART_Init)
    i.USART_ReceiveData                      0x08003390   Section        0  stm32f10x_usart.o(i.USART_ReceiveData)
    i.USART_SendData                         0x0800339a   Section        0  stm32f10x_usart.o(i.USART_SendData)
    i.UsageFault_Handler                     0x080033a2   Section        0  stm32f10x_it.o(i.UsageFault_Handler)
    i.Velocity_PI                            0x080033a8   Section        0  control.o(i.Velocity_PI)
    i.Vertical_PD                            0x08003564   Section        0  control.o(i.Vertical_PD)
    i.__0printf$8                            0x080035b0   Section        0  printf8.o(i.__0printf$8)
    i.__ARM_fpclassify                       0x080035d0   Section        0  fpclassify.o(i.__ARM_fpclassify)
    i.__kernel_poly                          0x080035f8   Section        0  poly.o(i.__kernel_poly)
    i.__mathlib_dbl_infnan                   0x080036a2   Section        0  dunder.o(i.__mathlib_dbl_infnan)
    i.__mathlib_dbl_infnan2                  0x080036a8   Section        0  dunder.o(i.__mathlib_dbl_infnan2)
    i.__mathlib_dbl_invalid                  0x080036ac   Section        0  dunder.o(i.__mathlib_dbl_invalid)
    i.__mathlib_dbl_underflow                0x080036b8   Section        0  dunder.o(i.__mathlib_dbl_underflow)
    i.__scatterload_copy                     0x080036c8   Section       14  handlers.o(i.__scatterload_copy)
    i.__scatterload_null                     0x080036d6   Section        2  handlers.o(i.__scatterload_null)
    i.__scatterload_zeroinit                 0x080036d8   Section       14  handlers.o(i.__scatterload_zeroinit)
    i.__set_errno                            0x080036e8   Section        0  errno.o(i.__set_errno)
    i._printf_core                           0x080036f4   Section        0  printf8.o(i._printf_core)
    _printf_core                             0x080036f5   Thumb Code   996  printf8.o(i._printf_core)
    i._printf_post_padding                   0x08003b04   Section        0  printf8.o(i._printf_post_padding)
    _printf_post_padding                     0x08003b05   Thumb Code    36  printf8.o(i._printf_post_padding)
    i._printf_pre_padding                    0x08003b28   Section        0  printf8.o(i._printf_pre_padding)
    _printf_pre_padding                      0x08003b29   Thumb Code    46  printf8.o(i._printf_pre_padding)
    i.accel_self_test                        0x08003b58   Section        0  inv_mpu.o(i.accel_self_test)
    accel_self_test                          0x08003b59   Thumb Code   164  inv_mpu.o(i.accel_self_test)
    i.asin                                   0x08003c00   Section        0  asin.o(i.asin)
    i.atan                                   0x08003e70   Section        0  atan.o(i.atan)
    i.atan2                                  0x08004090   Section        0  atan2.o(i.atan2)
    i.clear_RxBuffer                         0x08004210   Section        0  openmv.o(i.clear_RxBuffer)
    i.decode_gesture                         0x08004224   Section        0  inv_mpu_dmp_motion_driver.o(i.decode_gesture)
    decode_gesture                           0x08004225   Thumb Code    94  inv_mpu_dmp_motion_driver.o(i.decode_gesture)
    i.delay_init                             0x08004288   Section        0  delay.o(i.delay_init)
    i.delay_ms                               0x080042cc   Section        0  delay.o(i.delay_ms)
    i.delay_us                               0x08004318   Section        0  delay.o(i.delay_us)
    i.dmp_enable_6x_lp_quat                  0x08004364   Section        0  inv_mpu_dmp_motion_driver.o(i.dmp_enable_6x_lp_quat)
    i.dmp_enable_feature                     0x080043a0   Section        0  inv_mpu_dmp_motion_driver.o(i.dmp_enable_feature)
    i.dmp_enable_gyro_cal                    0x080045bc   Section        0  inv_mpu_dmp_motion_driver.o(i.dmp_enable_gyro_cal)
    i.dmp_enable_lp_quat                     0x08004614   Section        0  inv_mpu_dmp_motion_driver.o(i.dmp_enable_lp_quat)
    i.dmp_load_motion_driver_firmware        0x08004650   Section        0  inv_mpu_dmp_motion_driver.o(i.dmp_load_motion_driver_firmware)
    i.dmp_read_fifo                          0x08004668   Section        0  inv_mpu_dmp_motion_driver.o(i.dmp_read_fifo)
    i.dmp_set_accel_bias                     0x08004834   Section        0  inv_mpu_dmp_motion_driver.o(i.dmp_set_accel_bias)
    i.dmp_set_fifo_rate                      0x08004964   Section        0  inv_mpu_dmp_motion_driver.o(i.dmp_set_fifo_rate)
    i.dmp_set_gyro_bias                      0x080049d4   Section        0  inv_mpu_dmp_motion_driver.o(i.dmp_set_gyro_bias)
    i.dmp_set_orientation                    0x08004b04   Section        0  inv_mpu_dmp_motion_driver.o(i.dmp_set_orientation)
    i.dmp_set_shake_reject_thresh            0x08004c3c   Section        0  inv_mpu_dmp_motion_driver.o(i.dmp_set_shake_reject_thresh)
    i.dmp_set_shake_reject_time              0x08004c74   Section        0  inv_mpu_dmp_motion_driver.o(i.dmp_set_shake_reject_time)
    i.dmp_set_shake_reject_timeout           0x08004c9a   Section        0  inv_mpu_dmp_motion_driver.o(i.dmp_set_shake_reject_timeout)
    i.dmp_set_tap_axes                       0x08004cc0   Section        0  inv_mpu_dmp_motion_driver.o(i.dmp_set_tap_axes)
    i.dmp_set_tap_count                      0x08004d06   Section        0  inv_mpu_dmp_motion_driver.o(i.dmp_set_tap_count)
    i.dmp_set_tap_thresh                     0x08004d2c   Section        0  inv_mpu_dmp_motion_driver.o(i.dmp_set_tap_thresh)
    i.dmp_set_tap_time                       0x08004ecc   Section        0  inv_mpu_dmp_motion_driver.o(i.dmp_set_tap_time)
    i.dmp_set_tap_time_multi                 0x08004ef2   Section        0  inv_mpu_dmp_motion_driver.o(i.dmp_set_tap_time_multi)
    i.fputc                                  0x08004f18   Section        0  usart2.o(i.fputc)
    i.get_accel_prod_shift                   0x08004f3c   Section        0  inv_mpu.o(i.get_accel_prod_shift)
    get_accel_prod_shift                     0x08004f3d   Thumb Code   168  inv_mpu.o(i.get_accel_prod_shift)
    i.get_st_biases                          0x08004ff0   Section        0  inv_mpu.o(i.get_st_biases)
    get_st_biases                            0x08004ff1   Thumb Code  1132  inv_mpu.o(i.get_st_biases)
    i.gyro_self_test                         0x08005460   Section        0  inv_mpu.o(i.gyro_self_test)
    gyro_self_test                           0x08005461   Thumb Code   256  inv_mpu.o(i.gyro_self_test)
    i.inv_orientation_matrix_to_scalar       0x08005570   Section        0  inv_mpu.o(i.inv_orientation_matrix_to_scalar)
    i.inv_row_2_scale                        0x08005598   Section        0  inv_mpu.o(i.inv_row_2_scale)
    i.main                                   0x080055e8   Section        0  main.o(i.main)
    i.mget_ms                                0x0800566c   Section        0  inv_mpu.o(i.mget_ms)
    i.mpu_configure_fifo                     0x08005670   Section        0  inv_mpu.o(i.mpu_configure_fifo)
    i.mpu_dmp_get_data                       0x080056e0   Section        0  inv_mpu.o(i.mpu_dmp_get_data)
    i.mpu_dmp_init                           0x08005904   Section        0  inv_mpu.o(i.mpu_dmp_init)
    i.mpu_get_accel_fsr                      0x0800599c   Section        0  inv_mpu.o(i.mpu_get_accel_fsr)
    i.mpu_get_accel_sens                     0x080059e8   Section        0  inv_mpu.o(i.mpu_get_accel_sens)
    i.mpu_get_fifo_config                    0x08005a3c   Section        0  inv_mpu.o(i.mpu_get_fifo_config)
    i.mpu_get_gyro_fsr                       0x08005a4c   Section        0  inv_mpu.o(i.mpu_get_gyro_fsr)
    i.mpu_get_gyro_sens                      0x08005a90   Section        0  inv_mpu.o(i.mpu_get_gyro_sens)
    i.mpu_get_lpf                            0x08005ae0   Section        0  inv_mpu.o(i.mpu_get_lpf)
    i.mpu_get_sample_rate                    0x08005b30   Section        0  inv_mpu.o(i.mpu_get_sample_rate)
    i.mpu_init                               0x08005b50   Section        0  inv_mpu.o(i.mpu_init)
    i.mpu_load_firmware                      0x08005d40   Section        0  inv_mpu.o(i.mpu_load_firmware)
    i.mpu_lp_accel_mode                      0x08005df8   Section        0  inv_mpu.o(i.mpu_lp_accel_mode)
    i.mpu_read_fifo_stream                   0x08005ed8   Section        0  inv_mpu.o(i.mpu_read_fifo_stream)
    i.mpu_read_mem                           0x08005f98   Section        0  inv_mpu.o(i.mpu_read_mem)
    i.mpu_reset_fifo                         0x08006018   Section        0  inv_mpu.o(i.mpu_reset_fifo)
    i.mpu_run_self_test                      0x080061e0   Section        0  inv_mpu.o(i.mpu_run_self_test)
    i.mpu_set_accel_fsr                      0x080062fc   Section        0  inv_mpu.o(i.mpu_set_accel_fsr)
    i.mpu_set_bypass                         0x08006380   Section        0  inv_mpu.o(i.mpu_set_bypass)
    i.mpu_set_dmp_state                      0x080064cc   Section        0  inv_mpu.o(i.mpu_set_dmp_state)
    i.mpu_set_gyro_fsr                       0x0800655c   Section        0  inv_mpu.o(i.mpu_set_gyro_fsr)
    i.mpu_set_int_latched                    0x080065e4   Section        0  inv_mpu.o(i.mpu_set_int_latched)
    i.mpu_set_lpf                            0x08006650   Section        0  inv_mpu.o(i.mpu_set_lpf)
    i.mpu_set_sample_rate                    0x080066d4   Section        0  inv_mpu.o(i.mpu_set_sample_rate)
    i.mpu_set_sensors                        0x08006770   Section        0  inv_mpu.o(i.mpu_set_sensors)
    i.mpu_write_mem                          0x08006840   Section        0  inv_mpu.o(i.mpu_write_mem)
    i.run_self_test                          0x080068c0   Section        0  inv_mpu.o(i.run_self_test)
    i.set_int_enable                         0x08006954   Section        0  inv_mpu.o(i.set_int_enable)
    set_int_enable                           0x08006955   Thumb Code   138  inv_mpu.o(i.set_int_enable)
    i.sqrt                                   0x080069e4   Section        0  sqrt.o(i.sqrt)
    i.uart1_init                             0x08006a30   Section        0  usart.o(i.uart1_init)
    .constdata                               0x08006ad0   Section     3062  inv_mpu_dmp_motion_driver.o(.constdata)
    dmp_memory                               0x08006ad0   Data        3062  inv_mpu_dmp_motion_driver.o(.constdata)
    .constdata                               0x080076c8   Section       80  inv_mpu.o(.constdata)
    .constdata                               0x08007718   Section     2072  oled.o(.constdata)
    .constdata                               0x08007f30   Section       80  asin.o(.constdata)
    pS                                       0x08007f30   Data          48  asin.o(.constdata)
    qS                                       0x08007f60   Data          32  asin.o(.constdata)
    .constdata                               0x08007f80   Section      152  atan.o(.constdata)
    atanhi                                   0x08007f80   Data          32  atan.o(.constdata)
    atanlo                                   0x08007fa0   Data          32  atan.o(.constdata)
    aTodd                                    0x08007fc0   Data          40  atan.o(.constdata)
    aTeven                                   0x08007fe8   Data          48  atan.o(.constdata)
    .constdata                               0x08008018   Section        8  qnan.o(.constdata)
    .constdata                               0x08008020   Section       64  ctype_c.o(.constdata)
    .conststring                             0x08008060   Section       77  inv_mpu.o(.conststring)
    .data                                    0x20000000   Section       44  main.o(.data)
    .data                                    0x2000002c   Section       53  inv_mpu.o(.data)
    st                                       0x2000002c   Data          44  inv_mpu.o(.data)
    gyro_orientation                         0x20000058   Data           9  inv_mpu.o(.data)
    .data                                    0x20000064   Section       88  control.o(.data)
    Encoder_err                              0x20000098   Data           4  control.o(.data)
    Encoder_err_low                          0x2000009c   Data           4  control.o(.data)
    Encoder_err_low_last                     0x200000a0   Data           4  control.o(.data)
    Encoder_sum                              0x200000a4   Data           4  control.o(.data)
    Movement                                 0x200000a8   Data           4  control.o(.data)
    PWM_out                                  0x200000ac   Data           4  control.o(.data)
    Target_Velocity                          0x200000b0   Data           4  control.o(.data)
    Turn_Target                              0x200000b4   Data           4  control.o(.data)
    Turn_Amplitude                           0x200000b8   Data           4  control.o(.data)
    .data                                    0x200000bc   Section        9  openmv.o(.data)
    RxCounter1                               0x200000c4   Data           1  openmv.o(.data)
    .data                                    0x200000c5   Section        2  usart.o(.data)
    .data                                    0x200000c8   Section        4  delay.o(.data)
    fac_us                                   0x200000c8   Data           1  delay.o(.data)
    fac_ms                                   0x200000ca   Data           2  delay.o(.data)
    .data                                    0x200000cc   Section       20  system_stm32f10x.o(.data)
    .data                                    0x200000e0   Section       20  stm32f10x_rcc.o(.data)
    APBAHBPrescTable                         0x200000e0   Data          16  stm32f10x_rcc.o(.data)
    ADCPrescTable                            0x200000f0   Data           4  stm32f10x_rcc.o(.data)
    .data                                    0x200000f4   Section        4  stdout.o(.data)
    .data                                    0x200000f8   Section        4  errno.o(.data)
    _errno                                   0x200000f8   Data           4  errno.o(.data)
    .bss                                     0x200000fc   Section       16  inv_mpu_dmp_motion_driver.o(.bss)
    dmp                                      0x200000fc   Data          16  inv_mpu_dmp_motion_driver.o(.bss)
    .bss                                     0x2000010c   Section       10  openmv.o(.bss)
    RxBuffer1                                0x2000010c   Data          10  openmv.o(.bss)
    STACK                                    0x20000118   Section     1024  startup_stm32f10x_md.o(STACK)

    Global Symbols

    Symbol Name                              Value     Ov Type        Size  Object(Section)

    BuildAttributes$$THM_ISAv4$P$D$K$B$S$PE$A:L22UL41UL21$X:L11$S22US41US21$IEEE1$IW$USESV6$~STKCKD$USESV7$~SHL$OTIME$ROPI$IEEEX$EBA8$MICROLIB$REQ8$PRES8$EABIv2 0x00000000   Number         0  anon$$obj.o ABSOLUTE
    __ARM_use_no_argv                        0x00000000   Number         0  main.o ABSOLUTE
    _printf_a                                0x00000000   Number         0  stubs.o ABSOLUTE
    _printf_c                                0x00000000   Number         0  stubs.o ABSOLUTE
    _printf_charcount                        0x00000000   Number         0  stubs.o ABSOLUTE
    _printf_d                                0x00000000   Number         0  stubs.o ABSOLUTE
    _printf_e                                0x00000000   Number         0  stubs.o ABSOLUTE
    _printf_f                                0x00000000   Number         0  stubs.o ABSOLUTE
    _printf_flags                            0x00000000   Number         0  stubs.o ABSOLUTE
    _printf_fp_dec                           0x00000000   Number         0  stubs.o ABSOLUTE
    _printf_fp_hex                           0x00000000   Number         0  stubs.o ABSOLUTE
    _printf_g                                0x00000000   Number         0  stubs.o ABSOLUTE
    _printf_i                                0x00000000   Number         0  stubs.o ABSOLUTE
    _printf_int_dec                          0x00000000   Number         0  stubs.o ABSOLUTE
    _printf_l                                0x00000000   Number         0  stubs.o ABSOLUTE
    _printf_lc                               0x00000000   Number         0  stubs.o ABSOLUTE
    _printf_ll                               0x00000000   Number         0  stubs.o ABSOLUTE
    _printf_lld                              0x00000000   Number         0  stubs.o ABSOLUTE
    _printf_lli                              0x00000000   Number         0  stubs.o ABSOLUTE
    _printf_llo                              0x00000000   Number         0  stubs.o ABSOLUTE
    _printf_llu                              0x00000000   Number         0  stubs.o ABSOLUTE
    _printf_llx                              0x00000000   Number         0  stubs.o ABSOLUTE
    _printf_longlong_dec                     0x00000000   Number         0  stubs.o ABSOLUTE
    _printf_longlong_hex                     0x00000000   Number         0  stubs.o ABSOLUTE
    _printf_longlong_oct                     0x00000000   Number         0  stubs.o ABSOLUTE
    _printf_ls                               0x00000000   Number         0  stubs.o ABSOLUTE
    _printf_mbtowc                           0x00000000   Number         0  stubs.o ABSOLUTE
    _printf_n                                0x00000000   Number         0  stubs.o ABSOLUTE
    _printf_o                                0x00000000   Number         0  stubs.o ABSOLUTE
    _printf_p                                0x00000000   Number         0  stubs.o ABSOLUTE
    _printf_percent                          0x00000000   Number         0  stubs.o ABSOLUTE
    _printf_pre_padding                      0x00000000   Number         0  stubs.o ABSOLUTE
    _printf_return_value                     0x00000000   Number         0  stubs.o ABSOLUTE
    _printf_s                                0x00000000   Number         0  stubs.o ABSOLUTE
    _printf_sizespec                         0x00000000   Number         0  stubs.o ABSOLUTE
    _printf_str                              0x00000000   Number         0  stubs.o ABSOLUTE
    _printf_truncate_signed                  0x00000000   Number         0  stubs.o ABSOLUTE
    _printf_truncate_unsigned                0x00000000   Number         0  stubs.o ABSOLUTE
    _printf_u                                0x00000000   Number         0  stubs.o ABSOLUTE
    _printf_wc                               0x00000000   Number         0  stubs.o ABSOLUTE
    _printf_wctomb                           0x00000000   Number         0  stubs.o ABSOLUTE
    _printf_widthprec                        0x00000000   Number         0  stubs.o ABSOLUTE
    _printf_x                                0x00000000   Number         0  stubs.o ABSOLUTE
    __cpp_initialize__aeabi_                  - Undefined Weak Reference
    __cxa_finalize                            - Undefined Weak Reference
    __decompress                              - Undefined Weak Reference
    _clock_init                               - Undefined Weak Reference
    _microlib_exit                            - Undefined Weak Reference
    _scanf_longlong                           - Undefined Weak Reference
    _scanf_real                               - Undefined Weak Reference
    __Vectors_Size                           0x000000ec   Number         0  startup_stm32f10x_md.o ABSOLUTE
    __Vectors                                0x08000000   Data           4  startup_stm32f10x_md.o(RESET)
    __Vectors_End                            0x080000ec   Data           0  startup_stm32f10x_md.o(RESET)
    __main                                   0x080000ed   Thumb Code     0  entry.o(.ARM.Collect$$$$00000000)
    _main_stk                                0x080000ed   Thumb Code     0  entry2.o(.ARM.Collect$$$$00000001)
    _main_scatterload                        0x080000f1   Thumb Code     0  entry5.o(.ARM.Collect$$$$00000004)
    __main_after_scatterload                 0x080000f5   Thumb Code     0  entry5.o(.ARM.Collect$$$$00000004)
    _main_clock                              0x080000f5   Thumb Code     0  entry7b.o(.ARM.Collect$$$$00000008)
    _main_cpp_init                           0x080000f5   Thumb Code     0  entry8b.o(.ARM.Collect$$$$0000000A)
    _main_init                               0x080000f5   Thumb Code     0  entry9a.o(.ARM.Collect$$$$0000000B)
    __rt_final_cpp                           0x080000fd   Thumb Code     0  entry10a.o(.ARM.Collect$$$$0000000D)
    __rt_final_exit                          0x080000fd   Thumb Code     0  entry11a.o(.ARM.Collect$$$$0000000F)
    Reset_Handler                            0x08000101   Thumb Code     8  startup_stm32f10x_md.o(.text)
    ADC1_2_IRQHandler                        0x0800011b   Thumb Code     0  startup_stm32f10x_md.o(.text)
    CAN1_RX1_IRQHandler                      0x0800011b   Thumb Code     0  startup_stm32f10x_md.o(.text)
    CAN1_SCE_IRQHandler                      0x0800011b   Thumb Code     0  startup_stm32f10x_md.o(.text)
    DMA1_Channel1_IRQHandler                 0x0800011b   Thumb Code     0  startup_stm32f10x_md.o(.text)
    DMA1_Channel2_IRQHandler                 0x0800011b   Thumb Code     0  startup_stm32f10x_md.o(.text)
    DMA1_Channel3_IRQHandler                 0x0800011b   Thumb Code     0  startup_stm32f10x_md.o(.text)
    DMA1_Channel4_IRQHandler                 0x0800011b   Thumb Code     0  startup_stm32f10x_md.o(.text)
    DMA1_Channel5_IRQHandler                 0x0800011b   Thumb Code     0  startup_stm32f10x_md.o(.text)
    DMA1_Channel6_IRQHandler                 0x0800011b   Thumb Code     0  startup_stm32f10x_md.o(.text)
    DMA1_Channel7_IRQHandler                 0x0800011b   Thumb Code     0  startup_stm32f10x_md.o(.text)
    EXTI0_IRQHandler                         0x0800011b   Thumb Code     0  startup_stm32f10x_md.o(.text)
    EXTI15_10_IRQHandler                     0x0800011b   Thumb Code     0  startup_stm32f10x_md.o(.text)
    EXTI1_IRQHandler                         0x0800011b   Thumb Code     0  startup_stm32f10x_md.o(.text)
    EXTI2_IRQHandler                         0x0800011b   Thumb Code     0  startup_stm32f10x_md.o(.text)
    EXTI3_IRQHandler                         0x0800011b   Thumb Code     0  startup_stm32f10x_md.o(.text)
    EXTI4_IRQHandler                         0x0800011b   Thumb Code     0  startup_stm32f10x_md.o(.text)
    FLASH_IRQHandler                         0x0800011b   Thumb Code     0  startup_stm32f10x_md.o(.text)
    I2C1_ER_IRQHandler                       0x0800011b   Thumb Code     0  startup_stm32f10x_md.o(.text)
    I2C1_EV_IRQHandler                       0x0800011b   Thumb Code     0  startup_stm32f10x_md.o(.text)
    I2C2_ER_IRQHandler                       0x0800011b   Thumb Code     0  startup_stm32f10x_md.o(.text)
    I2C2_EV_IRQHandler                       0x0800011b   Thumb Code     0  startup_stm32f10x_md.o(.text)
    PVD_IRQHandler                           0x0800011b   Thumb Code     0  startup_stm32f10x_md.o(.text)
    RCC_IRQHandler                           0x0800011b   Thumb Code     0  startup_stm32f10x_md.o(.text)
    RTCAlarm_IRQHandler                      0x0800011b   Thumb Code     0  startup_stm32f10x_md.o(.text)
    RTC_IRQHandler                           0x0800011b   Thumb Code     0  startup_stm32f10x_md.o(.text)
    SPI1_IRQHandler                          0x0800011b   Thumb Code     0  startup_stm32f10x_md.o(.text)
    SPI2_IRQHandler                          0x0800011b   Thumb Code     0  startup_stm32f10x_md.o(.text)
    TAMPER_IRQHandler                        0x0800011b   Thumb Code     0  startup_stm32f10x_md.o(.text)
    TIM1_BRK_IRQHandler                      0x0800011b   Thumb Code     0  startup_stm32f10x_md.o(.text)
    TIM1_CC_IRQHandler                       0x0800011b   Thumb Code     0  startup_stm32f10x_md.o(.text)
    TIM1_TRG_COM_IRQHandler                  0x0800011b   Thumb Code     0  startup_stm32f10x_md.o(.text)
    TIM1_UP_IRQHandler                       0x0800011b   Thumb Code     0  startup_stm32f10x_md.o(.text)
    TIM3_IRQHandler                          0x0800011b   Thumb Code     0  startup_stm32f10x_md.o(.text)
    USBWakeUp_IRQHandler                     0x0800011b   Thumb Code     0  startup_stm32f10x_md.o(.text)
    USB_HP_CAN1_TX_IRQHandler                0x0800011b   Thumb Code     0  startup_stm32f10x_md.o(.text)
    USB_LP_CAN1_RX0_IRQHandler               0x0800011b   Thumb Code     0  startup_stm32f10x_md.o(.text)
    WWDG_IRQHandler                          0x0800011b   Thumb Code     0  startup_stm32f10x_md.o(.text)
    __aeabi_ldivmod                          0x08000125   Thumb Code    98  ldiv.o(.text)
    __aeabi_memset                           0x08000187   Thumb Code    14  memseta.o(.text)
    __aeabi_memset4                          0x08000187   Thumb Code     0  memseta.o(.text)
    __aeabi_memset8                          0x08000187   Thumb Code     0  memseta.o(.text)
    __aeabi_memclr                           0x08000195   Thumb Code     4  memseta.o(.text)
    __aeabi_memclr4                          0x08000195   Thumb Code     0  memseta.o(.text)
    __aeabi_memclr8                          0x08000195   Thumb Code     0  memseta.o(.text)
    _memset$wrapper                          0x08000199   Thumb Code    18  memseta.o(.text)
    memcmp                                   0x080001ab   Thumb Code    26  memcmp.o(.text)
    __0sscanf                                0x080001c5   Thumb Code    48  __0sscanf.o(.text)
    _scanf_int                               0x080001fd   Thumb Code   332  _scanf_int.o(.text)
    _scanf_string                            0x08000349   Thumb Code   224  _scanf_str.o(.text)
    __aeabi_fadd                             0x08000429   Thumb Code   164  fadd.o(.text)
    __aeabi_fsub                             0x080004cd   Thumb Code     6  fadd.o(.text)
    __aeabi_frsub                            0x080004d3   Thumb Code     6  fadd.o(.text)
    __aeabi_fmul                             0x080004d9   Thumb Code   100  fmul.o(.text)
    __aeabi_fdiv                             0x0800053d   Thumb Code   124  fdiv.o(.text)
    __aeabi_dadd                             0x080005b9   Thumb Code   322  dadd.o(.text)
    __aeabi_dsub                             0x080006fb   Thumb Code     6  dadd.o(.text)
    __aeabi_drsub                            0x08000701   Thumb Code     6  dadd.o(.text)
    __aeabi_dmul                             0x08000707   Thumb Code   228  dmul.o(.text)
    __aeabi_ddiv                             0x080007eb   Thumb Code   222  ddiv.o(.text)
    __aeabi_i2f                              0x080008c9   Thumb Code    18  fflti.o(.text)
    __aeabi_ui2f                             0x080008db   Thumb Code    10  ffltui.o(.text)
    __aeabi_i2d                              0x080008e5   Thumb Code    34  dflti.o(.text)
    __aeabi_f2iz                             0x08000907   Thumb Code    50  ffixi.o(.text)
    __aeabi_f2uiz                            0x08000939   Thumb Code    40  ffixui.o(.text)
    __aeabi_d2iz                             0x08000961   Thumb Code    62  dfixi.o(.text)
    __aeabi_d2uiz                            0x0800099f   Thumb Code    50  dfixui.o(.text)
    __aeabi_f2d                              0x080009d1   Thumb Code    38  f2d.o(.text)
    __aeabi_cdcmpeq                          0x080009f9   Thumb Code     0  cdcmple.o(.text)
    __aeabi_cdcmple                          0x080009f9   Thumb Code    48  cdcmple.o(.text)
    __aeabi_d2f                              0x08000a29   Thumb Code    56  d2f.o(.text)
    __aeabi_cfcmpeq                          0x08000a61   Thumb Code     0  cfcmple.o(.text)
    __aeabi_cfcmple                          0x08000a61   Thumb Code    20  cfcmple.o(.text)
    __aeabi_cfrcmple                         0x08000a75   Thumb Code    20  cfrcmple.o(.text)
    __aeabi_uldivmod                         0x08000a89   Thumb Code    98  uldiv.o(.text)
    __aeabi_llsl                             0x08000aeb   Thumb Code    30  llshl.o(.text)
    _ll_shift_l                              0x08000aeb   Thumb Code     0  llshl.o(.text)
    __aeabi_llsr                             0x08000b09   Thumb Code    32  llushr.o(.text)
    _ll_ushift_r                             0x08000b09   Thumb Code     0  llushr.o(.text)
    __aeabi_lasr                             0x08000b29   Thumb Code    36  llsshr.o(.text)
    _ll_sshift_r                             0x08000b29   Thumb Code     0  llsshr.o(.text)
    _chval                                   0x08000b4d   Thumb Code    28  _chval.o(.text)
    __vfscanf_char                           0x08000b75   Thumb Code    20  scanf_char.o(.text)
    _sgetc                                   0x08000b91   Thumb Code    30  _sgetc.o(.text)
    _sbackspace                              0x08000baf   Thumb Code    34  _sgetc.o(.text)
    __I$use$fp                               0x08000bd1   Thumb Code     0  iusefp.o(.text)
    _float_round                             0x08000bd1   Thumb Code    18  fepilogue.o(.text)
    _float_epilogue                          0x08000be3   Thumb Code    92  fepilogue.o(.text)
    _double_round                            0x08000c3f   Thumb Code    30  depilogue.o(.text)
    _double_epilogue                         0x08000c5d   Thumb Code   156  depilogue.o(.text)
    __ARM_scalbn                             0x08000cf9   Thumb Code    46  dscalb.o(.text)
    scalbn                                   0x08000cf9   Thumb Code     0  dscalb.o(.text)
    __scatterload                            0x08000d29   Thumb Code    28  init.o(.text)
    __scatterload_rt2                        0x08000d29   Thumb Code     0  init.o(.text)
    isspace                                  0x08000d4d   Thumb Code    10  isspace_c.o(.text)
    __vfscanf                                0x08000d59   Thumb Code   808  _scanf.o(.text)
    _dsqrt                                   0x08001085   Thumb Code   162  dsqrt.o(.text)
    __ctype_lookup                           0x08001129   Thumb Code    34  ctype_c.o(.text)
    BusFault_Handler                         0x08001151   Thumb Code     4  stm32f10x_it.o(i.BusFault_Handler)
    Button_Init                              0x08001155   Thumb Code    38  button.o(i.Button_Init)
    DebugMon_Handler                         0x08001181   Thumb Code     2  stm32f10x_it.o(i.DebugMon_Handler)
    EXTI9_5_IRQHandler                       0x08001185   Thumb Code   292  control.o(i.EXTI9_5_IRQHandler)
    EXTI_ClearITPendingBit                   0x08001305   Thumb Code     6  stm32f10x_exti.o(i.EXTI_ClearITPendingBit)
    EXTI_GetITStatus                         0x08001311   Thumb Code    34  stm32f10x_exti.o(i.EXTI_GetITStatus)
    EXTI_Init                                0x08001339   Thumb Code   142  stm32f10x_exti.o(i.EXTI_Init)
    Encoder_TIM2_Init                        0x080013cd   Thumb Code   148  encoder.o(i.Encoder_TIM2_Init)
    Encoder_TIM4_Init                        0x08001465   Thumb Code   142  encoder.o(i.Encoder_TIM4_Init)
    GFP_abs                                  0x080014fd   Thumb Code    16  motor.o(i.GFP_abs)
    GPIO_EXTILineConfig                      0x0800150d   Thumb Code    60  stm32f10x_gpio.o(i.GPIO_EXTILineConfig)
    GPIO_Init                                0x0800154d   Thumb Code   278  stm32f10x_gpio.o(i.GPIO_Init)
    GPIO_PinRemapConfig                      0x08001665   Thumb Code   138  stm32f10x_gpio.o(i.GPIO_PinRemapConfig)
    GPIO_ReadInputDataBit                    0x080016f5   Thumb Code    18  stm32f10x_gpio.o(i.GPIO_ReadInputDataBit)
    GPIO_ResetBits                           0x08001707   Thumb Code     4  stm32f10x_gpio.o(i.GPIO_ResetBits)
    GPIO_SetBits                             0x0800170b   Thumb Code     4  stm32f10x_gpio.o(i.GPIO_SetBits)
    HardFault_Handler                        0x0800170f   Thumb Code     4  stm32f10x_it.o(i.HardFault_Handler)
    Limit                                    0x08001715   Thumb Code    54  motor.o(i.Limit)
    MPU6050_EXTI_Init                        0x08001751   Thumb Code    74  exti.o(i.MPU6050_EXTI_Init)
    MPU_Get_Gyroscope                        0x080017a1   Thumb Code    80  mpu6050.o(i.MPU_Get_Gyroscope)
    MPU_IIC_Ack                              0x080017f1   Thumb Code    62  mpuiic.o(i.MPU_IIC_Ack)
    MPU_IIC_Delay                            0x0800183d   Thumb Code    10  mpuiic.o(i.MPU_IIC_Delay)
    MPU_IIC_Init                             0x08001849   Thumb Code    38  mpuiic.o(i.MPU_IIC_Init)
    MPU_IIC_NAck                             0x08001875   Thumb Code    62  mpuiic.o(i.MPU_IIC_NAck)
    MPU_IIC_Read_Byte                        0x080018c1   Thumb Code    94  mpuiic.o(i.MPU_IIC_Read_Byte)
    MPU_IIC_Send_Byte                        0x0800192d   Thumb Code    80  mpuiic.o(i.MPU_IIC_Send_Byte)
    MPU_IIC_Start                            0x08001989   Thumb Code    60  mpuiic.o(i.MPU_IIC_Start)
    MPU_IIC_Stop                             0x080019d1   Thumb Code    58  mpuiic.o(i.MPU_IIC_Stop)
    MPU_IIC_Wait_Ack                         0x08001a19   Thumb Code    86  mpuiic.o(i.MPU_IIC_Wait_Ack)
    MPU_Init                                 0x08001a7d   Thumb Code   122  mpu6050.o(i.MPU_Init)
    MPU_Read_Byte                            0x08001af7   Thumb Code    58  mpu6050.o(i.MPU_Read_Byte)
    MPU_Read_Len                             0x08001b31   Thumb Code   116  mpu6050.o(i.MPU_Read_Len)
    MPU_Set_Accel_Fsr                        0x08001ba5   Thumb Code    16  mpu6050.o(i.MPU_Set_Accel_Fsr)
    MPU_Set_Gyro_Fsr                         0x08001bb5   Thumb Code    16  mpu6050.o(i.MPU_Set_Gyro_Fsr)
    MPU_Set_LPF                              0x08001bc5   Thumb Code    58  mpu6050.o(i.MPU_Set_LPF)
    MPU_Set_Rate                             0x08001bff   Thumb Code    58  mpu6050.o(i.MPU_Set_Rate)
    MPU_Write_Byte                           0x08001c39   Thumb Code    68  mpu6050.o(i.MPU_Write_Byte)
    MPU_Write_Len                            0x08001c7d   Thumb Code    96  mpu6050.o(i.MPU_Write_Len)
    MemManage_Handler                        0x08001cdd   Thumb Code     4  stm32f10x_it.o(i.MemManage_Handler)
    Motor_Init                               0x08001ce1   Thumb Code    40  motor.o(i.Motor_Init)
    NMI_Handler                              0x08001d0d   Thumb Code     2  stm32f10x_it.o(i.NMI_Handler)
    NVIC_Config                              0x08001d0f   Thumb Code   122  sys.o(i.NVIC_Config)
    NVIC_Init                                0x08001d89   Thumb Code   100  misc.o(i.NVIC_Init)
    NVIC_PriorityGroupConfig                 0x08001df9   Thumb Code    10  misc.o(i.NVIC_PriorityGroupConfig)
    OLED_Clear                               0x08001e0d   Thumb Code    62  oled.o(i.OLED_Clear)
    OLED_Float                               0x08001e4d   Thumb Code   442  oled.o(i.OLED_Float)
    OLED_IIC_Start                           0x0800200d   Thumb Code    44  oled.o(i.OLED_IIC_Start)
    OLED_IIC_Stop                            0x0800203d   Thumb Code    34  oled.o(i.OLED_IIC_Stop)
    OLED_IIC_Wait_Ack                        0x08002065   Thumb Code    24  oled.o(i.OLED_IIC_Wait_Ack)
    OLED_Init                                0x08002081   Thumb Code   282  oled.o(i.OLED_Init)
    OLED_Set_Pos                             0x080021a5   Thumb Code    40  oled.o(i.OLED_Set_Pos)
    OLED_ShowChar                            0x080021cd   Thumb Code   154  oled.o(i.OLED_ShowChar)
    OLED_ShowString                          0x08002271   Thumb Code    54  oled.o(i.OLED_ShowString)
    OLED_WR_Byte                             0x080022a7   Thumb Code    24  oled.o(i.OLED_WR_Byte)
    OLED_Write_IIC_Byte                      0x080022c1   Thumb Code    88  oled.o(i.OLED_Write_IIC_Byte)
    OLED_Write_IIC_Command                   0x0800231d   Thumb Code    44  oled.o(i.OLED_Write_IIC_Command)
    OLED_Write_IIC_Data                      0x08002349   Thumb Code    44  oled.o(i.OLED_Write_IIC_Data)
    PWM_Init_TIM1                            0x08002375   Thumb Code   162  pwm.o(i.PWM_Init_TIM1)
    PendSV_Handler                           0x08002421   Thumb Code     2  stm32f10x_it.o(i.PendSV_Handler)
    RCC_APB1PeriphClockCmd                   0x08002425   Thumb Code    26  stm32f10x_rcc.o(i.RCC_APB1PeriphClockCmd)
    RCC_APB2PeriphClockCmd                   0x08002445   Thumb Code    26  stm32f10x_rcc.o(i.RCC_APB2PeriphClockCmd)
    RCC_GetClocksFreq                        0x08002465   Thumb Code   192  stm32f10x_rcc.o(i.RCC_GetClocksFreq)
    Read_Spead                               0x08002539   Thumb Code    64  encoder.o(i.Read_Spead)
    SETPWM                                   0x0800257d   Thumb Code   112  motor.o(i.SETPWM)
    SVC_Handler                              0x080025f9   Thumb Code     2  stm32f10x_it.o(i.SVC_Handler)
    SysTick_CLKSourceConfig                  0x080026e5   Thumb Code    40  misc.o(i.SysTick_CLKSourceConfig)
    SysTick_Handler                          0x0800270d   Thumb Code     2  stm32f10x_it.o(i.SysTick_Handler)
    SystemInit                               0x08002711   Thumb Code    78  system_stm32f10x.o(i.SystemInit)
    TIM2_IRQHandler                          0x080029b1   Thumb Code    24  encoder.o(i.TIM2_IRQHandler)
    TIM4_IRQHandler                          0x080029c9   Thumb Code    24  encoder.o(i.TIM4_IRQHandler)
    TIM_ARRPreloadConfig                     0x080029e5   Thumb Code    24  stm32f10x_tim.o(i.TIM_ARRPreloadConfig)
    TIM_ClearFlag                            0x080029fd   Thumb Code     6  stm32f10x_tim.o(i.TIM_ClearFlag)
    TIM_ClearITPendingBit                    0x08002a03   Thumb Code     6  stm32f10x_tim.o(i.TIM_ClearITPendingBit)
    TIM_Cmd                                  0x08002a09   Thumb Code    24  stm32f10x_tim.o(i.TIM_Cmd)
    TIM_CtrlPWMOutputs                       0x08002a21   Thumb Code    30  stm32f10x_tim.o(i.TIM_CtrlPWMOutputs)
    TIM_EncoderInterfaceConfig               0x08002a3f   Thumb Code    66  stm32f10x_tim.o(i.TIM_EncoderInterfaceConfig)
    TIM_GetCounter                           0x08002a81   Thumb Code     6  stm32f10x_tim.o(i.TIM_GetCounter)
    TIM_GetITStatus                          0x08002a87   Thumb Code    34  stm32f10x_tim.o(i.TIM_GetITStatus)
    TIM_ICInit                               0x08002aa9   Thumb Code   150  stm32f10x_tim.o(i.TIM_ICInit)
    TIM_ICStructInit                         0x08002b55   Thumb Code    18  stm32f10x_tim.o(i.TIM_ICStructInit)
    TIM_ITConfig                             0x08002b67   Thumb Code    18  stm32f10x_tim.o(i.TIM_ITConfig)
    TIM_OC1Init                              0x08002b79   Thumb Code   132  stm32f10x_tim.o(i.TIM_OC1Init)
    TIM_OC1PreloadConfig                     0x08002c11   Thumb Code    18  stm32f10x_tim.o(i.TIM_OC1PreloadConfig)
    TIM_OC4Init                              0x08002c25   Thumb Code   114  stm32f10x_tim.o(i.TIM_OC4Init)
    TIM_OC4PreloadConfig                     0x08002ca1   Thumb Code    26  stm32f10x_tim.o(i.TIM_OC4PreloadConfig)
    TIM_SetCompare1                          0x08002cbb   Thumb Code     4  stm32f10x_tim.o(i.TIM_SetCompare1)
    TIM_SetCompare4                          0x08002cbf   Thumb Code     6  stm32f10x_tim.o(i.TIM_SetCompare4)
    TIM_SetCounter                           0x08002cc5   Thumb Code     4  stm32f10x_tim.o(i.TIM_SetCounter)
    TIM_SetIC1Prescaler                      0x08002cc9   Thumb Code    18  stm32f10x_tim.o(i.TIM_SetIC1Prescaler)
    TIM_SetIC2Prescaler                      0x08002cdb   Thumb Code    26  stm32f10x_tim.o(i.TIM_SetIC2Prescaler)
    TIM_SetIC3Prescaler                      0x08002cf5   Thumb Code    18  stm32f10x_tim.o(i.TIM_SetIC3Prescaler)
    TIM_SetIC4Prescaler                      0x08002d07   Thumb Code    26  stm32f10x_tim.o(i.TIM_SetIC4Prescaler)
    TIM_TimeBaseInit                         0x08002d21   Thumb Code   122  stm32f10x_tim.o(i.TIM_TimeBaseInit)
    TIM_TimeBaseStructInit                   0x08002dc5   Thumb Code    18  stm32f10x_tim.o(i.TIM_TimeBaseStructInit)
    Turn                                     0x08002dd9   Thumb Code   214  control.o(i.Turn)
    Turn_Off                                 0x08002ee1   Thumb Code    58  motor.o(i.Turn_Off)
    USART1_IRQHandler                        0x08002f2d   Thumb Code   208  usart.o(i.USART1_IRQHandler)
    USART2_IRQHandler                        0x08003021   Thumb Code    14  usart2.o(i.USART2_IRQHandler)
    USART3_IRQHandler                        0x08003035   Thumb Code   234  openmv.o(i.USART3_IRQHandler)
    USART3_Init                              0x08003145   Thumb Code   122  openmv.o(i.USART3_Init)
    USART_ClearITPendingBit                  0x080031c9   Thumb Code    30  stm32f10x_usart.o(i.USART_ClearITPendingBit)
    USART_Cmd                                0x080031e7   Thumb Code    24  stm32f10x_usart.o(i.USART_Cmd)
    USART_GetFlagStatus                      0x080031ff   Thumb Code    26  stm32f10x_usart.o(i.USART_GetFlagStatus)
    USART_GetITStatus                        0x08003219   Thumb Code    84  stm32f10x_usart.o(i.USART_GetITStatus)
    USART_ITConfig                           0x0800326d   Thumb Code    74  stm32f10x_usart.o(i.USART_ITConfig)
    USART_Init                               0x080032b9   Thumb Code   210  stm32f10x_usart.o(i.USART_Init)
    USART_ReceiveData                        0x08003391   Thumb Code    10  stm32f10x_usart.o(i.USART_ReceiveData)
    USART_SendData                           0x0800339b   Thumb Code     8  stm32f10x_usart.o(i.USART_SendData)
    UsageFault_Handler                       0x080033a3   Thumb Code     4  stm32f10x_it.o(i.UsageFault_Handler)
    Velocity_PI                              0x080033a9   Thumb Code   364  control.o(i.Velocity_PI)
    Vertical_PD                              0x08003565   Thumb Code    64  control.o(i.Vertical_PD)
    __0printf$8                              0x080035b1   Thumb Code    22  printf8.o(i.__0printf$8)
    __1printf$8                              0x080035b1   Thumb Code     0  printf8.o(i.__0printf$8)
    __2printf                                0x080035b1   Thumb Code     0  printf8.o(i.__0printf$8)
    __ARM_fpclassify                         0x080035d1   Thumb Code    40  fpclassify.o(i.__ARM_fpclassify)
    __kernel_poly                            0x080035f9   Thumb Code   170  poly.o(i.__kernel_poly)
    __mathlib_dbl_infnan                     0x080036a3   Thumb Code     6  dunder.o(i.__mathlib_dbl_infnan)
    __mathlib_dbl_infnan2                    0x080036a9   Thumb Code     4  dunder.o(i.__mathlib_dbl_infnan2)
    __mathlib_dbl_invalid                    0x080036ad   Thumb Code    12  dunder.o(i.__mathlib_dbl_invalid)
    __mathlib_dbl_underflow                  0x080036b9   Thumb Code    10  dunder.o(i.__mathlib_dbl_underflow)
    __scatterload_copy                       0x080036c9   Thumb Code    14  handlers.o(i.__scatterload_copy)
    __scatterload_null                       0x080036d7   Thumb Code     2  handlers.o(i.__scatterload_null)
    __scatterload_zeroinit                   0x080036d9   Thumb Code    14  handlers.o(i.__scatterload_zeroinit)
    __set_errno                              0x080036e9   Thumb Code     6  errno.o(i.__set_errno)
    asin                                     0x08003c01   Thumb Code   572  asin.o(i.asin)
    atan                                     0x08003e71   Thumb Code   474  atan.o(i.atan)
    atan2                                    0x08004091   Thumb Code   346  atan2.o(i.atan2)
    clear_RxBuffer                           0x08004211   Thumb Code    20  openmv.o(i.clear_RxBuffer)
    delay_init                               0x08004289   Thumb Code    50  delay.o(i.delay_init)
    delay_ms                                 0x080042cd   Thumb Code    72  delay.o(i.delay_ms)
    delay_us                                 0x08004319   Thumb Code    72  delay.o(i.delay_us)
    dmp_enable_6x_lp_quat                    0x08004365   Thumb Code    60  inv_mpu_dmp_motion_driver.o(i.dmp_enable_6x_lp_quat)
    dmp_enable_feature                       0x080043a1   Thumb Code   530  inv_mpu_dmp_motion_driver.o(i.dmp_enable_feature)
    dmp_enable_gyro_cal                      0x080045bd   Thumb Code    62  inv_mpu_dmp_motion_driver.o(i.dmp_enable_gyro_cal)
    dmp_enable_lp_quat                       0x08004615   Thumb Code    60  inv_mpu_dmp_motion_driver.o(i.dmp_enable_lp_quat)
    dmp_load_motion_driver_firmware          0x08004651   Thumb Code    20  inv_mpu_dmp_motion_driver.o(i.dmp_load_motion_driver_firmware)
    dmp_read_fifo                            0x08004669   Thumb Code   456  inv_mpu_dmp_motion_driver.o(i.dmp_read_fifo)
    dmp_set_accel_bias                       0x08004835   Thumb Code   300  inv_mpu_dmp_motion_driver.o(i.dmp_set_accel_bias)
    dmp_set_fifo_rate                        0x08004965   Thumb Code    96  inv_mpu_dmp_motion_driver.o(i.dmp_set_fifo_rate)
    dmp_set_gyro_bias                        0x080049d5   Thumb Code   294  inv_mpu_dmp_motion_driver.o(i.dmp_set_gyro_bias)
    dmp_set_orientation                      0x08004b05   Thumb Code   290  inv_mpu_dmp_motion_driver.o(i.dmp_set_orientation)
    dmp_set_shake_reject_thresh              0x08004c3d   Thumb Code    56  inv_mpu_dmp_motion_driver.o(i.dmp_set_shake_reject_thresh)
    dmp_set_shake_reject_time                0x08004c75   Thumb Code    38  inv_mpu_dmp_motion_driver.o(i.dmp_set_shake_reject_time)
    dmp_set_shake_reject_timeout             0x08004c9b   Thumb Code    38  inv_mpu_dmp_motion_driver.o(i.dmp_set_shake_reject_timeout)
    dmp_set_tap_axes                         0x08004cc1   Thumb Code    70  inv_mpu_dmp_motion_driver.o(i.dmp_set_tap_axes)
    dmp_set_tap_count                        0x08004d07   Thumb Code    38  inv_mpu_dmp_motion_driver.o(i.dmp_set_tap_count)
    dmp_set_tap_thresh                       0x08004d2d   Thumb Code   396  inv_mpu_dmp_motion_driver.o(i.dmp_set_tap_thresh)
    dmp_set_tap_time                         0x08004ecd   Thumb Code    38  inv_mpu_dmp_motion_driver.o(i.dmp_set_tap_time)
    dmp_set_tap_time_multi                   0x08004ef3   Thumb Code    38  inv_mpu_dmp_motion_driver.o(i.dmp_set_tap_time_multi)
    fputc                                    0x08004f19   Thumb Code    32  usart2.o(i.fputc)
    inv_orientation_matrix_to_scalar         0x08005571   Thumb Code    40  inv_mpu.o(i.inv_orientation_matrix_to_scalar)
    inv_row_2_scale                          0x08005599   Thumb Code    78  inv_mpu.o(i.inv_row_2_scale)
    main                                     0x080055e9   Thumb Code   116  main.o(i.main)
    mget_ms                                  0x0800566d   Thumb Code     2  inv_mpu.o(i.mget_ms)
    mpu_configure_fifo                       0x08005671   Thumb Code   106  inv_mpu.o(i.mpu_configure_fifo)
    mpu_dmp_get_data                         0x080056e1   Thumb Code   544  inv_mpu.o(i.mpu_dmp_get_data)
    mpu_dmp_init                             0x08005905   Thumb Code   148  inv_mpu.o(i.mpu_dmp_init)
    mpu_get_accel_fsr                        0x0800599d   Thumb Code    72  inv_mpu.o(i.mpu_get_accel_fsr)
    mpu_get_accel_sens                       0x080059e9   Thumb Code    78  inv_mpu.o(i.mpu_get_accel_sens)
    mpu_get_fifo_config                      0x08005a3d   Thumb Code    12  inv_mpu.o(i.mpu_get_fifo_config)
    mpu_get_gyro_fsr                         0x08005a4d   Thumb Code    64  inv_mpu.o(i.mpu_get_gyro_fsr)
    mpu_get_gyro_sens                        0x08005a91   Thumb Code    58  inv_mpu.o(i.mpu_get_gyro_sens)
    mpu_get_lpf                              0x08005ae1   Thumb Code    74  inv_mpu.o(i.mpu_get_lpf)
    mpu_get_sample_rate                      0x08005b31   Thumb Code    26  inv_mpu.o(i.mpu_get_sample_rate)
    mpu_init                                 0x08005b51   Thumb Code   416  inv_mpu.o(i.mpu_init)
    mpu_load_firmware                        0x08005d41   Thumb Code   180  inv_mpu.o(i.mpu_load_firmware)
    mpu_lp_accel_mode                        0x08005df9   Thumb Code   218  inv_mpu.o(i.mpu_lp_accel_mode)
    mpu_read_fifo_stream                     0x08005ed9   Thumb Code   186  inv_mpu.o(i.mpu_read_fifo_stream)
    mpu_read_mem                             0x08005f99   Thumb Code   122  inv_mpu.o(i.mpu_read_mem)
    mpu_reset_fifo                           0x08006019   Thumb Code   450  inv_mpu.o(i.mpu_reset_fifo)
    mpu_run_self_test                        0x080061e1   Thumb Code   278  inv_mpu.o(i.mpu_run_self_test)
    mpu_set_accel_fsr                        0x080062fd   Thumb Code   126  inv_mpu.o(i.mpu_set_accel_fsr)
    mpu_set_bypass                           0x08006381   Thumb Code   328  inv_mpu.o(i.mpu_set_bypass)
    mpu_set_dmp_state                        0x080064cd   Thumb Code   138  inv_mpu.o(i.mpu_set_dmp_state)
    mpu_set_gyro_fsr                         0x0800655d   Thumb Code   132  inv_mpu.o(i.mpu_set_gyro_fsr)
    mpu_set_int_latched                      0x080065e5   Thumb Code   102  inv_mpu.o(i.mpu_set_int_latched)
    mpu_set_lpf                              0x08006651   Thumb Code   126  inv_mpu.o(i.mpu_set_lpf)
    mpu_set_sample_rate                      0x080066d5   Thumb Code   152  inv_mpu.o(i.mpu_set_sample_rate)
    mpu_set_sensors                          0x08006771   Thumb Code   202  inv_mpu.o(i.mpu_set_sensors)
    mpu_write_mem                            0x08006841   Thumb Code   122  inv_mpu.o(i.mpu_write_mem)
    run_self_test                            0x080068c1   Thumb Code   148  inv_mpu.o(i.run_self_test)
    sqrt                                     0x080069e5   Thumb Code    76  sqrt.o(i.sqrt)
    uart1_init                               0x08006a31   Thumb Code   152  usart.o(i.uart1_init)
    reg                                      0x080076c8   Data          27  inv_mpu.o(.constdata)
    hw                                       0x080076e4   Data          12  inv_mpu.o(.constdata)
    test                                     0x080076f0   Data          40  inv_mpu.o(.constdata)
    F6x8                                     0x08007718   Data         552  oled.o(.constdata)
    F8X16                                    0x08007940   Data        1520  oled.o(.constdata)
    __mathlib_zero                           0x08008018   Data           8  qnan.o(.constdata)
    __ctype_categories                       0x08008020   Data          64  ctype_c.o(.constdata)
    Region$$Table$$Base                      0x080080b0   Number         0  anon$$obj.o(Region$$Table)
    Region$$Table$$Limit                     0x080080d0   Number         0  anon$$obj.o(Region$$Table)
    Target_Speed                             0x20000000   Data           4  main.o(.data)
    gyrox                                    0x20000004   Data           2  main.o(.data)
    gyroy                                    0x20000006   Data           2  main.o(.data)
    gyroz                                    0x20000008   Data           2  main.o(.data)
    Pitch                                    0x2000000c   Data           4  main.o(.data)
    Roll                                     0x20000010   Data           4  main.o(.data)
    Yaw                                      0x20000014   Data           4  main.o(.data)
    Encoder_Left                             0x20000018   Data           4  main.o(.data)
    Encoder_Right                            0x2000001c   Data           4  main.o(.data)
    Flag_Stop                                0x20000020   Data           1  main.o(.data)
    Flag_jingzhi                             0x20000021   Data           1  main.o(.data)
    Flag_front                               0x20000022   Data           1  main.o(.data)
    Flag_back                                0x20000023   Data           1  main.o(.data)
    Flag_Left                                0x20000024   Data           1  main.o(.data)
    Flag_Right                               0x20000025   Data           1  main.o(.data)
    Flag_Turn_jingzhi                        0x20000026   Data           1  main.o(.data)
    Speed_Times                              0x20000027   Data           1  main.o(.data)
    Flag_OpenMv_right                        0x20000028   Data           1  main.o(.data)
    Flag_OpenMv_left                         0x20000029   Data           1  main.o(.data)
    Flag_xunji                               0x2000002a   Data           1  main.o(.data)
    Flag_yaokong                             0x2000002b   Data           1  main.o(.data)
    Med_Angle                                0x20000064   Data           4  control.o(.data)
    Vertical_Kp                              0x20000068   Data           4  control.o(.data)
    Vertical_Kd                              0x2000006c   Data           4  control.o(.data)
    Velocity_Kp                              0x20000070   Data           4  control.o(.data)
    Velocity_Ki                              0x20000074   Data           4  control.o(.data)
    Turn_Kp                                  0x20000078   Data           4  control.o(.data)
    Turn_Kd                                  0x2000007c   Data           4  control.o(.data)
    Vertical_out                             0x20000080   Data           4  control.o(.data)
    Velocity_out                             0x20000084   Data           4  control.o(.data)
    Turn_out                                 0x20000088   Data           4  control.o(.data)
    measure                                  0x2000008c   Data           4  control.o(.data)
    motor1                                   0x20000090   Data           4  control.o(.data)
    motor2                                   0x20000094   Data           4  control.o(.data)
    theta                                    0x200000bc   Data           4  openmv.o(.data)
    rho                                      0x200000c0   Data           4  openmv.o(.data)
    USART_RX_STA                             0x200000c5   Data           1  usart.o(.data)
    Usart1_Receive                           0x200000c6   Data           1  usart.o(.data)
    SystemCoreClock                          0x200000cc   Data           4  system_stm32f10x.o(.data)
    AHBPrescTable                            0x200000d0   Data          16  system_stm32f10x.o(.data)
    __stdout                                 0x200000f4   Data           4  stdout.o(.data)
    __initial_sp                             0x20000518   Data           0  startup_stm32f10x_md.o(STACK)



==============================================================================

Memory Map of the image

  Image Entry point : 0x080000ed

  Load Region LR_IROM1 (Base: 0x08000000, Size: 0x000081cc, Max: 0x00010000, ABSOLUTE)

    Execution Region ER_IROM1 (Exec base: 0x08000000, Load base: 0x08000000, Size: 0x000080d0, Max: 0x00010000, ABSOLUTE)

    Exec Addr    Load Addr    Size         Type   Attr      Idx    E Section Name        Object

    0x08000000   0x08000000   0x000000ec   Data   RO         1416    RESET               startup_stm32f10x_md.o
    0x080000ec   0x080000ec   0x00000000   Code   RO         4539  * .ARM.Collect$$$$00000000  mc_w.l(entry.o)
    0x080000ec   0x080000ec   0x00000004   Code   RO         4890    .ARM.Collect$$$$00000001  mc_w.l(entry2.o)
    0x080000f0   0x080000f0   0x00000004   Code   RO         4893    .ARM.Collect$$$$00000004  mc_w.l(entry5.o)
    0x080000f4   0x080000f4   0x00000000   Code   RO         4895    .ARM.Collect$$$$00000008  mc_w.l(entry7b.o)
    0x080000f4   0x080000f4   0x00000000   Code   RO         4897    .ARM.Collect$$$$0000000A  mc_w.l(entry8b.o)
    0x080000f4   0x080000f4   0x00000008   Code   RO         4898    .ARM.Collect$$$$0000000B  mc_w.l(entry9a.o)
    0x080000fc   0x080000fc   0x00000000   Code   RO         4900    .ARM.Collect$$$$0000000D  mc_w.l(entry10a.o)
    0x080000fc   0x080000fc   0x00000000   Code   RO         4902    .ARM.Collect$$$$0000000F  mc_w.l(entry11a.o)
    0x080000fc   0x080000fc   0x00000004   Code   RO         4891    .ARM.Collect$$$$00002712  mc_w.l(entry2.o)
    0x08000100   0x08000100   0x00000024   Code   RO         1417    .text               startup_stm32f10x_md.o
    0x08000124   0x08000124   0x00000062   Code   RO         4542    .text               mc_w.l(ldiv.o)
    0x08000186   0x08000186   0x00000024   Code   RO         4544    .text               mc_w.l(memseta.o)
    0x080001aa   0x080001aa   0x0000001a   Code   RO         4546    .text               mc_w.l(memcmp.o)
    0x080001c4   0x080001c4   0x00000038   Code   RO         4809    .text               mc_w.l(__0sscanf.o)
    0x080001fc   0x080001fc   0x0000014c   Code   RO         4811    .text               mc_w.l(_scanf_int.o)
    0x08000348   0x08000348   0x000000e0   Code   RO         4813    .text               mc_w.l(_scanf_str.o)
    0x08000428   0x08000428   0x000000b0   Code   RO         4815    .text               mf_w.l(fadd.o)
    0x080004d8   0x080004d8   0x00000064   Code   RO         4817    .text               mf_w.l(fmul.o)
    0x0800053c   0x0800053c   0x0000007c   Code   RO         4819    .text               mf_w.l(fdiv.o)
    0x080005b8   0x080005b8   0x0000014e   Code   RO         4821    .text               mf_w.l(dadd.o)
    0x08000706   0x08000706   0x000000e4   Code   RO         4823    .text               mf_w.l(dmul.o)
    0x080007ea   0x080007ea   0x000000de   Code   RO         4825    .text               mf_w.l(ddiv.o)
    0x080008c8   0x080008c8   0x00000012   Code   RO         4827    .text               mf_w.l(fflti.o)
    0x080008da   0x080008da   0x0000000a   Code   RO         4829    .text               mf_w.l(ffltui.o)
    0x080008e4   0x080008e4   0x00000022   Code   RO         4831    .text               mf_w.l(dflti.o)
    0x08000906   0x08000906   0x00000032   Code   RO         4835    .text               mf_w.l(ffixi.o)
    0x08000938   0x08000938   0x00000028   Code   RO         4837    .text               mf_w.l(ffixui.o)
    0x08000960   0x08000960   0x0000003e   Code   RO         4839    .text               mf_w.l(dfixi.o)
    0x0800099e   0x0800099e   0x00000032   Code   RO         4841    .text               mf_w.l(dfixui.o)
    0x080009d0   0x080009d0   0x00000026   Code   RO         4843    .text               mf_w.l(f2d.o)
    0x080009f6   0x080009f6   0x00000002   PAD
    0x080009f8   0x080009f8   0x00000030   Code   RO         4845    .text               mf_w.l(cdcmple.o)
    0x08000a28   0x08000a28   0x00000038   Code   RO         4847    .text               mf_w.l(d2f.o)
    0x08000a60   0x08000a60   0x00000014   Code   RO         4849    .text               mf_w.l(cfcmple.o)
    0x08000a74   0x08000a74   0x00000014   Code   RO         4851    .text               mf_w.l(cfrcmple.o)
    0x08000a88   0x08000a88   0x00000062   Code   RO         4907    .text               mc_w.l(uldiv.o)
    0x08000aea   0x08000aea   0x0000001e   Code   RO         4909    .text               mc_w.l(llshl.o)
    0x08000b08   0x08000b08   0x00000020   Code   RO         4911    .text               mc_w.l(llushr.o)
    0x08000b28   0x08000b28   0x00000024   Code   RO         4913    .text               mc_w.l(llsshr.o)
    0x08000b4c   0x08000b4c   0x0000001c   Code   RO         4922    .text               mc_w.l(_chval.o)
    0x08000b68   0x08000b68   0x00000028   Code   RO         4924    .text               mc_w.l(scanf_char.o)
    0x08000b90   0x08000b90   0x00000040   Code   RO         4926    .text               mc_w.l(_sgetc.o)
    0x08000bd0   0x08000bd0   0x00000000   Code   RO         4928    .text               mc_w.l(iusefp.o)
    0x08000bd0   0x08000bd0   0x0000006e   Code   RO         4929    .text               mf_w.l(fepilogue.o)
    0x08000c3e   0x08000c3e   0x000000ba   Code   RO         4931    .text               mf_w.l(depilogue.o)
    0x08000cf8   0x08000cf8   0x0000002e   Code   RO         4933    .text               mf_w.l(dscalb.o)
    0x08000d26   0x08000d26   0x00000002   PAD
    0x08000d28   0x08000d28   0x00000024   Code   RO         4939    .text               mc_w.l(init.o)
    0x08000d4c   0x08000d4c   0x0000000a   Code   RO         4941    .text               mc_w.l(isspace_c.o)
    0x08000d56   0x08000d56   0x00000002   PAD
    0x08000d58   0x08000d58   0x0000032c   Code   RO         4943    .text               mc_w.l(_scanf.o)
    0x08001084   0x08001084   0x000000a2   Code   RO         4945    .text               mf_w.l(dsqrt.o)
    0x08001126   0x08001126   0x00000002   PAD
    0x08001128   0x08001128   0x00000028   Code   RO         4947    .text               mc_w.l(ctype_c.o)
    0x08001150   0x08001150   0x00000004   Code   RO          170    i.BusFault_Handler  stm32f10x_it.o
    0x08001154   0x08001154   0x0000002c   Code   RO         1298    i.Button_Init       button.o
    0x08001180   0x08001180   0x00000002   Code   RO          171    i.DebugMon_Handler  stm32f10x_it.o
    0x08001182   0x08001182   0x00000002   PAD
    0x08001184   0x08001184   0x00000180   Code   RO          894    i.EXTI9_5_IRQHandler  control.o
    0x08001304   0x08001304   0x0000000c   Code   RO         2310    i.EXTI_ClearITPendingBit  stm32f10x_exti.o
    0x08001310   0x08001310   0x00000028   Code   RO         2314    i.EXTI_GetITStatus  stm32f10x_exti.o
    0x08001338   0x08001338   0x00000094   Code   RO         2315    i.EXTI_Init         stm32f10x_exti.o
    0x080013cc   0x080013cc   0x00000098   Code   RO          930    i.Encoder_TIM2_Init  encoder.o
    0x08001464   0x08001464   0x00000098   Code   RO          931    i.Encoder_TIM4_Init  encoder.o
    0x080014fc   0x080014fc   0x00000010   Code   RO          984    i.GFP_abs           motor.o
    0x0800150c   0x0800150c   0x00000040   Code   RO         2669    i.GPIO_EXTILineConfig  stm32f10x_gpio.o
    0x0800154c   0x0800154c   0x00000116   Code   RO         2672    i.GPIO_Init         stm32f10x_gpio.o
    0x08001662   0x08001662   0x00000002   PAD
    0x08001664   0x08001664   0x00000090   Code   RO         2674    i.GPIO_PinRemapConfig  stm32f10x_gpio.o
    0x080016f4   0x080016f4   0x00000012   Code   RO         2676    i.GPIO_ReadInputDataBit  stm32f10x_gpio.o
    0x08001706   0x08001706   0x00000004   Code   RO         2679    i.GPIO_ResetBits    stm32f10x_gpio.o
    0x0800170a   0x0800170a   0x00000004   Code   RO         2680    i.GPIO_SetBits      stm32f10x_gpio.o
    0x0800170e   0x0800170e   0x00000004   Code   RO          172    i.HardFault_Handler  stm32f10x_it.o
    0x08001712   0x08001712   0x00000002   PAD
    0x08001714   0x08001714   0x0000003c   Code   RO          985    i.Limit             motor.o
    0x08001750   0x08001750   0x00000050   Code   RO          969    i.MPU6050_EXTI_Init  exti.o
    0x080017a0   0x080017a0   0x00000050   Code   RO          234    i.MPU_Get_Gyroscope  mpu6050.o
    0x080017f0   0x080017f0   0x0000004c   Code   RO          321    i.MPU_IIC_Ack       mpuiic.o
    0x0800183c   0x0800183c   0x0000000a   Code   RO          322    i.MPU_IIC_Delay     mpuiic.o
    0x08001846   0x08001846   0x00000002   PAD
    0x08001848   0x08001848   0x0000002c   Code   RO          323    i.MPU_IIC_Init      mpuiic.o
    0x08001874   0x08001874   0x0000004c   Code   RO          324    i.MPU_IIC_NAck      mpuiic.o
    0x080018c0   0x080018c0   0x0000006c   Code   RO          325    i.MPU_IIC_Read_Byte  mpuiic.o
    0x0800192c   0x0800192c   0x0000005c   Code   RO          326    i.MPU_IIC_Send_Byte  mpuiic.o
    0x08001988   0x08001988   0x00000048   Code   RO          327    i.MPU_IIC_Start     mpuiic.o
    0x080019d0   0x080019d0   0x00000048   Code   RO          328    i.MPU_IIC_Stop      mpuiic.o
    0x08001a18   0x08001a18   0x00000064   Code   RO          329    i.MPU_IIC_Wait_Ack  mpuiic.o
    0x08001a7c   0x08001a7c   0x0000007a   Code   RO          236    i.MPU_Init          mpu6050.o
    0x08001af6   0x08001af6   0x0000003a   Code   RO          237    i.MPU_Read_Byte     mpu6050.o
    0x08001b30   0x08001b30   0x00000074   Code   RO          238    i.MPU_Read_Len      mpu6050.o
    0x08001ba4   0x08001ba4   0x00000010   Code   RO          239    i.MPU_Set_Accel_Fsr  mpu6050.o
    0x08001bb4   0x08001bb4   0x00000010   Code   RO          240    i.MPU_Set_Gyro_Fsr  mpu6050.o
    0x08001bc4   0x08001bc4   0x0000003a   Code   RO          241    i.MPU_Set_LPF       mpu6050.o
    0x08001bfe   0x08001bfe   0x0000003a   Code   RO          242    i.MPU_Set_Rate      mpu6050.o
    0x08001c38   0x08001c38   0x00000044   Code   RO          243    i.MPU_Write_Byte    mpu6050.o
    0x08001c7c   0x08001c7c   0x00000060   Code   RO          244    i.MPU_Write_Len     mpu6050.o
    0x08001cdc   0x08001cdc   0x00000004   Code   RO          173    i.MemManage_Handler  stm32f10x_it.o
    0x08001ce0   0x08001ce0   0x0000002c   Code   RO          986    i.Motor_Init        motor.o
    0x08001d0c   0x08001d0c   0x00000002   Code   RO          174    i.NMI_Handler       stm32f10x_it.o
    0x08001d0e   0x08001d0e   0x0000007a   Code   RO         1313    i.NVIC_Config       sys.o
    0x08001d88   0x08001d88   0x00000070   Code   RO         1485    i.NVIC_Init         misc.o
    0x08001df8   0x08001df8   0x00000014   Code   RO         1486    i.NVIC_PriorityGroupConfig  misc.o
    0x08001e0c   0x08001e0c   0x0000003e   Code   RO         1040    i.OLED_Clear        oled.o
    0x08001e4a   0x08001e4a   0x00000002   PAD
    0x08001e4c   0x08001e4c   0x000001c0   Code   RO         1044    i.OLED_Float        oled.o
    0x0800200c   0x0800200c   0x00000030   Code   RO         1046    i.OLED_IIC_Start    oled.o
    0x0800203c   0x0800203c   0x00000028   Code   RO         1047    i.OLED_IIC_Stop     oled.o
    0x08002064   0x08002064   0x0000001c   Code   RO         1048    i.OLED_IIC_Wait_Ack  oled.o
    0x08002080   0x08002080   0x00000124   Code   RO         1049    i.OLED_Init         oled.o
    0x080021a4   0x080021a4   0x00000028   Code   RO         1056    i.OLED_Set_Pos      oled.o
    0x080021cc   0x080021cc   0x000000a4   Code   RO         1058    i.OLED_ShowChar     oled.o
    0x08002270   0x08002270   0x00000036   Code   RO         1060    i.OLED_ShowString   oled.o
    0x080022a6   0x080022a6   0x00000018   Code   RO         1061    i.OLED_WR_Byte      oled.o
    0x080022be   0x080022be   0x00000002   PAD
    0x080022c0   0x080022c0   0x0000005c   Code   RO         1062    i.OLED_Write_IIC_Byte  oled.o
    0x0800231c   0x0800231c   0x0000002c   Code   RO         1063    i.OLED_Write_IIC_Command  oled.o
    0x08002348   0x08002348   0x0000002c   Code   RO         1064    i.OLED_Write_IIC_Data  oled.o
    0x08002374   0x08002374   0x000000ac   Code   RO         1023    i.PWM_Init_TIM1     pwm.o
    0x08002420   0x08002420   0x00000002   Code   RO          175    i.PendSV_Handler    stm32f10x_it.o
    0x08002422   0x08002422   0x00000002   PAD
    0x08002424   0x08002424   0x00000020   Code   RO         3100    i.RCC_APB1PeriphClockCmd  stm32f10x_rcc.o
    0x08002444   0x08002444   0x00000020   Code   RO         3102    i.RCC_APB2PeriphClockCmd  stm32f10x_rcc.o
    0x08002464   0x08002464   0x000000d4   Code   RO         3110    i.RCC_GetClocksFreq  stm32f10x_rcc.o
    0x08002538   0x08002538   0x00000044   Code   RO          932    i.Read_Spead        encoder.o
    0x0800257c   0x0800257c   0x0000007c   Code   RO          987    i.SETPWM            motor.o
    0x080025f8   0x080025f8   0x00000002   Code   RO          176    i.SVC_Handler       stm32f10x_it.o
    0x080025fa   0x080025fa   0x00000008   Code   RO         1432    i.SetSysClock       system_stm32f10x.o
    0x08002602   0x08002602   0x00000002   PAD
    0x08002604   0x08002604   0x000000e0   Code   RO         1433    i.SetSysClockTo72   system_stm32f10x.o
    0x080026e4   0x080026e4   0x00000028   Code   RO         1489    i.SysTick_CLKSourceConfig  misc.o
    0x0800270c   0x0800270c   0x00000002   Code   RO          177    i.SysTick_Handler   stm32f10x_it.o
    0x0800270e   0x0800270e   0x00000002   PAD
    0x08002710   0x08002710   0x00000060   Code   RO         1435    i.SystemInit        system_stm32f10x.o
    0x08002770   0x08002770   0x00000080   Code   RO         3730    i.TI1_Config        stm32f10x_tim.o
    0x080027f0   0x080027f0   0x00000098   Code   RO         3731    i.TI2_Config        stm32f10x_tim.o
    0x08002888   0x08002888   0x00000090   Code   RO         3732    i.TI3_Config        stm32f10x_tim.o
    0x08002918   0x08002918   0x00000098   Code   RO         3733    i.TI4_Config        stm32f10x_tim.o
    0x080029b0   0x080029b0   0x00000018   Code   RO          933    i.TIM2_IRQHandler   encoder.o
    0x080029c8   0x080029c8   0x0000001c   Code   RO          934    i.TIM4_IRQHandler   encoder.o
    0x080029e4   0x080029e4   0x00000018   Code   RO         3734    i.TIM_ARRPreloadConfig  stm32f10x_tim.o
    0x080029fc   0x080029fc   0x00000006   Code   RO         3740    i.TIM_ClearFlag     stm32f10x_tim.o
    0x08002a02   0x08002a02   0x00000006   Code   RO         3741    i.TIM_ClearITPendingBit  stm32f10x_tim.o
    0x08002a08   0x08002a08   0x00000018   Code   RO         3746    i.TIM_Cmd           stm32f10x_tim.o
    0x08002a20   0x08002a20   0x0000001e   Code   RO         3748    i.TIM_CtrlPWMOutputs  stm32f10x_tim.o
    0x08002a3e   0x08002a3e   0x00000042   Code   RO         3755    i.TIM_EncoderInterfaceConfig  stm32f10x_tim.o
    0x08002a80   0x08002a80   0x00000006   Code   RO         3765    i.TIM_GetCounter    stm32f10x_tim.o
    0x08002a86   0x08002a86   0x00000022   Code   RO         3767    i.TIM_GetITStatus   stm32f10x_tim.o
    0x08002aa8   0x08002aa8   0x000000ac   Code   RO         3769    i.TIM_ICInit        stm32f10x_tim.o
    0x08002b54   0x08002b54   0x00000012   Code   RO         3770    i.TIM_ICStructInit  stm32f10x_tim.o
    0x08002b66   0x08002b66   0x00000012   Code   RO         3771    i.TIM_ITConfig      stm32f10x_tim.o
    0x08002b78   0x08002b78   0x00000098   Code   RO         3775    i.TIM_OC1Init       stm32f10x_tim.o
    0x08002c10   0x08002c10   0x00000012   Code   RO         3778    i.TIM_OC1PreloadConfig  stm32f10x_tim.o
    0x08002c22   0x08002c22   0x00000002   PAD
    0x08002c24   0x08002c24   0x0000007c   Code   RO         3790    i.TIM_OC4Init       stm32f10x_tim.o
    0x08002ca0   0x08002ca0   0x0000001a   Code   RO         3792    i.TIM_OC4PreloadConfig  stm32f10x_tim.o
    0x08002cba   0x08002cba   0x00000004   Code   RO         3807    i.TIM_SetCompare1   stm32f10x_tim.o
    0x08002cbe   0x08002cbe   0x00000006   Code   RO         3810    i.TIM_SetCompare4   stm32f10x_tim.o
    0x08002cc4   0x08002cc4   0x00000004   Code   RO         3811    i.TIM_SetCounter    stm32f10x_tim.o
    0x08002cc8   0x08002cc8   0x00000012   Code   RO         3812    i.TIM_SetIC1Prescaler  stm32f10x_tim.o
    0x08002cda   0x08002cda   0x0000001a   Code   RO         3813    i.TIM_SetIC2Prescaler  stm32f10x_tim.o
    0x08002cf4   0x08002cf4   0x00000012   Code   RO         3814    i.TIM_SetIC3Prescaler  stm32f10x_tim.o
    0x08002d06   0x08002d06   0x0000001a   Code   RO         3815    i.TIM_SetIC4Prescaler  stm32f10x_tim.o
    0x08002d20   0x08002d20   0x000000a4   Code   RO         3817    i.TIM_TimeBaseInit  stm32f10x_tim.o
    0x08002dc4   0x08002dc4   0x00000012   Code   RO         3818    i.TIM_TimeBaseStructInit  stm32f10x_tim.o
    0x08002dd6   0x08002dd6   0x00000002   PAD
    0x08002dd8   0x08002dd8   0x00000108   Code   RO          895    i.Turn              control.o
    0x08002ee0   0x08002ee0   0x0000004c   Code   RO          988    i.Turn_Off          motor.o
    0x08002f2c   0x08002f2c   0x000000f4   Code   RO         1338    i.USART1_IRQHandler  usart.o
    0x08003020   0x08003020   0x00000014   Code   RO         1234    i.USART2_IRQHandler  usart2.o
    0x08003034   0x08003034   0x00000110   Code   RO         1267    i.USART3_IRQHandler  openmv.o
    0x08003144   0x08003144   0x00000084   Code   RO         1268    i.USART3_Init       openmv.o
    0x080031c8   0x080031c8   0x0000001e   Code   RO         4282    i.USART_ClearITPendingBit  stm32f10x_usart.o
    0x080031e6   0x080031e6   0x00000018   Code   RO         4285    i.USART_Cmd         stm32f10x_usart.o
    0x080031fe   0x080031fe   0x0000001a   Code   RO         4288    i.USART_GetFlagStatus  stm32f10x_usart.o
    0x08003218   0x08003218   0x00000054   Code   RO         4289    i.USART_GetITStatus  stm32f10x_usart.o
    0x0800326c   0x0800326c   0x0000004a   Code   RO         4291    i.USART_ITConfig    stm32f10x_usart.o
    0x080032b6   0x080032b6   0x00000002   PAD
    0x080032b8   0x080032b8   0x000000d8   Code   RO         4292    i.USART_Init        stm32f10x_usart.o
    0x08003390   0x08003390   0x0000000a   Code   RO         4299    i.USART_ReceiveData  stm32f10x_usart.o
    0x0800339a   0x0800339a   0x00000008   Code   RO         4302    i.USART_SendData    stm32f10x_usart.o
    0x080033a2   0x080033a2   0x00000004   Code   RO          178    i.UsageFault_Handler  stm32f10x_it.o
    0x080033a6   0x080033a6   0x00000002   PAD
    0x080033a8   0x080033a8   0x000001bc   Code   RO          896    i.Velocity_PI       control.o
    0x08003564   0x08003564   0x0000004c   Code   RO          897    i.Vertical_PD       control.o
    0x080035b0   0x080035b0   0x00000020   Code   RO         4755    i.__0printf$8       mc_w.l(printf8.o)
    0x080035d0   0x080035d0   0x00000028   Code   RO         4877    i.__ARM_fpclassify  m_ws.l(fpclassify.o)
    0x080035f8   0x080035f8   0x000000aa   Code   RO         4879    i.__kernel_poly     m_ws.l(poly.o)
    0x080036a2   0x080036a2   0x00000006   Code   RO         4864    i.__mathlib_dbl_infnan  m_ws.l(dunder.o)
    0x080036a8   0x080036a8   0x00000004   Code   RO         4865    i.__mathlib_dbl_infnan2  m_ws.l(dunder.o)
    0x080036ac   0x080036ac   0x0000000c   Code   RO         4866    i.__mathlib_dbl_invalid  m_ws.l(dunder.o)
    0x080036b8   0x080036b8   0x00000010   Code   RO         4869    i.__mathlib_dbl_underflow  m_ws.l(dunder.o)
    0x080036c8   0x080036c8   0x0000000e   Code   RO         4952    i.__scatterload_copy  mc_w.l(handlers.o)
    0x080036d6   0x080036d6   0x00000002   Code   RO         4953    i.__scatterload_null  mc_w.l(handlers.o)
    0x080036d8   0x080036d8   0x0000000e   Code   RO         4954    i.__scatterload_zeroinit  mc_w.l(handlers.o)
    0x080036e6   0x080036e6   0x00000002   PAD
    0x080036e8   0x080036e8   0x0000000c   Code   RO         4917    i.__set_errno       mc_w.l(errno.o)
    0x080036f4   0x080036f4   0x00000410   Code   RO         4762    i._printf_core      mc_w.l(printf8.o)
    0x08003b04   0x08003b04   0x00000024   Code   RO         4763    i._printf_post_padding  mc_w.l(printf8.o)
    0x08003b28   0x08003b28   0x0000002e   Code   RO         4764    i._printf_pre_padding  mc_w.l(printf8.o)
    0x08003b56   0x08003b56   0x00000002   PAD
    0x08003b58   0x08003b58   0x000000a8   Code   RO          569    i.accel_self_test   inv_mpu.o
    0x08003c00   0x08003c00   0x00000270   Code   RO         4522    i.asin              m_ws.l(asin.o)
    0x08003e70   0x08003e70   0x00000220   Code   RO         4854    i.atan              m_ws.l(atan.o)
    0x08004090   0x08004090   0x00000180   Code   RO         4532    i.atan2             m_ws.l(atan2.o)
    0x08004210   0x08004210   0x00000014   Code   RO         1269    i.clear_RxBuffer    openmv.o
    0x08004224   0x08004224   0x00000064   Code   RO          381    i.decode_gesture    inv_mpu_dmp_motion_driver.o
    0x08004288   0x08004288   0x00000044   Code   RO         1364    i.delay_init        delay.o
    0x080042cc   0x080042cc   0x0000004c   Code   RO         1365    i.delay_ms          delay.o
    0x08004318   0x08004318   0x0000004c   Code   RO         1366    i.delay_us          delay.o
    0x08004364   0x08004364   0x0000003c   Code   RO          382    i.dmp_enable_6x_lp_quat  inv_mpu_dmp_motion_driver.o
    0x080043a0   0x080043a0   0x0000021c   Code   RO          383    i.dmp_enable_feature  inv_mpu_dmp_motion_driver.o
    0x080045bc   0x080045bc   0x00000058   Code   RO          384    i.dmp_enable_gyro_cal  inv_mpu_dmp_motion_driver.o
    0x08004614   0x08004614   0x0000003c   Code   RO          385    i.dmp_enable_lp_quat  inv_mpu_dmp_motion_driver.o
    0x08004650   0x08004650   0x00000018   Code   RO          390    i.dmp_load_motion_driver_firmware  inv_mpu_dmp_motion_driver.o
    0x08004668   0x08004668   0x000001cc   Code   RO          391    i.dmp_read_fifo     inv_mpu_dmp_motion_driver.o
    0x08004834   0x08004834   0x00000130   Code   RO          394    i.dmp_set_accel_bias  inv_mpu_dmp_motion_driver.o
    0x08004964   0x08004964   0x00000070   Code   RO          395    i.dmp_set_fifo_rate  inv_mpu_dmp_motion_driver.o
    0x080049d4   0x080049d4   0x00000130   Code   RO          396    i.dmp_set_gyro_bias  inv_mpu_dmp_motion_driver.o
    0x08004b04   0x08004b04   0x00000138   Code   RO          398    i.dmp_set_orientation  inv_mpu_dmp_motion_driver.o
    0x08004c3c   0x08004c3c   0x00000038   Code   RO          401    i.dmp_set_shake_reject_thresh  inv_mpu_dmp_motion_driver.o
    0x08004c74   0x08004c74   0x00000026   Code   RO          402    i.dmp_set_shake_reject_time  inv_mpu_dmp_motion_driver.o
    0x08004c9a   0x08004c9a   0x00000026   Code   RO          403    i.dmp_set_shake_reject_timeout  inv_mpu_dmp_motion_driver.o
    0x08004cc0   0x08004cc0   0x00000046   Code   RO          404    i.dmp_set_tap_axes  inv_mpu_dmp_motion_driver.o
    0x08004d06   0x08004d06   0x00000026   Code   RO          405    i.dmp_set_tap_count  inv_mpu_dmp_motion_driver.o
    0x08004d2c   0x08004d2c   0x000001a0   Code   RO          406    i.dmp_set_tap_thresh  inv_mpu_dmp_motion_driver.o
    0x08004ecc   0x08004ecc   0x00000026   Code   RO          407    i.dmp_set_tap_time  inv_mpu_dmp_motion_driver.o
    0x08004ef2   0x08004ef2   0x00000026   Code   RO          408    i.dmp_set_tap_time_multi  inv_mpu_dmp_motion_driver.o
    0x08004f18   0x08004f18   0x00000024   Code   RO         1237    i.fputc             usart2.o
    0x08004f3c   0x08004f3c   0x000000b4   Code   RO          570    i.get_accel_prod_shift  inv_mpu.o
    0x08004ff0   0x08004ff0   0x00000470   Code   RO          571    i.get_st_biases     inv_mpu.o
    0x08005460   0x08005460   0x00000110   Code   RO          572    i.gyro_self_test    inv_mpu.o
    0x08005570   0x08005570   0x00000028   Code   RO          573    i.inv_orientation_matrix_to_scalar  inv_mpu.o
    0x08005598   0x08005598   0x0000004e   Code   RO          574    i.inv_row_2_scale   inv_mpu.o
    0x080055e6   0x080055e6   0x00000002   PAD
    0x080055e8   0x080055e8   0x00000084   Code   RO            1    i.main              main.o
    0x0800566c   0x0800566c   0x00000002   Code   RO          575    i.mget_ms           inv_mpu.o
    0x0800566e   0x0800566e   0x00000002   PAD
    0x08005670   0x08005670   0x00000070   Code   RO          576    i.mpu_configure_fifo  inv_mpu.o
    0x080056e0   0x080056e0   0x00000224   Code   RO          577    i.mpu_dmp_get_data  inv_mpu.o
    0x08005904   0x08005904   0x00000098   Code   RO          578    i.mpu_dmp_init      inv_mpu.o
    0x0800599c   0x0800599c   0x0000004c   Code   RO          579    i.mpu_get_accel_fsr  inv_mpu.o
    0x080059e8   0x080059e8   0x00000054   Code   RO          581    i.mpu_get_accel_sens  inv_mpu.o
    0x08005a3c   0x08005a3c   0x00000010   Code   RO          586    i.mpu_get_fifo_config  inv_mpu.o
    0x08005a4c   0x08005a4c   0x00000044   Code   RO          587    i.mpu_get_gyro_fsr  inv_mpu.o
    0x08005a90   0x08005a90   0x00000050   Code   RO          589    i.mpu_get_gyro_sens  inv_mpu.o
    0x08005ae0   0x08005ae0   0x00000050   Code   RO          591    i.mpu_get_lpf       inv_mpu.o
    0x08005b30   0x08005b30   0x00000020   Code   RO          593    i.mpu_get_sample_rate  inv_mpu.o
    0x08005b50   0x08005b50   0x000001f0   Code   RO          595    i.mpu_init          inv_mpu.o
    0x08005d40   0x08005d40   0x000000b8   Code   RO          596    i.mpu_load_firmware  inv_mpu.o
    0x08005df8   0x08005df8   0x000000e0   Code   RO          597    i.mpu_lp_accel_mode  inv_mpu.o
    0x08005ed8   0x08005ed8   0x000000c0   Code   RO          600    i.mpu_read_fifo_stream  inv_mpu.o
    0x08005f98   0x08005f98   0x00000080   Code   RO          601    i.mpu_read_mem      inv_mpu.o
    0x08006018   0x08006018   0x000001c8   Code   RO          604    i.mpu_reset_fifo    inv_mpu.o
    0x080061e0   0x080061e0   0x0000011c   Code   RO          605    i.mpu_run_self_test  inv_mpu.o
    0x080062fc   0x080062fc   0x00000084   Code   RO          607    i.mpu_set_accel_fsr  inv_mpu.o
    0x08006380   0x08006380   0x0000014c   Code   RO          608    i.mpu_set_bypass    inv_mpu.o
    0x080064cc   0x080064cc   0x00000090   Code   RO          610    i.mpu_set_dmp_state  inv_mpu.o
    0x0800655c   0x0800655c   0x00000088   Code   RO          611    i.mpu_set_gyro_fsr  inv_mpu.o
    0x080065e4   0x080065e4   0x0000006c   Code   RO          612    i.mpu_set_int_latched  inv_mpu.o
    0x08006650   0x08006650   0x00000084   Code   RO          614    i.mpu_set_lpf       inv_mpu.o
    0x080066d4   0x080066d4   0x0000009c   Code   RO          615    i.mpu_set_sample_rate  inv_mpu.o
    0x08006770   0x08006770   0x000000d0   Code   RO          616    i.mpu_set_sensors   inv_mpu.o
    0x08006840   0x08006840   0x00000080   Code   RO          617    i.mpu_write_mem     inv_mpu.o
    0x080068c0   0x080068c0   0x00000094   Code   RO          618    i.run_self_test     inv_mpu.o
    0x08006954   0x08006954   0x00000090   Code   RO          619    i.set_int_enable    inv_mpu.o
    0x080069e4   0x080069e4   0x0000004c   Code   RO         4883    i.sqrt              m_ws.l(sqrt.o)
    0x08006a30   0x08006a30   0x000000a0   Code   RO         1339    i.uart1_init        usart.o
    0x08006ad0   0x08006ad0   0x00000bf6   Data   RO          410    .constdata          inv_mpu_dmp_motion_driver.o
    0x080076c6   0x080076c6   0x00000002   PAD
    0x080076c8   0x080076c8   0x00000050   Data   RO          621    .constdata          inv_mpu.o
    0x08007718   0x08007718   0x00000818   Data   RO         1068    .constdata          oled.o
    0x08007f30   0x08007f30   0x00000050   Data   RO         4523    .constdata          m_ws.l(asin.o)
    0x08007f80   0x08007f80   0x00000098   Data   RO         4855    .constdata          m_ws.l(atan.o)
    0x08008018   0x08008018   0x00000008   Data   RO         4881    .constdata          m_ws.l(qnan.o)
    0x08008020   0x08008020   0x00000040   Data   RO         4948    .constdata          mc_w.l(ctype_c.o)
    0x08008060   0x08008060   0x0000004d   Data   RO          622    .conststring        inv_mpu.o
    0x080080ad   0x080080ad   0x00000003   PAD
    0x080080b0   0x080080b0   0x00000020   Data   RO         4950    Region$$Table       anon$$obj.o


    Execution Region RW_IRAM1 (Exec base: 0x20000000, Load base: 0x080080d0, Size: 0x00000518, Max: 0x00005000, ABSOLUTE)

    Exec Addr    Load Addr    Size         Type   Attr      Idx    E Section Name        Object

    0x20000000   0x080080d0   0x0000002c   Data   RW            2    .data               main.o
    0x2000002c   0x080080fc   0x00000035   Data   RW          623    .data               inv_mpu.o
    0x20000061   0x08008131   0x00000003   PAD
    0x20000064   0x08008134   0x00000058   Data   RW          898    .data               control.o
    0x200000bc   0x0800818c   0x00000009   Data   RW         1271    .data               openmv.o
    0x200000c5   0x08008195   0x00000002   Data   RW         1341    .data               usart.o
    0x200000c7   0x08008197   0x00000001   PAD
    0x200000c8   0x08008198   0x00000004   Data   RW         1367    .data               delay.o
    0x200000cc   0x0800819c   0x00000014   Data   RW         1436    .data               system_stm32f10x.o
    0x200000e0   0x080081b0   0x00000014   Data   RW         3130    .data               stm32f10x_rcc.o
    0x200000f4   0x080081c4   0x00000004   Data   RW         4904    .data               mc_w.l(stdout.o)
    0x200000f8   0x080081c8   0x00000004   Data   RW         4918    .data               mc_w.l(errno.o)
    0x200000fc        -       0x00000010   Zero   RW          409    .bss                inv_mpu_dmp_motion_driver.o
    0x2000010c        -       0x0000000a   Zero   RW         1270    .bss                openmv.o
    0x20000116   0x080081cc   0x00000002   PAD
    0x20000118        -       0x00000400   Zero   RW         1414    STACK               startup_stm32f10x_md.o


==============================================================================

Image component sizes


      Code (inc. data)   RO Data    RW Data    ZI Data      Debug   Object Name

        44          6          0          0          0        454   button.o
      1168        234          0         88          0       3353   control.o
       220         26          0          4          0       1519   delay.o
       424         22          0          0          0       2681   encoder.o
        80          6          0          0          0        508   exti.o
      6856        288        157         53          0      29660   inv_mpu.o
      3096        122       3062          0         16      19890   inv_mpu_dmp_motion_driver.o
       132         16          0         44          0     255884   main.o
       172         22          0          0          0       3425   misc.o
       320         40          0          0          0       2539   motor.o
       688          0          0          0          0       6423   mpu6050.o
       650        100          0          0          0       4458   mpuiic.o
      1380         44       2072          0          0       8377   oled.o
       424         48          0          9         10       2287   openmv.o
       172         10          0          0          0        696   pwm.o
        36          8        236          0       1024        788   startup_stm32f10x_md.o
       200         18          0          0          0       3972   stm32f10x_exti.o
       512         10          0          0          0      12984   stm32f10x_gpio.o
        26          0          0          0          0       3478   stm32f10x_it.o
       276         32          0         20          0      12814   stm32f10x_rcc.o
      1584        180          0          0          0      36300   stm32f10x_tim.o
       472          6          0          0          0      12247   stm32f10x_usart.o
       122          0          0          0          0        490   sys.o
       328         28          0         20          0       1985   system_stm32f10x.o
       404         44          0          2          0       1828   usart.o
        56         10          0          0          0        960   usart2.o

    ----------------------------------------------------------------------
     19872       1320       5564        244       1052     430000   Object Totals
         0          0         32          0          0          0   (incl. Generated)
        30          0          5          4          2          0   (incl. Padding)

    ----------------------------------------------------------------------

      Code (inc. data)   RO Data    RW Data    ZI Data      Debug   Library Member Name

       624         52         80          0          0        168   asin.o
       544         70        152          0          0        124   atan.o
       384         38          0          0          0        144   atan2.o
        38          6          0          0          0        272   dunder.o
        40          0          0          0          0         68   fpclassify.o
       170          0          0          0          0         96   poly.o
         0          0          8          0          0          0   qnan.o
        76          0          0          0          0         84   sqrt.o
        56          8          0          0          0         84   __0sscanf.o
        28          0          0          0          0         68   _chval.o
       812          4          0          0          0        112   _scanf.o
       332          0          0          0          0         96   _scanf_int.o
       224          0          0          0          0         96   _scanf_str.o
        64          0          0          0          0         84   _sgetc.o
        40          6         64          0          0         68   ctype_c.o
         0          0          0          0          0          0   entry.o
         0          0          0          0          0          0   entry10a.o
         0          0          0          0          0          0   entry11a.o
         8          4          0          0          0          0   entry2.o
         4          0          0          0          0          0   entry5.o
         0          0          0          0          0          0   entry7b.o
         0          0          0          0          0          0   entry8b.o
         8          4          0          0          0          0   entry9a.o
        12          6          0          4          0         68   errno.o
        30          0          0          0          0          0   handlers.o
        36          8          0          0          0         68   init.o
        10          0          0          0          0         68   isspace_c.o
         0          0          0          0          0          0   iusefp.o
        98          0          0          0          0         84   ldiv.o
        30          0          0          0          0         68   llshl.o
        36          0          0          0          0         68   llsshr.o
        32          0          0          0          0         68   llushr.o
        26          0          0          0          0         80   memcmp.o
        36          0          0          0          0        108   memseta.o
      1154         54          0          0          0        352   printf8.o
        40          8          0          0          0         84   scanf_char.o
         0          0          0          4          0          0   stdout.o
        98          0          0          0          0         92   uldiv.o
        48          0          0          0          0         68   cdcmple.o
        20          0          0          0          0         68   cfcmple.o
        20          0          0          0          0         68   cfrcmple.o
        56          0          0          0          0         88   d2f.o
       334          0          0          0          0        148   dadd.o
       222          0          0          0          0        100   ddiv.o
       186          0          0          0          0        176   depilogue.o
        62          0          0          0          0         80   dfixi.o
        50          0          0          0          0         76   dfixui.o
        34          0          0          0          0         76   dflti.o
       228          0          0          0          0         96   dmul.o
        46          0          0          0          0         80   dscalb.o
       162          0          0          0          0        100   dsqrt.o
        38          0          0          0          0         68   f2d.o
       176          0          0          0          0        140   fadd.o
       124          0          0          0          0         88   fdiv.o
       110          0          0          0          0        168   fepilogue.o
        50          0          0          0          0         68   ffixi.o
        40          0          0          0          0         68   ffixui.o
        18          0          0          0          0         68   fflti.o
        10          0          0          0          0         68   ffltui.o
       100          0          0          0          0         76   fmul.o

    ----------------------------------------------------------------------
      7236        268        304          8          0       4808   Library Totals
        12          0          0          0          0          0   (incl. Padding)

    ----------------------------------------------------------------------

      Code (inc. data)   RO Data    RW Data    ZI Data      Debug   Library Name

      1876        166        240          0          0        956   m_ws.l
      3214        102         64          8          0       1816   mc_w.l
      2134          0          0          0          0       2036   mf_w.l

    ----------------------------------------------------------------------
      7236        268        304          8          0       4808   Library Totals

    ----------------------------------------------------------------------

==============================================================================


      Code (inc. data)   RO Data    RW Data    ZI Data      Debug   

     27108       1588       5868        252       1052     423260   Grand Totals
     27108       1588       5868        252       1052     423260   ELF Image Totals
     27108       1588       5868        252          0          0   ROM Totals

==============================================================================

    Total RO  Size (Code + RO Data)                32976 (  32.20kB)
    Total RW  Size (RW Data + ZI Data)              1304 (   1.27kB)
    Total ROM Size (Code + RO Data + RW Data)      33228 (  32.45kB)

==============================================================================

